<html>
<body>
<pre>
<h1>µVision Build Log</h1>
<h2>Tool Versions:</h2>
IDE-Version: µVision V5.28.0.0
Copyright (C) 2019 ARM Ltd and ARM Germany GmbH. All rights reserved.
License Information: 1 1, 1, LIC=EPPJJ-U193A-670RS-LXGE8-68JHV-1HF1D
 
Tool Versions:
Toolchain:       MDK-ARM Professional  Version: 5.28.0.0
Toolchain Path:  C:\Keil_v5\ARM\ARMCC\Bin
C Compiler:      Armcc.exe V5.06 update 6 (build 750)
Assembler:       Armasm.exe V5.06 update 6 (build 750)
Linker/Locator:  ArmLink.exe V5.06 update 6 (build 750)
Library Manager: ArmAr.exe V5.06 update 6 (build 750)
Hex Converter:   FromElf.exe V5.06 update 6 (build 750)
CPU DLL:         SARMCM3.DLL V5.28.0.0
Dialog DLL:      DARMCM1.DLL V1.19.2.0
Target DLL:      Segger\JL2CM3.dll V2.99.36.0
Dialog DLL:      TARMCM1.DLL V1.14.1.0
 
<h2>Project:</h2>
D:\User\dropbox_nsel16zp\ZERDLab Dropbox\CurrentProject\SoundSensor\Firmware\git_SS\SoundSensor_SPS_DA\projects\target_apps\dsps\dsps_device\Keil_5\dsps_device_ss.uvprojx
Project File Date:  09/21/2022

<h2>Output:</h2>
*** Using Compiler 'V5.06 update 6 (build 750)', folder: 'C:\Keil_v5\ARM\ARMCC\Bin'
Build target 'SoundSensor_Fix'
compiling hardfault_handler.c...
compiling gpio.c...
compiling arch_main.c...
compiling arch_system.c...
compiling user_sps_device_config.c...
compiling app_suotar.c...
compiling rwble.c...
compiling user_spss.c...
compiling user_spss_task.c...
compiling user_periph_setup.c...
compiling user_sps_utils.c...
compiling user_sps_device_dma.c...
compiling remote_config_task.c...
compiling user_config_storage.c...
compiling user_sps_buffer_dma.c...
compiling SS_InterfaceToBLE.c...
compiling user_sps_schedule_dma.c...
compiling SPI_ADC.c...
linking...
Program Size: Code=21570 RO-data=2486 RW-data=888 ZI-data=14468  
FromELF: creating hex file...
".\SoundSensor_Fix\SS_Fix.axf" - 0 Error(s), 0 Warning(s).

<h2>Software Packages used:</h2>

Package Vendor: ARM
                http://www.keil.com/pack/ARM.CMSIS.5.7.0.pack
                ARM.CMSIS.5.7.0
                CMSIS (Cortex Microcontroller Software Interface Standard)

<h2>Collection of Component include folders:</h2>
  .\RTE\_SoundSensor_Fix
  C:\Users\RD\AppData\Local\Arm\Packs\ARM\CMSIS\5.7.0\Device\ARM\ARMCM0plus\Include

<h2>Collection of Component Files used:</h2>
Build Time Elapsed:  00:00:04
</pre>
</body>
</html>
