<html>
<body>
<pre>
<h1>µVision Build Log</h1>
<h2>Tool Versions:</h2>
IDE-Version: µVision V5.28.0.0
Copyright (C) 2019 ARM Ltd and ARM Germany GmbH. All rights reserved.
License Information: 1 1, 1, LIC=NHYHL-0KXUH-JPIZQ-NTCI2-NA0ND-Q2DKC
 
Tool Versions:
Toolchain:       MDK-ARM Professional  Version: 5.28.0.0
Toolchain Path:  D:\Keil_v5\ARM\ARMCC\Bin
C Compiler:      Armcc.exe V5.06 update 6 (build 750)
Assembler:       Armasm.exe V5.06 update 6 (build 750)
Linker/Locator:  ArmLink.exe V5.06 update 6 (build 750)
Library Manager: ArmAr.exe V5.06 update 6 (build 750)
Hex Converter:   FromElf.exe V5.06 update 6 (build 750)
CPU DLL:         SARMCM3.DLL V5.28.0.0
Dialog DLL:      DARMCM1.DLL V1.19.2.0
Target DLL:      Segger\JL2CM3.dll V2.99.36.0
Dialog DLL:      TARMCM1.DLL V1.14.1.0
 
<h2>Project:</h2>
D:\user\DropBox_Nsel\ZERDLab Dropbox\CurrentProject\SoundSensor\Firmware\git_SS\SoundSensor_SPS_DA\projects\target_apps\dsps\dsps_device\Keil_5\dsps_device_ss.uvprojx
Project File Date:  10/23/2022

<h2>Output:</h2>
*** Using Compiler 'V5.06 update 6 (build 750)', folder: 'D:\Keil_v5\ARM\ARMCC\Bin'
Build target 'SoundSensor_Fix'
assembling startup_DA14531.s...
compiling arch_console.c...
compiling nvds.c...
compiling nmi_handler.c...
compiling system_DA14531.c...
compiling hardfault_handler.c...
compiling jump_table.c...
compiling arch_sleep.c...
compiling hash.c...
compiling otp_cs.c...
compiling arch_main.c...
..\..\..\..\..\sdk6\sdk\platform\arch\main\arch_main.c(167): warning:  #177-D: variable "sleep_mode"  was declared but never referenced
      sleep_mode_t sleep_mode;
..\..\..\..\..\sdk6\sdk\platform\arch\main\arch_main.c(284): warning:  #177-D: function "arch_goto_sleep"  was declared but never referenced
  __STATIC_INLINE void arch_goto_sleep(sleep_mode_t current_sleep_mode)
..\..\..\..\..\sdk6\sdk\platform\arch\main\arch_main.c(378): warning:  #177-D: function "arch_resume_from_sleep"  was declared but never referenced
  __STATIC_INLINE void arch_resume_from_sleep(void)
..\..\..\..\..\sdk6\sdk\platform\arch\main\arch_main.c(505): warning:  #177-D: function "rwip_power_down"  was declared but never referenced
  __STATIC_INLINE sleep_mode_t rwip_power_down(void)
..\..\..\..\..\sdk6\sdk\platform\arch\main\arch_main.c(930): warning:  #177-D: function "app_asynch_proc"  was declared but never referenced
  __STATIC_INLINE arch_main_loop_callback_ret_t app_asynch_proc(void)
..\..\..\..\..\sdk6\sdk\platform\arch\main\arch_main.c(947): warning:  #177-D: function "app_asynch_sleep_proc"  was declared but never referenced
  __STATIC_INLINE void app_asynch_sleep_proc(void)
..\..\..\..\..\sdk6\sdk\platform\arch\main\arch_main.c: 6 warnings, 0 errors
compiling arch_rom.c...
compiling crc32.c...
compiling syscntl.c...
compiling wkupct_quadec.c...
compiling arch_system.c...
compiling gpio.c...
compiling trng.c...
compiling spi_flash.c...
compiling systick.c...
compiling dma.c...
compiling hw_otpc_531.c...
compiling uart.c...
compiling adc_531.c...
compiling spi_531.c...
compiling timer2.c...
compiling i2c.c...
compiling i2c_eeprom.c...
compiling rwip.c...
compiling rf_531.c...
compiling attm_db_128.c...
compiling ble_arp.c...
compiling custom_common.c...
compiling rwble.c...
compiling prf.c...
compiling suotar.c...
compiling prf_utils.c...
compiling suotar_task.c...
compiling app_security.c...
compiling diss_task.c...
compiling diss.c...
compiling app_default_handlers.c...
compiling app_security_task.c...
compiling app.c...
compiling app_task.c...
compiling app_msg_utils.c...
compiling app_easy_msg_utils.c...
compiling app_entry_point.c...
compiling app_easy_security.c...
compiling app_customs.c...
compiling app_easy_timer.c...
compiling app_customs_task.c...
compiling app_suotar_task.c...
compiling app_diss_task.c...
compiling app_customs_common.c...
compiling sps_server.c...
compiling app_diss.c...
compiling sps_server_task.c...
compiling app_suotar.c...
compiling user_sps_device_dma.c...
compiling user_periph_setup.c...
compiling user_sps_device_config.c...
compiling user_sps_buffer_dma.c...
compiling user_spss.c...
compiling user_sps_utils.c...
compiling user_spss_task.c...
compiling user_remote_config.c...
compiling remote_config.c...
compiling SS_InterfaceToBLE.c...
compiling user_remote_config_task.c...
compiling remote_config_task.c...
compiling user_config_storage.c...
compiling user_sps_schedule_dma.c...
compiling ADC_flash.c...
compiling mathfast.c...
compiling ss_i2c.c...
..\src\i2c\ss_i2c.c(45): warning:  #177-D: variable "buttonsState"  was declared but never referenced
  static uint8_t   buttonsState;
..\src\i2c\ss_i2c.c(73): warning:  #177-D: variable "ptrBuff"  was declared but never referenced
  static uint8_t* ptrBuff;
..\src\i2c\ss_i2c.c(75): warning:  #550-D: variable "err"  was set but never used
  static i2c_error_code err;
..\src\i2c\ss_i2c.c(315): warning:  #177-D: function "togglePowerState"  was declared but never referenced
  static void togglePowerState(void)
..\src\i2c\ss_i2c.c: 4 warnings, 0 errors
compiling SPI_ADC.c...
compiling FilterC_s19s29_CG1.c...
compiling FilterAC_s19s29_CG.c...
compiling MathSlow.c...
compiling ss_sys.c...
compiling ss_global.c...
compiling ss_main.c...
..\src\SS_arch\ss_main.c(19): warning:  #767-D: conversion from pointer to smaller integer
  	AF_V_WriteStart((uint16_t) ssm_main_ADC_prepare);	
..\src\SS_arch\ss_main.c: 1 warning, 0 errors
linking...
Program Size: Code=23916 RO-data=2536 RW-data=1024 ZI-data=12628  
FromELF: creating hex file...
".\SoundSensor_Fix\SS_Fix.axf" - 0 Error(s), 11 Warning(s).

<h2>Software Packages used:</h2>

Package Vendor: ARM
                http://www.keil.com/pack/ARM.CMSIS.5.7.0.pack
                ARM.CMSIS.5.7.0
                CMSIS (Cortex Microcontroller Software Interface Standard)

<h2>Collection of Component include folders:</h2>
  .\RTE\_SoundSensor_Fix
  D:\Keil_v5\Packs\ARM\CMSIS\5.7.0\Device\ARM\ARMCM0plus\Include

<h2>Collection of Component Files used:</h2>
Build Time Elapsed:  00:00:36
</pre>
</body>
</html>
