<html>
<body>
<pre>
<h1>µVision Build Log</h1>
<h2>Tool Versions:</h2>
IDE-Version: µVision V5.28.0.0
Copyright (C) 2019 ARM Ltd and ARM Germany GmbH. All rights reserved.
License Information: 1 1, 1, LIC=EPPJJ-U193A-670RS-LXGE8-68JHV-1HF1D
 
Tool Versions:
Toolchain:       MDK-ARM Professional  Version: 5.28.0.0
Toolchain Path:  C:\Keil_v5\ARM\ARMCC\Bin
C Compiler:      Armcc.exe V5.06 update 6 (build 750)
Assembler:       Armasm.exe V5.06 update 6 (build 750)
Linker/Locator:  ArmLink.exe V5.06 update 6 (build 750)
Library Manager: ArmAr.exe V5.06 update 6 (build 750)
Hex Converter:   FromElf.exe V5.06 update 6 (build 750)
CPU DLL:         SARMCM3.DLL V5.28.0.0
Dialog DLL:      DARMCM1.DLL V1.19.2.0
Target DLL:      Segger\JL2CM3.dll V2.99.36.0
Dialog DLL:      TARMCM1.DLL V1.14.1.0
 
<h2>Project:</h2>
D:\User\dropbox_nsel16zp\ZERDLab Dropbox\CurrentProject\SoundSensor\Firmware\git_SS\SoundSensor_SPS_DA\projects\target_apps\dsps\dsps_device\Keil_5\dsps_device.uvprojx
Project File Date:  09/07/2022

<h2>Output:</h2>
*** Using Compiler 'V5.06 update 6 (build 750)', folder: 'C:\Keil_v5\ARM\ARMCC\Bin'
Build target 'dsps_531'
assembling startup_DA14531.s...
compiling nmi_handler.c...
compiling nvds.c...
compiling system_DA14531.c...
compiling arch_console.c...
compiling hardfault_handler.c...
compiling arch_sleep.c...
compiling arch_main.c...
compiling hash.c...
compiling otp_cs.c...
compiling arch_rom.c...
compiling arch_system.c...
compiling crc32.c...
compiling jump_table.c...
compiling syscntl.c...
compiling gpio.c...
compiling spi_flash.c...
compiling dma.c...
compiling uart.c...
compiling trng.c...
compiling wkupct_quadec.c...
compiling spi_531.c...
compiling adc_531.c...
compiling hw_otpc_531.c...
compiling attm_db_128.c...
compiling rf_531.c...
compiling rwip.c...
compiling ble_arp.c...
compiling prf.c...
compiling prf_utils.c...
compiling custom_common.c...
compiling suotar_task.c...
compiling suotar.c...
compiling diss.c...
compiling diss_task.c...
compiling rwble.c...
compiling app_default_handlers.c...
compiling app_security_task.c...
compiling app_security.c...
compiling app.c...
compiling app_msg_utils.c...
compiling app_easy_msg_utils.c...
compiling app_task.c...
compiling app_entry_point.c...
compiling app_easy_security.c...
compiling app_easy_timer.c...
compiling app_customs.c...
compiling app_customs_task.c...
compiling app_customs_common.c...
compiling app_suotar_task.c...
compiling app_suotar.c...
compiling app_diss.c...
compiling app_diss_task.c...
compiling sps_server.c...
compiling sps_server_task.c...
compiling user_sps_device_config.c...
compiling user_spss.c...
compiling user_periph_setup.c...
compiling user_spss_task.c...
compiling user_sps_device_dma.c...
compiling user_sps_utils.c...
compiling dma_uart_sps.c...
compiling remote_config.c...
compiling user_remote_config.c...
compiling remote_config_task.c...
compiling user_sps_buffer_dma.c...
compiling user_sps_schedule_dma.c...
compiling SS_InterfaceToBLE.c...
compiling user_remote_config_task.c...
compiling user_config_storage.c...
linking...
Program Size: Code=25788 RO-data=2588 RW-data=880 ZI-data=10512  
FromELF: creating hex file...
".\out_531\dsps_device_531.axf" - 0 Error(s), 0 Warning(s).

<h2>Software Packages used:</h2>

Package Vendor: ARM
                http://www.keil.com/pack/ARM.CMSIS.5.7.0.pack
                ARM.CMSIS.5.7.0
                CMSIS (Cortex Microcontroller Software Interface Standard)

<h2>Collection of Component include folders:</h2>
  .\RTE\_dsps_531
  C:\Users\RD\AppData\Local\Arm\Packs\ARM\CMSIS\5.7.0\Device\ARM\ARMCM0plus\Include

<h2>Collection of Component Files used:</h2>
Build Time Elapsed:  00:00:17
</pre>
</body>
</html>
