<html>
<body>
<pre>
<h1>µVision Build Log</h1>
<h2>Tool Versions:</h2>
IDE-Version: µVision V5.28.0.0
Copyright (C) 2019 ARM Ltd and ARM Germany GmbH. All rights reserved.
License Information: 1 1, 1, LIC=NHYHL-0KXUH-JPIZQ-NTCI2-NA0ND-Q2DKC
 
Tool Versions:
Toolchain:       MDK-ARM Professional  Version: 5.28.0.0
Toolchain Path:  D:\Keil_v5\ARM\ARMCC\Bin
C Compiler:      Armcc.exe V5.06 update 6 (build 750)
Assembler:       Armasm.exe V5.06 update 6 (build 750)
Linker/Locator:  ArmLink.exe V5.06 update 6 (build 750)
Library Manager: ArmAr.exe V5.06 update 6 (build 750)
Hex Converter:   FromElf.exe V5.06 update 6 (build 750)
CPU DLL:         SARMCM3.DLL V5.28.0.0
Dialog DLL:      DARMCM1.DLL V1.19.2.0
Target DLL:      Segger\JL2CM3.dll V2.99.36.0
Dialog DLL:      TARMCM1.DLL V1.14.1.0
 
<h2>Project:</h2>
D:\user\DropBox_Nsel\ZERDLab Dropbox\CurrentProject\SoundSensor\Firmware\git_SS\SoundSensor_SPS_DA\projects\target_apps\dsps\dsps_device\Keil_5\dsps_device_ss.uvprojx
Project File Date:  10/11/2022

<h2>Output:</h2>
*** Using Compiler 'V5.06 update 6 (build 750)', folder: 'D:\Keil_v5\ARM\ARMCC\Bin'
Build target 'dsps_531'
assembling startup_DA14531.s...
compiling arch_console.c...
compiling nvds.c...
compiling nmi_handler.c...
compiling hardfault_handler.c...
compiling system_DA14531.c...
compiling jump_table.c...
compiling arch_sleep.c...
compiling hash.c...
compiling arch_main.c...
compiling arch_rom.c...
compiling crc32.c...
compiling otp_cs.c...
compiling arch_system.c...
compiling syscntl.c...
compiling trng.c...
compiling gpio.c...
compiling wkupct_quadec.c...
compiling spi_flash.c...
compiling systick.c...
compiling dma.c...
compiling uart.c...
compiling spi_531.c...
compiling adc_531.c...
compiling hw_otpc_531.c...
compiling timer2.c...
compiling i2c.c...
compiling i2c_eeprom.c...
compiling attm_db_128.c...
compiling rf_531.c...
compiling rwip.c...
compiling custom_common.c...
compiling rwble.c...
compiling ble_arp.c...
compiling suotar_task.c...
compiling suotar.c...
compiling prf.c...
compiling prf_utils.c...
compiling diss.c...
compiling diss_task.c...
compiling app_security.c...
compiling app_default_handlers.c...
compiling app_security_task.c...
compiling app.c...
compiling app_msg_utils.c...
compiling app_entry_point.c...
compiling app_task.c...
compiling app_easy_security.c...
compiling app_easy_timer.c...
compiling app_customs.c...
compiling app_easy_msg_utils.c...
compiling app_customs_common.c...
compiling app_customs_task.c...
compiling app_suotar.c...
compiling app_diss.c...
compiling app_diss_task.c...
compiling user_sps_device_config.c...
compiling app_suotar_task.c...
compiling sps_server.c...
compiling sps_server_task.c...
compiling user_spss.c...
compiling user_spss_task.c...
compiling user_sps_utils.c...
compiling user_sps_device_dma.c...
compiling user_sps_buffer_dma.c...
compiling user_periph_setup.c...
..\src\platform\user_periph_setup.c(225): warning:  #111-D: statement is unreachable
      SetBits16(PAD_LATCH_REG, PAD_LATCH_EN, 1);
..\src\platform\user_periph_setup.c: 1 warning, 0 errors
compiling user_sps_schedule_dma.c...
compiling remote_config.c...
compiling user_remote_config.c...
compiling SS_InterfaceToBLE.c...
compiling user_remote_config_task.c...
compiling remote_config_task.c...
compiling user_config_storage.c...
compiling SPI_ADC.c...
compiling ADC_flash.c...
compiling MathSlow.c...
compiling ss_sys.c...
compiling ss_i2c.c...
..\src\i2c\ss_i2c.c(62): warning:  #177-D: variable "ptrBuff"  was declared but never referenced
  static uint8_t* ptrBuff;
..\src\i2c\ss_i2c.c(65): warning:  #550-D: variable "err"  was set but never used
  static i2c_error_code err;
..\src\i2c\ss_i2c.c: 2 warnings, 0 errors
compiling mathfast.c...
compiling FilterC_s19s29_CG1.c...
compiling FilterAC_s19s29_CG.c...
linking...
Program Size: Code=20610 RO-data=2462 RW-data=884 ZI-data=12444  
FromELF: creating hex file...
".\out_531\dsps_device_531.axf" - 0 Error(s), 3 Warning(s).

<h2>Software Packages used:</h2>

Package Vendor: ARM
                http://www.keil.com/pack/ARM.CMSIS.5.7.0.pack
                ARM.CMSIS.5.7.0
                CMSIS (Cortex Microcontroller Software Interface Standard)

<h2>Collection of Component include folders:</h2>
  .\RTE\_dsps_531
  D:\Keil_v5\Packs\ARM\CMSIS\5.7.0\Device\ARM\ARMCM0plus\Include

<h2>Collection of Component Files used:</h2>
Build Time Elapsed:  00:00:37
</pre>
</body>
</html>
