<!doctype html public "-//w3c//dtd html 4.0 transitional//en">
<html><head>
<title>Static Call Graph - [.\out_531\dsps_device_531.axf]</title></head>
<body><HR>
<H1>Static Call Graph for image .\out_531\dsps_device_531.axf</H1><HR>
<BR><P>#&#060CALLGRAPH&#062# ARM Linker, 5060750: Last Updated: Sun Sep 18 01:55:33 2022
<BR><P>
<H3>Maximum Stack Usage =        364 bytes + Unknown(Cycles, Untraceable Function Pointers)</H3><H3>
Call chain for Maximum Stack Depth:</H3>
main &rArr; system_init_post &rArr; user_on_init &rArr; user_conf_storage_init &rArr; user_spi_flash_init &rArr; spi_flash_auto_detect &rArr; spi_flash_read_jedec_id &rArr; spi_flash_is_busy &rArr; spi_flash_read_status_reg &rArr; spi_transaction &rArr; spi_access
<P>
<H3>
Mutually Recursive functions
</H3> <LI><a href="#[22]">HardFault_HandlerC</a>&nbsp;&nbsp;&nbsp;&rArr;&nbsp;&nbsp;&nbsp;<a href="#[22]">HardFault_HandlerC</a><BR>
 <LI><a href="#[3]">SVC_Handler</a>&nbsp;&nbsp;&nbsp;&rArr;&nbsp;&nbsp;&nbsp;<a href="#[3]">SVC_Handler</a><BR>
 <LI><a href="#[4]">PendSV_Handler</a>&nbsp;&nbsp;&nbsp;&rArr;&nbsp;&nbsp;&nbsp;<a href="#[4]">PendSV_Handler</a><BR>
 <LI><a href="#[5]">SysTick_Handler</a>&nbsp;&nbsp;&nbsp;&rArr;&nbsp;&nbsp;&nbsp;<a href="#[5]">SysTick_Handler</a><BR>
 <LI><a href="#[e]">BLE_RF_DIAG_Handler</a>&nbsp;&nbsp;&nbsp;&rArr;&nbsp;&nbsp;&nbsp;<a href="#[e]">BLE_RF_DIAG_Handler</a><BR>
</UL>
<P>
<H3>
Function Pointers
</H3><UL>
 <LI><a href="#[c]">ADC_Handler</a> from adc_531.o(.text) referenced from startup_da14531.o(RESET)
 <LI><a href="#[e]">BLE_RF_DIAG_Handler</a> from startup_da14531.o(.text) referenced from startup_da14531.o(RESET)
 <LI><a href="#[6]">BLE_WAKEUP_LP_Handler</a> from rwble.o(.text) referenced from startup_da14531.o(RESET)
 <LI><a href="#[19]">DMA_Handler</a> from startup_da14531.o(.text) referenced from startup_da14531.o(RESET)
 <LI><a href="#[10]">GPIO0_Handler</a> from gpio.o(.text) referenced from startup_da14531.o(RESET)
 <LI><a href="#[11]">GPIO1_Handler</a> from startup_da14531.o(.text) referenced from startup_da14531.o(RESET)
 <LI><a href="#[12]">GPIO2_Handler</a> from startup_da14531.o(.text) referenced from startup_da14531.o(RESET)
 <LI><a href="#[13]">GPIO3_Handler</a> from startup_da14531.o(.text) referenced from startup_da14531.o(RESET)
 <LI><a href="#[14]">GPIO4_Handler</a> from startup_da14531.o(.text) referenced from startup_da14531.o(RESET)
 <LI><a href="#[2]">HardFault_Handler</a> from startup_da14531.o(.text) referenced from startup_da14531.o(RESET)
 <LI><a href="#[22]">HardFault_HandlerC</a> from hardfault_handler.o(.text) referenced from startup_da14531.o(.text)
 <LI><a href="#[a]">I2C_Handler</a> from startup_da14531.o(.text) referenced from startup_da14531.o(RESET)
 <LI><a href="#[4e]">JT_lld_test_mode_rx_func</a> from lld.o(.text) referenced from jump_table.o(.constdata)
 <LI><a href="#[d]">KEYBRD_Handler</a> from startup_da14531.o(.text) referenced from startup_da14531.o(RESET)
 <LI><a href="#[1]">NMI_Handler</a> from startup_da14531.o(.text) referenced from startup_da14531.o(RESET)
 <LI><a href="#[21]">NMI_HandlerC</a> from nmi_handler.o(.text) referenced from startup_da14531.o(.text)
 <LI><a href="#[64]">PK_PointMult_func</a> from da14531_symbols.txt(ABSOLUTE) referenced from jump_table.o(.constdata)
 <LI><a href="#[4]">PendSV_Handler</a> from startup_da14531.o(.text) referenced from startup_da14531.o(RESET)
 <LI><a href="#[d8]">RADIOCNTL_Handler</a> from ble_arp.o(.text) referenced from ble_arp.o(system_init_run_once)
 <LI><a href="#[1b]">RESERVED21_Handler</a> from startup_da14531.o(.text) referenced from startup_da14531.o(RESET)
 <LI><a href="#[1c]">RESERVED22_Handler</a> from startup_da14531.o(.text) referenced from startup_da14531.o(RESET)
 <LI><a href="#[1d]">RESERVED23_Handler</a> from startup_da14531.o(.text) referenced from startup_da14531.o(RESET)
 <LI><a href="#[f]">RFCAL_Handler</a> from startup_da14531.o(.text) referenced from startup_da14531.o(RESET)
 <LI><a href="#[18]">RTC_Handler</a> from startup_da14531.o(.text) referenced from startup_da14531.o(RESET)
 <LI><a href="#[0]">Reset_Handler</a> from startup_da14531.o(.text) referenced from startup_da14531.o(RESET)
 <LI><a href="#[b]">SPI_Handler</a> from startup_da14531.o(.text) referenced from startup_da14531.o(RESET)
 <LI><a href="#[3]">SVC_Handler</a> from startup_da14531.o(.text) referenced from startup_da14531.o(RESET)
 <LI><a href="#[17]">SWTIM1_Handler</a> from startup_da14531.o(.text) referenced from startup_da14531.o(RESET)
 <LI><a href="#[15]">SWTIM_Handler</a> from startup_da14531.o(.text) referenced from startup_da14531.o(RESET)
 <LI><a href="#[5]">SysTick_Handler</a> from startup_da14531.o(.text) referenced from startup_da14531.o(RESET)
 <LI><a href="#[1f]">SystemInit</a> from system_da14531.o(.text) referenced from startup_da14531.o(.text)
 <LI><a href="#[9]">UART2_Handler</a> from startup_da14531.o(.text) referenced from startup_da14531.o(RESET)
 <LI><a href="#[8]">UART_Handler</a> from da14531_symbols.txt(ABSOLUTE) referenced from startup_da14531.o(RESET)
 <LI><a href="#[2f]">UART_Handler_func</a> from da14531_symbols.txt(ABSOLUTE) referenced from jump_table.o(.constdata)
 <LI><a href="#[16]">WKUP_QUADEC_Handler</a> from wkupct_quadec.o(.text) referenced from startup_da14531.o(RESET)
 <LI><a href="#[1a]">XTAL32M_RDY_Handler</a> from startup_da14531.o(.text) referenced from startup_da14531.o(RESET)
 <LI><a href="#[20]">__main</a> from entry.o(.ARM.Collect$$$$00000000) referenced from startup_da14531.o(.text)
 <LI><a href="#[26]">adv_data_update_timer_cb</a> from ss_interfacetoble.o(.text) referenced from ss_interfacetoble.o(.text)
 <LI><a href="#[a1]">app_db_init_next</a> from app.o(.text) referenced from app_entry_point.o(.constdata)
 <LI><a href="#[7a]">app_diss_create_db</a> from app_diss.o(.text) referenced from app.o(.constdata)
 <LI><a href="#[9c]">app_diss_process_handler</a> from app_diss_task.o(.text) referenced from app_entry_point.o(.constdata)
 <LI><a href="#[a0]">app_easy_gap_dev_configure</a> from app.o(.text) referenced from app_entry_point.o(.constdata)
 <LI><a href="#[99]">app_gap_process_handler</a> from app_task.o(.text) referenced from app_entry_point.o(.constdata)
 <LI><a href="#[9b]">app_msg_utils_api_process_handler</a> from app_easy_msg_utils.o(.text) referenced from app_entry_point.o(.constdata)
 <LI><a href="#[7b]">app_suotar_create_db</a> from app_suotar.o(.text) referenced from app.o(.constdata)
 <LI><a href="#[9d]">app_suotar_process_handler</a> from app_suotar_task.o(.text) referenced from app_entry_point.o(.constdata)
 <LI><a href="#[9a]">app_timer_api_process_handler</a> from app_easy_timer.o(.text) referenced from app_entry_point.o(.constdata)
 <LI><a href="#[61]">attc_l2cc_pdu_recv_handler_func</a> from da14531_symbols.txt(ABSOLUTE) referenced from jump_table.o(.constdata)
 <LI><a href="#[60]">atts_l2cc_pdu_recv_handler_func</a> from da14531_symbols.txt(ABSOLUTE) referenced from jump_table.o(.constdata)
 <LI><a href="#[6f]">ba431_get_rand_func</a> from jump_table.o(.text) referenced from jump_table.o(.constdata)
 <LI><a href="#[73]">ble_init_arp_func</a> from ble_arp.o(system_init_run_once) referenced from jump_table.o(.constdata)
 <LI><a href="#[62]">crypto_init_func</a> from jump_table.o(.text) referenced from jump_table.o(.constdata)
 <LI><a href="#[57]">dbg_init_func_empty</a> from jump_table.o(.text) referenced from jump_table.o(.constdata)
 <LI><a href="#[58]">dbg_platform_reset_complete_func_empty</a> from jump_table.o(.text) referenced from jump_table.o(.constdata)
 <LI><a href="#[93]">default_app_on_get_dev_appearance</a> from app_default_handlers.o(.text) referenced from app_entry_point.o(.constdata)
 <LI><a href="#[92]">default_app_on_get_dev_name</a> from app_default_handlers.o(.text) referenced from app_entry_point.o(.constdata)
 <LI><a href="#[94]">default_app_on_get_dev_slv_pref_params</a> from app_default_handlers.o(.text) referenced from app_entry_point.o(.constdata)
 <LI><a href="#[8f]">default_app_on_set_dev_config_complete</a> from app_default_handlers.o(.text) referenced from app_entry_point.o(.constdata)
 <LI><a href="#[95]">default_app_on_set_dev_info</a> from app_default_handlers.o(.text) referenced from app_entry_point.o(.constdata)
 <LI><a href="#[97]">default_app_update_params_request</a> from app_default_handlers.o(.text) referenced from app_entry_point.o(.constdata)
 <LI><a href="#[6d]">dia_rand_func</a> from jump_table.o(.text) referenced from jump_table.o(.constdata)
 <LI><a href="#[6e]">dia_srand_func</a> from jump_table.o(.text) referenced from jump_table.o(.constdata)
 <LI><a href="#[74]">diss_prf_itf_get</a> from da14531_symbols.txt(ABSOLUTE) referenced from prf.o(.constdata)
 <LI><a href="#[a7]">diss_value_req_ind_handler</a> from app_diss_task.o(.text) referenced from app_diss_task.o(.constdata)
 <LI><a href="#[80]">gapc_cmp_evt_handler</a> from app_task.o(.text) referenced from app_task.o(.constdata)
 <LI><a href="#[81]">gapc_connection_req_ind_handler</a> from app_task.o(.text) referenced from app_task.o(.constdata)
 <LI><a href="#[82]">gapc_disconnect_ind_handler</a> from app_task.o(.text) referenced from app_task.o(.constdata)
 <LI><a href="#[83]">gapc_get_dev_info_req_ind_handler</a> from app_task.o(.text) referenced from app_task.o(.constdata)
 <LI><a href="#[88]">gapc_le_pkt_size_ind_handler_ROM</a> from da14531_symbols.txt(ABSOLUTE) referenced from app_task.o(.constdata)
 <LI><a href="#[5f]">gapc_lecb_connect_cfm_handler_func</a> from da14531_symbols.txt(ABSOLUTE) referenced from jump_table.o(.constdata)
 <LI><a href="#[87]">gapc_param_update_req_ind_handler_ROM</a> from da14531_symbols.txt(ABSOLUTE) referenced from app_task.o(.constdata)
 <LI><a href="#[8a]">gapc_peer_features_ind_handler_ROM</a> from da14531_symbols.txt(ABSOLUTE) referenced from app_task.o(.constdata)
 <LI><a href="#[84]">gapc_set_dev_info_req_ind_handler_ROM</a> from da14531_symbols.txt(ABSOLUTE) referenced from app_task.o(.constdata)
 <LI><a href="#[86]">gapm_adv_report_ind_handler_ROM</a> from da14531_symbols.txt(ABSOLUTE) referenced from app_task.o(.constdata)
 <LI><a href="#[7f]">gapm_cmp_evt_handler</a> from app_task.o(.text) referenced from app_task.o(.constdata)
 <LI><a href="#[7e]">gapm_device_ready_ind_handler</a> from app_task.o(.text) referenced from app_task.o(.constdata)
 <LI><a href="#[85]">gapm_profile_added_ind_handler_ROM</a> from da14531_symbols.txt(ABSOLUTE) referenced from app_task.o(.constdata)
 <LI><a href="#[ad]">gattc_cmp_evt_handler</a> from sps_server_task.o(.text) referenced from sps_server_task.o(.constdata)
 <LI><a href="#[b7]">gattc_mtu_changed_ind_handler</a> from user_spss_task.o(.text) referenced from user_spss_task.o(.constdata)
 <LI><a href="#[b1]">gattc_read_req_ind_handler</a> from sps_server_task.o(.text) referenced from sps_server_task.o(.constdata)
 <LI><a href="#[89]">gattc_svc_changed_cfg_ind_handler_ROM</a> from da14531_symbols.txt(ABSOLUTE) referenced from app_task.o(.constdata)
 <LI><a href="#[ae]">gattc_write_req_ind_handler</a> from sps_server_task.o(.text) referenced from sps_server_task.o(.constdata)
 <LI><a href="#[31]">gtl_eif_init_func</a> from da14531_symbols.txt(ABSOLUTE) referenced from jump_table.o(.constdata)
 <LI><a href="#[33]">gtl_eif_read_hdr_func</a> from da14531_symbols.txt(ABSOLUTE) referenced from jump_table.o(.constdata)
 <LI><a href="#[34]">gtl_eif_read_payl_func</a> from da14531_symbols.txt(ABSOLUTE) referenced from jump_table.o(.constdata)
 <LI><a href="#[32]">gtl_eif_read_start_func</a> from da14531_symbols.txt(ABSOLUTE) referenced from jump_table.o(.constdata)
 <LI><a href="#[36]">gtl_eif_rx_done_func</a> from da14531_symbols.txt(ABSOLUTE) referenced from jump_table.o(.constdata)
 <LI><a href="#[35]">gtl_eif_tx_done_func</a> from da14531_symbols.txt(ABSOLUTE) referenced from jump_table.o(.constdata)
 <LI><a href="#[30]">gtl_init_func</a> from da14531_symbols.txt(ABSOLUTE) referenced from jump_table.o(.constdata)
 <LI><a href="#[37]">h4tl_init_func</a> from da14531_symbols.txt(ABSOLUTE) referenced from jump_table.o(.constdata)
 <LI><a href="#[3c]">h4tl_out_of_sync_func</a> from da14531_symbols.txt(ABSOLUTE) referenced from jump_table.o(.constdata)
 <LI><a href="#[39]">h4tl_read_hdr_func</a> from da14531_symbols.txt(ABSOLUTE) referenced from jump_table.o(.constdata)
 <LI><a href="#[3b]">h4tl_read_next_out_of_sync_func</a> from da14531_symbols.txt(ABSOLUTE) referenced from jump_table.o(.constdata)
 <LI><a href="#[3a]">h4tl_read_payl_func</a> from da14531_symbols.txt(ABSOLUTE) referenced from jump_table.o(.constdata)
 <LI><a href="#[38]">h4tl_read_start_func</a> from da14531_symbols.txt(ABSOLUTE) referenced from jump_table.o(.constdata)
 <LI><a href="#[3e]">h4tl_rx_done_func</a> from da14531_symbols.txt(ABSOLUTE) referenced from jump_table.o(.constdata)
 <LI><a href="#[3d]">h4tl_tx_done_func</a> from da14531_symbols.txt(ABSOLUTE) referenced from jump_table.o(.constdata)
 <LI><a href="#[59]">hci_rd_local_supp_feats_cmd_handler_func</a> from da14531_symbols.txt(ABSOLUTE) referenced from jump_table.o(.constdata)
 <LI><a href="#[3f]">ke_task_init_func</a> from da14531_symbols.txt(ABSOLUTE) referenced from jump_table.o(.constdata)
 <LI><a href="#[40]">ke_timer_init_func</a> from da14531_symbols.txt(ABSOLUTE) referenced from jump_table.o(.constdata)
 <LI><a href="#[5d]">l2c_process_sdu_func</a> from da14531_symbols.txt(ABSOLUTE) referenced from jump_table.o(.constdata)
 <LI><a href="#[5c]">l2c_send_lecb_message_func</a> from da14531_symbols.txt(ABSOLUTE) referenced from jump_table.o(.constdata)
 <LI><a href="#[5a]">l2cc_pdu_pack_func</a> from da14531_symbols.txt(ABSOLUTE) referenced from jump_table.o(.constdata)
 <LI><a href="#[5e]">l2cc_pdu_recv_ind_handler_func</a> from da14531_symbols.txt(ABSOLUTE) referenced from jump_table.o(.constdata)
 <LI><a href="#[5b]">l2cc_pdu_unpack_func</a> from da14531_symbols.txt(ABSOLUTE) referenced from jump_table.o(.constdata)
 <LI><a href="#[69]">llc_le_length_conn_init_func</a> from da14531_symbols.txt(ABSOLUTE) referenced from jump_table.o(.constdata)
 <LI><a href="#[68]">llc_le_length_effective_func</a> from da14531_symbols.txt(ABSOLUTE) referenced from jump_table.o(.constdata)
 <LI><a href="#[6c]">llc_pdu_send_func</a> from da14531_symbols.txt(ABSOLUTE) referenced from jump_table.o(.constdata)
 <LI><a href="#[6b]">lld_data_tx_check_func</a> from da14531_symbols.txt(ABSOLUTE) referenced from jump_table.o(.constdata)
 <LI><a href="#[6a]">lld_data_tx_prog_func</a> from da14531_symbols.txt(ABSOLUTE) referenced from jump_table.o(.constdata)
 <LI><a href="#[48]">lld_sleep_compensate_func</a> from rwble.o(.text) referenced from jump_table.o(.constdata)
 <LI><a href="#[49]">lld_sleep_init_func</a> from arch_system.o(.text) referenced from jump_table.o(.constdata)
 <LI><a href="#[4b]">lld_sleep_lpcycles_2_us_sel_func</a> from arch_system.o(.text) referenced from jump_table.o(.constdata)
 <LI><a href="#[4a]">lld_sleep_us_2_lpcycles_sel_func</a> from arch_system.o(.text) referenced from jump_table.o(.constdata)
 <LI><a href="#[4d]">lld_test_mode_tx_func</a> from da14531_symbols.txt(ABSOLUTE) referenced from jump_table.o(.constdata)
 <LI><a href="#[4c]">lld_test_stop_func</a> from da14531_symbols.txt(ABSOLUTE) referenced from jump_table.o(.constdata)
 <LI><a href="#[66]">llm_create_p256_key_func</a> from da14531_symbols.txt(ABSOLUTE) referenced from jump_table.o(.constdata)
 <LI><a href="#[41]">llm_encryption_done_func</a> from da14531_symbols.txt(ABSOLUTE) referenced from jump_table.o(.constdata)
 <LI><a href="#[63]">llm_le_adv_report_ind_func</a> from da14531_symbols.txt(ABSOLUTE) referenced from jump_table.o(.constdata)
 <LI><a href="#[67]">llm_p256_req_handler_func</a> from da14531_symbols.txt(ABSOLUTE) referenced from jump_table.o(.constdata)
 <LI><a href="#[65]">llm_p256_start_func</a> from da14531_symbols.txt(ABSOLUTE) referenced from jump_table.o(.constdata)
 <LI><a href="#[1e]">main</a> from arch_main.o(.text) referenced from entry9a.o(.ARM.Collect$$$$0000000B)
 <LI><a href="#[44]">nvds_del_func</a> from da14531_symbols.txt(ABSOLUTE) referenced from jump_table.o(.constdata)
 <LI><a href="#[42]">nvds_get_func</a> from da14531_symbols.txt(ABSOLUTE) referenced from jump_table.o(.constdata)
 <LI><a href="#[45]">nvds_init_func</a> from da14531_symbols.txt(ABSOLUTE) referenced from jump_table.o(.constdata)
 <LI><a href="#[43]">nvds_put_func</a> from da14531_symbols.txt(ABSOLUTE) referenced from jump_table.o(.constdata)
 <LI><a href="#[47]">platform_reset_func</a> from jump_table.o(.text) referenced from jump_table.o(.constdata)
 <LI><a href="#[52]">prf_add_profile_func</a> from da14531_symbols.txt(ABSOLUTE) referenced from jump_table.o(.constdata)
 <LI><a href="#[54]">prf_cleanup_func</a> from da14531_symbols.txt(ABSOLUTE) referenced from jump_table.o(.constdata)
 <LI><a href="#[53]">prf_create_func</a> from prf.o(.text) referenced from jump_table.o(.constdata)
 <LI><a href="#[55]">prf_get_id_from_task_func</a> from da14531_symbols.txt(ABSOLUTE) referenced from jump_table.o(.constdata)
 <LI><a href="#[56]">prf_get_task_from_id_func</a> from da14531_symbols.txt(ABSOLUTE) referenced from jump_table.o(.constdata)
 <LI><a href="#[51]">prf_init_func</a> from prf.o(.text) referenced from jump_table.o(.constdata)
 <LI><a href="#[bc]">remote_config_cleanup</a> from remote_config.o(.text) referenced from remote_config.o(.constdata)
 <LI><a href="#[bb]">remote_config_create</a> from remote_config.o(.text) referenced from remote_config.o(.constdata)
 <LI><a href="#[ba]">remote_config_destroy</a> from remote_config.o(.text) referenced from remote_config.o(.constdata)
 <LI><a href="#[bf]">remote_config_enable_req_handler</a> from remote_config_task.o(.text) referenced from remote_config_task.o(.constdata)
 <LI><a href="#[c3]">remote_config_gattc_att_info_req_ind_handler</a> from remote_config_task.o(.text) referenced from remote_config_task.o(.constdata)
 <LI><a href="#[be]">remote_config_gattc_read_req_ind_handler</a> from remote_config_task.o(.text) referenced from remote_config_task.o(.constdata)
 <LI><a href="#[bd]">remote_config_gattc_write_req_ind_handler</a> from remote_config_task.o(.text) referenced from remote_config_task.o(.constdata)
 <LI><a href="#[b9]">remote_config_init</a> from remote_config.o(.text) referenced from remote_config.o(.constdata)
 <LI><a href="#[77]">remote_config_prf_itf_get</a> from remote_config.o(.text) referenced from prf.o(.constdata)
 <LI><a href="#[c0]">remote_discover_rsp_cmd_handler</a> from remote_config_task.o(.text) referenced from remote_config_task.o(.constdata)
 <LI><a href="#[c2]">remote_read_rsp_cmd_handler</a> from remote_config_task.o(.text) referenced from remote_config_task.o(.constdata)
 <LI><a href="#[c1]">remote_write_rsp_cmd_handler</a> from remote_config_task.o(.text) referenced from remote_config_task.o(.constdata)
 <LI><a href="#[d9]">rf_force_agc_enable</a> from ble_arp.o(.text) referenced from ble_arp.o(system_init_run_once)
 <LI><a href="#[27]">rf_init_func</a> from ble_arp.o(system_init_run_once) referenced from jump_table.o(.constdata)
 <LI><a href="#[d3]">rf_reg_rd</a> from ble_arp.o(.text) referenced from ble_arp.o(system_init_run_once)
 <LI><a href="#[d4]">rf_reg_wr</a> from ble_arp.o(.text) referenced from ble_arp.o(system_init_run_once)
 <LI><a href="#[28]">rf_reinit_func</a> from ble_arp.o(.text) referenced from jump_table.o(.constdata)
 <LI><a href="#[d7]">rf_reset</a> from ble_arp.o(.text) referenced from ble_arp.o(system_init_run_once)
 <LI><a href="#[da]">rf_rssi_convert</a> from ble_arp.o(.text) referenced from ble_arp.o(system_init_run_once)
 <LI><a href="#[d6]">rf_sleep</a> from ble_arp.o(.text) referenced from ble_arp.o(system_init_run_once)
 <LI><a href="#[d5]">rf_txpwr_dbm_get</a> from ble_arp.o(.text) referenced from ble_arp.o(system_init_run_once)
 <LI><a href="#[7]">rwble_isr</a> from rwble.o(.text) referenced from startup_da14531.o(RESET)
 <LI><a href="#[46]">rwip_eif_get_func</a> from da14531_symbols.txt(ABSOLUTE) referenced from jump_table.o(.constdata)
 <LI><a href="#[4f]">smpc_check_param_func</a> from da14531_symbols.txt(ABSOLUTE) referenced from jump_table.o(.constdata)
 <LI><a href="#[71]">smpc_dhkey_calc_ind_func</a> from da14531_symbols.txt(ABSOLUTE) referenced from jump_table.o(.constdata)
 <LI><a href="#[50]">smpc_pdu_recv_func</a> from da14531_symbols.txt(ABSOLUTE) referenced from jump_table.o(.constdata)
 <LI><a href="#[70]">smpc_public_key_exchange_start_func</a> from da14531_symbols.txt(ABSOLUTE) referenced from jump_table.o(.constdata)
 <LI><a href="#[72]">smpm_ecdh_key_create_func_empty</a> from jump_table.o(.text) referenced from jump_table.o(.constdata)
 <LI><a href="#[ab]">sps_cleanup</a> from sps_server.o(.text) referenced from sps_server.o(.constdata)
 <LI><a href="#[aa]">sps_create</a> from sps_server.o(.text) referenced from sps_server.o(.constdata)
 <LI><a href="#[a9]">sps_destroy</a> from sps_server.o(.text) referenced from sps_server.o(.constdata)
 <LI><a href="#[a8]">sps_init</a> from sps_server.o(.text) referenced from sps_server.o(.constdata)
 <LI><a href="#[af]">sps_server_data_tx_req_handler</a> from sps_server_task.o(.text) referenced from sps_server_task.o(.constdata)
 <LI><a href="#[ac]">sps_server_enable_req_handler</a> from sps_server_task.o(.text) referenced from sps_server_task.o(.constdata)
 <LI><a href="#[b0]">sps_server_rx_flow_ctrl_req_handler</a> from sps_server_task.o(.text) referenced from sps_server_task.o(.constdata)
 <LI><a href="#[76]">spss_prf_itf_get</a> from sps_server.o(.text) referenced from prf.o(.constdata)
 <LI><a href="#[a4]">suotar_gpio_map_ind_handler</a> from app_suotar_task.o(.text) referenced from app_suotar_task.o(.constdata)
 <LI><a href="#[a6]">suotar_patch_data_ind_handler</a> from app_suotar_task.o(.text) referenced from app_suotar_task.o(.constdata)
 <LI><a href="#[a5]">suotar_patch_len_ind_handler</a> from app_suotar_task.o(.text) referenced from app_suotar_task.o(.constdata)
 <LI><a href="#[a3]">suotar_patch_mem_dev_ind_handler</a> from app_suotar_task.o(.text) referenced from app_suotar_task.o(.constdata)
 <LI><a href="#[75]">suotar_prf_itf_get</a> from da14531_symbols.txt(ABSOLUTE) referenced from prf.o(.constdata)
 <LI><a href="#[23]">timer_canceled_handler</a> from app_easy_timer.o(.text) referenced from app_easy_timer.o(.text)
 <LI><a href="#[24]">timer_modified_handler</a> from app_easy_timer.o(.text) referenced from app_easy_timer.o(.text)
 <LI><a href="#[2c]">uart_finish_transfers_func</a> from da14531_symbols.txt(ABSOLUTE) referenced from jump_table.o(.constdata)
 <LI><a href="#[2b]">uart_flow_off_func</a> from da14531_symbols.txt(ABSOLUTE) referenced from jump_table.o(.constdata)
 <LI><a href="#[2a]">uart_flow_on_func</a> from da14531_symbols.txt(ABSOLUTE) referenced from jump_table.o(.constdata)
 <LI><a href="#[29]">uart_init_func</a> from da14531_symbols.txt(ABSOLUTE) referenced from jump_table.o(.constdata)
 <LI><a href="#[2d]">uart_read_func</a> from da14531_symbols.txt(ABSOLUTE) referenced from jump_table.o(.constdata)
 <LI><a href="#[2e]">uart_write_func</a> from da14531_symbols.txt(ABSOLUTE) referenced from jump_table.o(.constdata)
 <LI><a href="#[a2]">user_catch_rest_hndl</a> from user_sps_device_dma.o(.text) referenced from app_entry_point.o(.constdata)
 <LI><a href="#[90]">user_on_adv_undirect_complete</a> from user_sps_device_dma.o(.text) referenced from app_entry_point.o(.constdata)
 <LI><a href="#[8b]">user_on_connection</a> from user_sps_device_dma.o(.text) referenced from app_entry_point.o(.constdata)
 <LI><a href="#[96]">user_on_data_length_change</a> from user_sps_device_dma.o(.text) referenced from app_entry_point.o(.constdata)
 <LI><a href="#[91]">user_on_db_init_complete</a> from user_sps_device_dma.o(.text) referenced from app_entry_point.o(.constdata)
 <LI><a href="#[8c]">user_on_disconnect</a> from user_sps_device_dma.o(.text) referenced from app_entry_point.o(.constdata)
 <LI><a href="#[98]">user_on_gapc_peer_features_ind</a> from user_sps_device_dma.o(.text) referenced from app_entry_point.o(.constdata)
 <LI><a href="#[8e]">user_on_update_params_complete</a> from user_sps_device_dma.o(.text) referenced from app_entry_point.o(.constdata)
 <LI><a href="#[8d]">user_on_update_params_rejected</a> from user_sps_device_dma.o(.text) referenced from app_entry_point.o(.constdata)
 <LI><a href="#[b8]">user_on_updated_params_complete</a> from user_spss_task.o(.text) referenced from user_spss_task.o(.constdata)
 <LI><a href="#[78]">user_remote_config_create_db</a> from user_remote_config.o(.text) referenced 2 times from app.o(.constdata)
 <LI><a href="#[79]">user_remote_config_enable</a> from user_remote_config.o(.text) referenced 2 times from app.o(.constdata)
 <LI><a href="#[9f]">user_remote_config_process_handler</a> from user_remote_config_task.o(.text) referenced from app_entry_point.o(.constdata)
 <LI><a href="#[c4]">user_remote_discover_val_ind_handler</a> from user_remote_config_task.o(.text) referenced from user_remote_config_task.o(.constdata)
 <LI><a href="#[c6]">user_remote_read_request_ind_handler</a> from user_remote_config_task.o(.text) referenced from user_remote_config_task.o(.constdata)
 <LI><a href="#[c5]">user_remote_write_request_ind_handler</a> from user_remote_config_task.o(.text) referenced from user_remote_config_task.o(.constdata)
 <LI><a href="#[25]">user_sps_apply_config</a> from user_sps_device_config.o(.text) referenced from user_sps_device_dma.o(.text)
 <LI><a href="#[c9]">user_sps_config_verify_adv_channel_map_cb</a> from user_sps_device_config.o(.text) referenced from user_sps_device_config.o(.data)
 <LI><a href="#[c8]">user_sps_config_verify_adv_int_max_cb</a> from user_sps_device_config.o(.text) referenced from user_sps_device_config.o(.data)
 <LI><a href="#[c7]">user_sps_config_verify_adv_int_min_cb</a> from user_sps_device_config.o(.text) referenced from user_sps_device_config.o(.data)
 <LI><a href="#[cc]">user_sps_config_verify_ci_max_cb</a> from user_sps_device_config.o(.text) referenced from user_sps_device_config.o(.data)
 <LI><a href="#[cb]">user_sps_config_verify_ci_min_cb</a> from user_sps_device_config.o(.text) referenced from user_sps_device_config.o(.data)
 <LI><a href="#[d0]">user_sps_config_verify_gpio_config_cb</a> from user_sps_device_config.o(.text) referenced 6 times from user_sps_device_config.o(.data)
 <LI><a href="#[ca]">user_sps_config_verify_mtu_cb</a> from user_sps_device_config.o(.text) referenced from user_sps_device_config.o(.data)
 <LI><a href="#[d1]">user_sps_config_verify_polarity_cb</a> from user_sps_device_config.o(.text) referenced from user_sps_device_config.o(.data)
 <LI><a href="#[d2]">user_sps_config_verify_por_pin_timeout_cb</a> from user_sps_device_config.o(.text) referenced from user_sps_device_config.o(.data)
 <LI><a href="#[cd]">user_sps_config_verify_sl_cb</a> from user_sps_device_config.o(.text) referenced from user_sps_device_config.o(.data)
 <LI><a href="#[ce]">user_sps_config_verify_sup_to_cb</a> from user_sps_device_config.o(.text) referenced from user_sps_device_config.o(.data)
 <LI><a href="#[cf]">user_sps_config_verify_uart_baudrate_cb</a> from user_sps_device_config.o(.text) referenced from user_sps_device_config.o(.data)
 <LI><a href="#[b3]">user_sps_server_data_tx_cfm_handler</a> from user_spss_task.o(.text) referenced from user_spss_task.o(.constdata)
 <LI><a href="#[b6]">user_sps_server_data_write_ind_handler</a> from user_spss_task.o(.text) referenced from user_spss_task.o(.constdata)
 <LI><a href="#[b2]">user_sps_server_enable_cfm_handler</a> from user_spss_task.o(.text) referenced from user_spss_task.o(.constdata)
 <LI><a href="#[b5]">user_sps_server_error_ind_handler</a> from user_spss_task.o(.text) referenced from user_spss_task.o(.constdata)
 <LI><a href="#[b4]">user_sps_server_tx_flow_ctrl_ind_handler</a> from user_spss_task.o(.text) referenced from user_spss_task.o(.constdata)
 <LI><a href="#[7c]">user_spss_create_db</a> from user_spss.o(.text) referenced from app.o(.constdata)
 <LI><a href="#[7d]">user_spss_enable</a> from user_spss.o(.text) referenced from app.o(.constdata)
 <LI><a href="#[9e]">user_spss_process_handler</a> from user_spss_task.o(.text) referenced from app_entry_point.o(.constdata)
</UL>
<P>
<H3>
Global Symbols
</H3>
<P><STRONG><a name="[46]"></a>rwip_eif_get_func</STRONG> (Thumb, 0 bytes, Stack size 0 bytes, da14531_symbols.txt(ABSOLUTE), UNUSED)
<BR>[Address Reference Count : 1]<UL><LI> jump_table.o(.constdata)
</UL>
<P><STRONG><a name="[11e]"></a>ble_init</STRONG> (Thumb, 0 bytes, Stack size 0 bytes, da14531_symbols.txt(ABSOLUTE))
<BR><BR>[Called By]<UL><LI><a href="#[f5]">&gt;&gt;</a>&nbsp;&nbsp;&nbsp;system_init
</UL>

<P><STRONG><a name="[15a]"></a>ble_regs_push</STRONG> (Thumb, 0 bytes, Stack size 0 bytes, da14531_symbols.txt(ABSOLUTE))
<BR><BR>[Called By]<UL><LI><a href="#[159]">&gt;&gt;</a>&nbsp;&nbsp;&nbsp;patched_ble_regs_push
</UL>

<P><STRONG><a name="[15b]"></a>ble_regs_pop</STRONG> (Thumb, 0 bytes, Stack size 0 bytes, da14531_symbols.txt(ABSOLUTE))
<BR><BR>[Called By]<UL><LI><a href="#[14e]">&gt;&gt;</a>&nbsp;&nbsp;&nbsp;patched_ble_regs_pop
</UL>

<P><STRONG><a name="[157]"></a>rf_reinit</STRONG> (Thumb, 0 bytes, Stack size 0 bytes, da14531_symbols.txt(ABSOLUTE))
<BR><BR>[Called By]<UL><LI><a href="#[7]">&gt;&gt;</a>&nbsp;&nbsp;&nbsp;rwble_isr
</UL>

<P><STRONG><a name="[8]"></a>UART_Handler</STRONG> (Thumb, 0 bytes, Stack size 0 bytes, da14531_symbols.txt(ABSOLUTE), UNUSED)
<BR>[Address Reference Count : 1]<UL><LI> startup_da14531.o(RESET)
</UL>
<P><STRONG><a name="[19d]"></a>platform_reset</STRONG> (Thumb, 0 bytes, Stack size 0 bytes, da14531_symbols.txt(ABSOLUTE))
<BR><BR>[Called By]<UL><LI><a href="#[19a]">&gt;&gt;</a>&nbsp;&nbsp;&nbsp;app_suotar_read_mem
<LI><a href="#[8c]">&gt;&gt;</a>&nbsp;&nbsp;&nbsp;user_on_disconnect
<LI><a href="#[25]">&gt;&gt;</a>&nbsp;&nbsp;&nbsp;user_sps_apply_config
</UL>

<P><STRONG><a name="[192]"></a>prf_get_task_from_id</STRONG> (Thumb, 0 bytes, Stack size 0 bytes, da14531_symbols.txt(ABSOLUTE))
<BR><BR>[Called By]<UL><LI><a href="#[1b6]">&gt;&gt;</a>&nbsp;&nbsp;&nbsp;sps_server_error_ind_send
<LI><a href="#[19e]">&gt;&gt;</a>&nbsp;&nbsp;&nbsp;suotar_send_mem_info_update_req
<LI><a href="#[191]">&gt;&gt;</a>&nbsp;&nbsp;&nbsp;suotar_send_status_update_req
<LI><a href="#[7d]">&gt;&gt;</a>&nbsp;&nbsp;&nbsp;user_spss_enable
<LI><a href="#[79]">&gt;&gt;</a>&nbsp;&nbsp;&nbsp;user_remote_config_enable
<LI><a href="#[c6]">&gt;&gt;</a>&nbsp;&nbsp;&nbsp;user_remote_read_request_ind_handler
<LI><a href="#[c5]">&gt;&gt;</a>&nbsp;&nbsp;&nbsp;user_remote_write_request_ind_handler
<LI><a href="#[c4]">&gt;&gt;</a>&nbsp;&nbsp;&nbsp;user_remote_discover_val_ind_handler
<LI><a href="#[1c3]">&gt;&gt;</a>&nbsp;&nbsp;&nbsp;user_send_ble_data
</UL>

<P><STRONG><a name="[106]"></a>dia_rand</STRONG> (Thumb, 0 bytes, Stack size 0 bytes, da14531_symbols.txt(ABSOLUTE))
<BR><BR>[Called By]<UL><LI><a href="#[6f]">&gt;&gt;</a>&nbsp;&nbsp;&nbsp;ba431_get_rand_func
</UL>

<P><STRONG><a name="[e4]"></a>dia_srand</STRONG> (Thumb, 0 bytes, Stack size 0 bytes, da14531_symbols.txt(ABSOLUTE))
<BR><BR>[Called By]<UL><LI><a href="#[f5]">&gt;&gt;</a>&nbsp;&nbsp;&nbsp;system_init
<LI><a href="#[e0]">&gt;&gt;</a>&nbsp;&nbsp;&nbsp;init_rand_seed_from_trng
</UL>

<P><STRONG><a name="[1ae]"></a>co_list_init</STRONG> (Thumb, 0 bytes, Stack size 0 bytes, da14531_symbols.txt(ABSOLUTE))
<BR><BR>[Called By]<UL><LI><a href="#[a8]">&gt;&gt;</a>&nbsp;&nbsp;&nbsp;sps_init
</UL>

<P><STRONG><a name="[1af]"></a>co_list_pop_front</STRONG> (Thumb, 0 bytes, Stack size 0 bytes, da14531_symbols.txt(ABSOLUTE))
<BR><BR>[Called By]<UL><LI><a href="#[a9]">&gt;&gt;</a>&nbsp;&nbsp;&nbsp;sps_destroy
</UL>

<P><STRONG><a name="[1aa]"></a>co_list_push_back</STRONG> (Thumb, 0 bytes, Stack size 0 bytes, da14531_symbols.txt(ABSOLUTE))
<BR><BR>[Called By]<UL><LI><a href="#[1a7]">&gt;&gt;</a>&nbsp;&nbsp;&nbsp;sps_att_set_value
</UL>

<P><STRONG><a name="[1a9]"></a>co_list_extract</STRONG> (Thumb, 0 bytes, Stack size 0 bytes, da14531_symbols.txt(ABSOLUTE))
<BR><BR>[Called By]<UL><LI><a href="#[1a7]">&gt;&gt;</a>&nbsp;&nbsp;&nbsp;sps_att_set_value
</UL>

<P><STRONG><a name="[68]"></a>llc_le_length_effective_func</STRONG> (Thumb, 0 bytes, Stack size 0 bytes, da14531_symbols.txt(ABSOLUTE), UNUSED)
<BR>[Address Reference Count : 1]<UL><LI> jump_table.o(.constdata)
</UL>
<P><STRONG><a name="[69]"></a>llc_le_length_conn_init_func</STRONG> (Thumb, 0 bytes, Stack size 0 bytes, da14531_symbols.txt(ABSOLUTE), UNUSED)
<BR>[Address Reference Count : 1]<UL><LI> jump_table.o(.constdata)
</UL>
<P><STRONG><a name="[6c]"></a>llc_pdu_send_func</STRONG> (Thumb, 0 bytes, Stack size 0 bytes, da14531_symbols.txt(ABSOLUTE), UNUSED)
<BR>[Address Reference Count : 1]<UL><LI> jump_table.o(.constdata)
</UL>
<P><STRONG><a name="[155]"></a>lld_crypt_isr</STRONG> (Thumb, 0 bytes, Stack size 0 bytes, da14531_symbols.txt(ABSOLUTE))
<BR><BR>[Called By]<UL><LI><a href="#[7]">&gt;&gt;</a>&nbsp;&nbsp;&nbsp;rwble_isr
</UL>

<P><STRONG><a name="[4d]"></a>lld_test_mode_tx_func</STRONG> (Thumb, 0 bytes, Stack size 0 bytes, da14531_symbols.txt(ABSOLUTE), UNUSED)
<BR>[Address Reference Count : 1]<UL><LI> jump_table.o(.constdata)
</UL>
<P><STRONG><a name="[4c]"></a>lld_test_stop_func</STRONG> (Thumb, 0 bytes, Stack size 0 bytes, da14531_symbols.txt(ABSOLUTE), UNUSED)
<BR>[Address Reference Count : 1]<UL><LI> jump_table.o(.constdata)
</UL>
<P><STRONG><a name="[6b]"></a>lld_data_tx_check_func</STRONG> (Thumb, 0 bytes, Stack size 0 bytes, da14531_symbols.txt(ABSOLUTE), UNUSED)
<BR>[Address Reference Count : 1]<UL><LI> jump_table.o(.constdata)
</UL>
<P><STRONG><a name="[6a]"></a>lld_data_tx_prog_func</STRONG> (Thumb, 0 bytes, Stack size 0 bytes, da14531_symbols.txt(ABSOLUTE), UNUSED)
<BR>[Address Reference Count : 1]<UL><LI> jump_table.o(.constdata)
</UL>
<P><STRONG><a name="[1db]"></a>lld_evt_elt_insert</STRONG> (Thumb, 0 bytes, Stack size 0 bytes, da14531_symbols.txt(ABSOLUTE))
<BR><BR>[Called By]<UL><LI><a href="#[4e]">&gt;&gt;</a>&nbsp;&nbsp;&nbsp;JT_lld_test_mode_rx_func
</UL>

<P><STRONG><a name="[1d9]"></a>lld_evt_adv_create</STRONG> (Thumb, 0 bytes, Stack size 0 bytes, da14531_symbols.txt(ABSOLUTE))
<BR><BR>[Called By]<UL><LI><a href="#[4e]">&gt;&gt;</a>&nbsp;&nbsp;&nbsp;JT_lld_test_mode_rx_func
</UL>

<P><STRONG><a name="[154]"></a>lld_evt_timer_isr</STRONG> (Thumb, 0 bytes, Stack size 0 bytes, da14531_symbols.txt(ABSOLUTE))
<BR><BR>[Called By]<UL><LI><a href="#[7]">&gt;&gt;</a>&nbsp;&nbsp;&nbsp;rwble_isr
</UL>

<P><STRONG><a name="[152]"></a>lld_evt_end_isr</STRONG> (Thumb, 0 bytes, Stack size 0 bytes, da14531_symbols.txt(ABSOLUTE))
<BR><BR>[Called By]<UL><LI><a href="#[7]">&gt;&gt;</a>&nbsp;&nbsp;&nbsp;rwble_isr
</UL>

<P><STRONG><a name="[151]"></a>lld_evt_rx_isr</STRONG> (Thumb, 0 bytes, Stack size 0 bytes, da14531_symbols.txt(ABSOLUTE))
<BR><BR>[Called By]<UL><LI><a href="#[7]">&gt;&gt;</a>&nbsp;&nbsp;&nbsp;rwble_isr
</UL>

<P><STRONG><a name="[162]"></a>lld_sleep_enter</STRONG> (Thumb, 0 bytes, Stack size 0 bytes, da14531_symbols.txt(ABSOLUTE))
<BR><BR>[Called By]<UL><LI><a href="#[fc]">&gt;&gt;</a>&nbsp;&nbsp;&nbsp;rwip_sleep
</UL>

<P><STRONG><a name="[1da]"></a>lld_util_freq2chnl</STRONG> (Thumb, 0 bytes, Stack size 0 bytes, da14531_symbols.txt(ABSOLUTE))
<BR><BR>[Called By]<UL><LI><a href="#[4e]">&gt;&gt;</a>&nbsp;&nbsp;&nbsp;JT_lld_test_mode_rx_func
</UL>

<P><STRONG><a name="[63]"></a>llm_le_adv_report_ind_func</STRONG> (Thumb, 0 bytes, Stack size 0 bytes, da14531_symbols.txt(ABSOLUTE), UNUSED)
<BR>[Address Reference Count : 1]<UL><LI> jump_table.o(.constdata)
</UL>
<P><STRONG><a name="[41]"></a>llm_encryption_done_func</STRONG> (Thumb, 0 bytes, Stack size 0 bytes, da14531_symbols.txt(ABSOLUTE), UNUSED)
<BR>[Address Reference Count : 1]<UL><LI> jump_table.o(.constdata)
</UL>
<P><STRONG><a name="[65]"></a>llm_p256_start_func</STRONG> (Thumb, 0 bytes, Stack size 0 bytes, da14531_symbols.txt(ABSOLUTE), UNUSED)
<BR>[Address Reference Count : 1]<UL><LI> jump_table.o(.constdata)
</UL>
<P><STRONG><a name="[66]"></a>llm_create_p256_key_func</STRONG> (Thumb, 0 bytes, Stack size 0 bytes, da14531_symbols.txt(ABSOLUTE), UNUSED)
<BR>[Address Reference Count : 1]<UL><LI> jump_table.o(.constdata)
</UL>
<P><STRONG><a name="[67]"></a>llm_p256_req_handler_func</STRONG> (Thumb, 0 bytes, Stack size 0 bytes, da14531_symbols.txt(ABSOLUTE), UNUSED)
<BR>[Address Reference Count : 1]<UL><LI> jump_table.o(.constdata)
</UL>
<P><STRONG><a name="[59]"></a>hci_rd_local_supp_feats_cmd_handler_func</STRONG> (Thumb, 0 bytes, Stack size 0 bytes, da14531_symbols.txt(ABSOLUTE), UNUSED)
<BR>[Address Reference Count : 1]<UL><LI> jump_table.o(.constdata)
</UL>
<P><STRONG><a name="[64]"></a>PK_PointMult_func</STRONG> (Thumb, 0 bytes, Stack size 0 bytes, da14531_symbols.txt(ABSOLUTE), UNUSED)
<BR>[Address Reference Count : 1]<UL><LI> jump_table.o(.constdata)
</UL>
<P><STRONG><a name="[150]"></a>ea_finetimer_isr</STRONG> (Thumb, 0 bytes, Stack size 0 bytes, da14531_symbols.txt(ABSOLUTE))
<BR><BR>[Called By]<UL><LI><a href="#[7]">&gt;&gt;</a>&nbsp;&nbsp;&nbsp;rwble_isr
</UL>

<P><STRONG><a name="[153]"></a>ea_sw_isr</STRONG> (Thumb, 0 bytes, Stack size 0 bytes, da14531_symbols.txt(ABSOLUTE))
<BR><BR>[Called By]<UL><LI><a href="#[7]">&gt;&gt;</a>&nbsp;&nbsp;&nbsp;rwble_isr
</UL>

<P><STRONG><a name="[f8]"></a>ea_sleep_check</STRONG> (Thumb, 0 bytes, Stack size 0 bytes, da14531_symbols.txt(ABSOLUTE))
<BR><BR>[Called By]<UL><LI><a href="#[fc]">&gt;&gt;</a>&nbsp;&nbsp;&nbsp;rwip_sleep
<LI><a href="#[1e]">&gt;&gt;</a>&nbsp;&nbsp;&nbsp;main
</UL>

<P><STRONG><a name="[29]"></a>uart_init_func</STRONG> (Thumb, 0 bytes, Stack size 0 bytes, da14531_symbols.txt(ABSOLUTE), UNUSED)
<BR>[Address Reference Count : 1]<UL><LI> jump_table.o(.constdata)
</UL>
<P><STRONG><a name="[2a]"></a>uart_flow_on_func</STRONG> (Thumb, 0 bytes, Stack size 0 bytes, da14531_symbols.txt(ABSOLUTE), UNUSED)
<BR>[Address Reference Count : 1]<UL><LI> jump_table.o(.constdata)
</UL>
<P><STRONG><a name="[2b]"></a>uart_flow_off_func</STRONG> (Thumb, 0 bytes, Stack size 0 bytes, da14531_symbols.txt(ABSOLUTE), UNUSED)
<BR>[Address Reference Count : 1]<UL><LI> jump_table.o(.constdata)
</UL>
<P><STRONG><a name="[2c]"></a>uart_finish_transfers_func</STRONG> (Thumb, 0 bytes, Stack size 0 bytes, da14531_symbols.txt(ABSOLUTE), UNUSED)
<BR>[Address Reference Count : 1]<UL><LI> jump_table.o(.constdata)
</UL>
<P><STRONG><a name="[2d]"></a>uart_read_func</STRONG> (Thumb, 0 bytes, Stack size 0 bytes, da14531_symbols.txt(ABSOLUTE), UNUSED)
<BR>[Address Reference Count : 1]<UL><LI> jump_table.o(.constdata)
</UL>
<P><STRONG><a name="[2e]"></a>uart_write_func</STRONG> (Thumb, 0 bytes, Stack size 0 bytes, da14531_symbols.txt(ABSOLUTE), UNUSED)
<BR>[Address Reference Count : 1]<UL><LI> jump_table.o(.constdata)
</UL>
<P><STRONG><a name="[2f]"></a>UART_Handler_func</STRONG> (Thumb, 0 bytes, Stack size 0 bytes, da14531_symbols.txt(ABSOLUTE), UNUSED)
<BR>[Address Reference Count : 1]<UL><LI> jump_table.o(.constdata)
</UL>
<P><STRONG><a name="[30]"></a>gtl_init_func</STRONG> (Thumb, 0 bytes, Stack size 0 bytes, da14531_symbols.txt(ABSOLUTE), UNUSED)
<BR>[Address Reference Count : 1]<UL><LI> jump_table.o(.constdata)
</UL>
<P><STRONG><a name="[32]"></a>gtl_eif_read_start_func</STRONG> (Thumb, 0 bytes, Stack size 0 bytes, da14531_symbols.txt(ABSOLUTE), UNUSED)
<BR>[Address Reference Count : 1]<UL><LI> jump_table.o(.constdata)
</UL>
<P><STRONG><a name="[33]"></a>gtl_eif_read_hdr_func</STRONG> (Thumb, 0 bytes, Stack size 0 bytes, da14531_symbols.txt(ABSOLUTE), UNUSED)
<BR>[Address Reference Count : 1]<UL><LI> jump_table.o(.constdata)
</UL>
<P><STRONG><a name="[34]"></a>gtl_eif_read_payl_func</STRONG> (Thumb, 0 bytes, Stack size 0 bytes, da14531_symbols.txt(ABSOLUTE), UNUSED)
<BR>[Address Reference Count : 1]<UL><LI> jump_table.o(.constdata)
</UL>
<P><STRONG><a name="[35]"></a>gtl_eif_tx_done_func</STRONG> (Thumb, 0 bytes, Stack size 0 bytes, da14531_symbols.txt(ABSOLUTE), UNUSED)
<BR>[Address Reference Count : 1]<UL><LI> jump_table.o(.constdata)
</UL>
<P><STRONG><a name="[36]"></a>gtl_eif_rx_done_func</STRONG> (Thumb, 0 bytes, Stack size 0 bytes, da14531_symbols.txt(ABSOLUTE), UNUSED)
<BR>[Address Reference Count : 1]<UL><LI> jump_table.o(.constdata)
</UL>
<P><STRONG><a name="[31]"></a>gtl_eif_init_func</STRONG> (Thumb, 0 bytes, Stack size 0 bytes, da14531_symbols.txt(ABSOLUTE), UNUSED)
<BR>[Address Reference Count : 1]<UL><LI> jump_table.o(.constdata)
</UL>
<P><STRONG><a name="[38]"></a>h4tl_read_start_func</STRONG> (Thumb, 0 bytes, Stack size 0 bytes, da14531_symbols.txt(ABSOLUTE), UNUSED)
<BR>[Address Reference Count : 1]<UL><LI> jump_table.o(.constdata)
</UL>
<P><STRONG><a name="[39]"></a>h4tl_read_hdr_func</STRONG> (Thumb, 0 bytes, Stack size 0 bytes, da14531_symbols.txt(ABSOLUTE), UNUSED)
<BR>[Address Reference Count : 1]<UL><LI> jump_table.o(.constdata)
</UL>
<P><STRONG><a name="[3a]"></a>h4tl_read_payl_func</STRONG> (Thumb, 0 bytes, Stack size 0 bytes, da14531_symbols.txt(ABSOLUTE), UNUSED)
<BR>[Address Reference Count : 1]<UL><LI> jump_table.o(.constdata)
</UL>
<P><STRONG><a name="[3b]"></a>h4tl_read_next_out_of_sync_func</STRONG> (Thumb, 0 bytes, Stack size 0 bytes, da14531_symbols.txt(ABSOLUTE), UNUSED)
<BR>[Address Reference Count : 1]<UL><LI> jump_table.o(.constdata)
</UL>
<P><STRONG><a name="[3c]"></a>h4tl_out_of_sync_func</STRONG> (Thumb, 0 bytes, Stack size 0 bytes, da14531_symbols.txt(ABSOLUTE), UNUSED)
<BR>[Address Reference Count : 1]<UL><LI> jump_table.o(.constdata)
</UL>
<P><STRONG><a name="[3d]"></a>h4tl_tx_done_func</STRONG> (Thumb, 0 bytes, Stack size 0 bytes, da14531_symbols.txt(ABSOLUTE), UNUSED)
<BR>[Address Reference Count : 1]<UL><LI> jump_table.o(.constdata)
</UL>
<P><STRONG><a name="[3e]"></a>h4tl_rx_done_func</STRONG> (Thumb, 0 bytes, Stack size 0 bytes, da14531_symbols.txt(ABSOLUTE), UNUSED)
<BR>[Address Reference Count : 1]<UL><LI> jump_table.o(.constdata)
</UL>
<P><STRONG><a name="[37]"></a>h4tl_init_func</STRONG> (Thumb, 0 bytes, Stack size 0 bytes, da14531_symbols.txt(ABSOLUTE), UNUSED)
<BR>[Address Reference Count : 1]<UL><LI> jump_table.o(.constdata)
</UL>
<P><STRONG><a name="[61]"></a>attc_l2cc_pdu_recv_handler_func</STRONG> (Thumb, 0 bytes, Stack size 0 bytes, da14531_symbols.txt(ABSOLUTE), UNUSED)
<BR>[Address Reference Count : 1]<UL><LI> jump_table.o(.constdata)
</UL>
<P><STRONG><a name="[1bc]"></a>attmdb_att_set_value</STRONG> (Thumb, 0 bytes, Stack size 0 bytes, da14531_symbols.txt(ABSOLUTE))
<BR><BR>[Called By]<UL><LI><a href="#[ae]">&gt;&gt;</a>&nbsp;&nbsp;&nbsp;gattc_write_req_ind_handler
<LI><a href="#[b0]">&gt;&gt;</a>&nbsp;&nbsp;&nbsp;sps_server_rx_flow_ctrl_req_handler
<LI><a href="#[b9]">&gt;&gt;</a>&nbsp;&nbsp;&nbsp;remote_config_init
</UL>

<P><STRONG><a name="[1be]"></a>attmdb_att_get_permission</STRONG> (Thumb, 0 bytes, Stack size 0 bytes, da14531_symbols.txt(ABSOLUTE))
<BR><BR>[Called By]<UL><LI><a href="#[ae]">&gt;&gt;</a>&nbsp;&nbsp;&nbsp;gattc_write_req_ind_handler
</UL>

<P><STRONG><a name="[60]"></a>atts_l2cc_pdu_recv_handler_func</STRONG> (Thumb, 0 bytes, Stack size 0 bytes, da14531_symbols.txt(ABSOLUTE), UNUSED)
<BR>[Address Reference Count : 1]<UL><LI> jump_table.o(.constdata)
</UL>
<P><STRONG><a name="[1cf]"></a>gattc_get_mtu</STRONG> (Thumb, 0 bytes, Stack size 0 bytes, da14531_symbols.txt(ABSOLUTE))
<BR><BR>[Called By]<UL><LI><a href="#[c6]">&gt;&gt;</a>&nbsp;&nbsp;&nbsp;user_remote_read_request_ind_handler
<LI><a href="#[c4]">&gt;&gt;</a>&nbsp;&nbsp;&nbsp;user_remote_discover_val_ind_handler
<LI><a href="#[c2]">&gt;&gt;</a>&nbsp;&nbsp;&nbsp;remote_read_rsp_cmd_handler
<LI><a href="#[1cd]">&gt;&gt;</a>&nbsp;&nbsp;&nbsp;user_set_default_tx_size
</UL>

<P><STRONG><a name="[50]"></a>smpc_pdu_recv_func</STRONG> (Thumb, 0 bytes, Stack size 0 bytes, da14531_symbols.txt(ABSOLUTE), UNUSED)
<BR>[Address Reference Count : 1]<UL><LI> jump_table.o(.constdata)
</UL>
<P><STRONG><a name="[1d4]"></a>gapc_get_conidx</STRONG> (Thumb, 0 bytes, Stack size 0 bytes, da14531_symbols.txt(ABSOLUTE))
<BR><BR>[Called By]<UL><LI><a href="#[bf]">&gt;&gt;</a>&nbsp;&nbsp;&nbsp;remote_config_enable_req_handler
</UL>

<P><STRONG><a name="[1d2]"></a>gapc_get_conhdl</STRONG> (Thumb, 0 bytes, Stack size 0 bytes, da14531_symbols.txt(ABSOLUTE))
<BR><BR>[Called By]<UL><LI><a href="#[c2]">&gt;&gt;</a>&nbsp;&nbsp;&nbsp;remote_read_rsp_cmd_handler
<LI><a href="#[c1]">&gt;&gt;</a>&nbsp;&nbsp;&nbsp;remote_write_rsp_cmd_handler
<LI><a href="#[c0]">&gt;&gt;</a>&nbsp;&nbsp;&nbsp;remote_discover_rsp_cmd_handler
<LI><a href="#[bd]">&gt;&gt;</a>&nbsp;&nbsp;&nbsp;remote_config_gattc_write_req_ind_handler
</UL>

<P><STRONG><a name="[5e]"></a>l2cc_pdu_recv_ind_handler_func</STRONG> (Thumb, 0 bytes, Stack size 0 bytes, da14531_symbols.txt(ABSOLUTE), UNUSED)
<BR>[Address Reference Count : 1]<UL><LI> jump_table.o(.constdata)
</UL>
<P><STRONG><a name="[5f]"></a>gapc_lecb_connect_cfm_handler_func</STRONG> (Thumb, 0 bytes, Stack size 0 bytes, da14531_symbols.txt(ABSOLUTE), UNUSED)
<BR>[Address Reference Count : 1]<UL><LI> jump_table.o(.constdata)
</UL>
<P><STRONG><a name="[5a]"></a>l2cc_pdu_pack_func</STRONG> (Thumb, 0 bytes, Stack size 0 bytes, da14531_symbols.txt(ABSOLUTE), UNUSED)
<BR>[Address Reference Count : 1]<UL><LI> jump_table.o(.constdata)
</UL>
<P><STRONG><a name="[5b]"></a>l2cc_pdu_unpack_func</STRONG> (Thumb, 0 bytes, Stack size 0 bytes, da14531_symbols.txt(ABSOLUTE), UNUSED)
<BR>[Address Reference Count : 1]<UL><LI> jump_table.o(.constdata)
</UL>
<P><STRONG><a name="[5d]"></a>l2c_process_sdu_func</STRONG> (Thumb, 0 bytes, Stack size 0 bytes, da14531_symbols.txt(ABSOLUTE), UNUSED)
<BR>[Address Reference Count : 1]<UL><LI> jump_table.o(.constdata)
</UL>
<P><STRONG><a name="[5c]"></a>l2c_send_lecb_message_func</STRONG> (Thumb, 0 bytes, Stack size 0 bytes, da14531_symbols.txt(ABSOLUTE), UNUSED)
<BR>[Address Reference Count : 1]<UL><LI> jump_table.o(.constdata)
</UL>
<P><STRONG><a name="[4f]"></a>smpc_check_param_func</STRONG> (Thumb, 0 bytes, Stack size 0 bytes, da14531_symbols.txt(ABSOLUTE), UNUSED)
<BR>[Address Reference Count : 1]<UL><LI> jump_table.o(.constdata)
</UL>
<P><STRONG><a name="[70]"></a>smpc_public_key_exchange_start_func</STRONG> (Thumb, 0 bytes, Stack size 0 bytes, da14531_symbols.txt(ABSOLUTE), UNUSED)
<BR>[Address Reference Count : 1]<UL><LI> jump_table.o(.constdata)
</UL>
<P><STRONG><a name="[71]"></a>smpc_dhkey_calc_ind_func</STRONG> (Thumb, 0 bytes, Stack size 0 bytes, da14531_symbols.txt(ABSOLUTE), UNUSED)
<BR>[Address Reference Count : 1]<UL><LI> jump_table.o(.constdata)
</UL>
<P><STRONG><a name="[15e]"></a>ke_sleep_check</STRONG> (Thumb, 0 bytes, Stack size 0 bytes, da14531_symbols.txt(ABSOLUTE))
<BR><BR>[Called By]<UL><LI><a href="#[fc]">&gt;&gt;</a>&nbsp;&nbsp;&nbsp;rwip_sleep
</UL>

<P><STRONG><a name="[101]"></a>ke_mem_init</STRONG> (Thumb, 0 bytes, Stack size 0 bytes, da14531_symbols.txt(ABSOLUTE))
<BR><BR>[Called By]<UL><LI><a href="#[ff]">&gt;&gt;</a>&nbsp;&nbsp;&nbsp;arch_resume_from_sleep
</UL>

<P><STRONG><a name="[105]"></a>ke_mem_is_empty</STRONG> (Thumb, 0 bytes, Stack size 0 bytes, da14531_symbols.txt(ABSOLUTE))
<BR><BR>[Called By]<UL><LI><a href="#[103]">&gt;&gt;</a>&nbsp;&nbsp;&nbsp;arch_turn_peripherals_off
</UL>

<P><STRONG><a name="[e1]"></a>ke_malloc</STRONG> (Thumb, 0 bytes, Stack size 0 bytes, da14531_symbols.txt(ABSOLUTE))
<BR><BR>[Called By]<UL><LI><a href="#[e0]">&gt;&gt;</a>&nbsp;&nbsp;&nbsp;init_rand_seed_from_trng
<LI><a href="#[a8]">&gt;&gt;</a>&nbsp;&nbsp;&nbsp;sps_init
<LI><a href="#[1a7]">&gt;&gt;</a>&nbsp;&nbsp;&nbsp;sps_att_set_value
<LI><a href="#[1d7]">&gt;&gt;</a>&nbsp;&nbsp;&nbsp;user_config_write_configuration_struct
<LI><a href="#[1d5]">&gt;&gt;</a>&nbsp;&nbsp;&nbsp;user_config_read_configuration_struct
<LI><a href="#[c4]">&gt;&gt;</a>&nbsp;&nbsp;&nbsp;user_remote_discover_val_ind_handler
<LI><a href="#[b9]">&gt;&gt;</a>&nbsp;&nbsp;&nbsp;remote_config_init
<LI><a href="#[1c4]">&gt;&gt;</a>&nbsp;&nbsp;&nbsp;ke_msg_alloc_no_init
</UL>

<P><STRONG><a name="[e3]"></a>ke_free</STRONG> (Thumb, 0 bytes, Stack size 0 bytes, da14531_symbols.txt(ABSOLUTE))
<BR><BR>[Called By]<UL><LI><a href="#[e0]">&gt;&gt;</a>&nbsp;&nbsp;&nbsp;init_rand_seed_from_trng
<LI><a href="#[a9]">&gt;&gt;</a>&nbsp;&nbsp;&nbsp;sps_destroy
<LI><a href="#[1a7]">&gt;&gt;</a>&nbsp;&nbsp;&nbsp;sps_att_set_value
<LI><a href="#[1d7]">&gt;&gt;</a>&nbsp;&nbsp;&nbsp;user_config_write_configuration_struct
<LI><a href="#[1d5]">&gt;&gt;</a>&nbsp;&nbsp;&nbsp;user_config_read_configuration_struct
<LI><a href="#[c4]">&gt;&gt;</a>&nbsp;&nbsp;&nbsp;user_remote_discover_val_ind_handler
<LI><a href="#[ba]">&gt;&gt;</a>&nbsp;&nbsp;&nbsp;remote_config_destroy
</UL>

<P><STRONG><a name="[17d]"></a>ke_msg_alloc</STRONG> (Thumb, 0 bytes, Stack size 0 bytes, da14531_symbols.txt(ABSOLUTE))
<BR><BR>[Called By]<UL><LI><a href="#[b1]">&gt;&gt;</a>&nbsp;&nbsp;&nbsp;gattc_read_req_ind_handler
<LI><a href="#[ae]">&gt;&gt;</a>&nbsp;&nbsp;&nbsp;gattc_write_req_ind_handler
<LI><a href="#[af]">&gt;&gt;</a>&nbsp;&nbsp;&nbsp;sps_server_data_tx_req_handler
<LI><a href="#[ad]">&gt;&gt;</a>&nbsp;&nbsp;&nbsp;gattc_cmp_evt_handler
<LI><a href="#[ac]">&gt;&gt;</a>&nbsp;&nbsp;&nbsp;sps_server_enable_req_handler
<LI><a href="#[1b7]">&gt;&gt;</a>&nbsp;&nbsp;&nbsp;sps_server_send_event
<LI><a href="#[1b6]">&gt;&gt;</a>&nbsp;&nbsp;&nbsp;sps_server_error_ind_send
<LI><a href="#[1b2]">&gt;&gt;</a>&nbsp;&nbsp;&nbsp;sps_server_indicate_tx_flow_ctrl
<LI><a href="#[a7]">&gt;&gt;</a>&nbsp;&nbsp;&nbsp;diss_value_req_ind_handler
<LI><a href="#[19e]">&gt;&gt;</a>&nbsp;&nbsp;&nbsp;suotar_send_mem_info_update_req
<LI><a href="#[191]">&gt;&gt;</a>&nbsp;&nbsp;&nbsp;suotar_send_status_update_req
<LI><a href="#[18b]">&gt;&gt;</a>&nbsp;&nbsp;&nbsp;create_timer
<LI><a href="#[9a]">&gt;&gt;</a>&nbsp;&nbsp;&nbsp;app_timer_api_process_handler
<LI><a href="#[83]">&gt;&gt;</a>&nbsp;&nbsp;&nbsp;gapc_get_dev_info_req_ind_handler
<LI><a href="#[7e]">&gt;&gt;</a>&nbsp;&nbsp;&nbsp;gapm_device_ready_ind_handler
<LI><a href="#[7d]">&gt;&gt;</a>&nbsp;&nbsp;&nbsp;user_spss_enable
<LI><a href="#[7c]">&gt;&gt;</a>&nbsp;&nbsp;&nbsp;user_spss_create_db
<LI><a href="#[79]">&gt;&gt;</a>&nbsp;&nbsp;&nbsp;user_remote_config_enable
<LI><a href="#[78]">&gt;&gt;</a>&nbsp;&nbsp;&nbsp;user_remote_config_create_db
<LI><a href="#[7b]">&gt;&gt;</a>&nbsp;&nbsp;&nbsp;app_suotar_create_db
<LI><a href="#[7a]">&gt;&gt;</a>&nbsp;&nbsp;&nbsp;app_diss_create_db
<LI><a href="#[180]">&gt;&gt;</a>&nbsp;&nbsp;&nbsp;app_easy_gap_dev_config_create_msg
<LI><a href="#[17f]">&gt;&gt;</a>&nbsp;&nbsp;&nbsp;app_easy_gap_param_update_msg_create
<LI><a href="#[17c]">&gt;&gt;</a>&nbsp;&nbsp;&nbsp;app_easy_gap_undirected_advertise_start_create_msg
<LI><a href="#[c6]">&gt;&gt;</a>&nbsp;&nbsp;&nbsp;user_remote_read_request_ind_handler
<LI><a href="#[c5]">&gt;&gt;</a>&nbsp;&nbsp;&nbsp;user_remote_write_request_ind_handler
<LI><a href="#[c4]">&gt;&gt;</a>&nbsp;&nbsp;&nbsp;user_remote_discover_val_ind_handler
<LI><a href="#[c2]">&gt;&gt;</a>&nbsp;&nbsp;&nbsp;remote_read_rsp_cmd_handler
<LI><a href="#[c1]">&gt;&gt;</a>&nbsp;&nbsp;&nbsp;remote_write_rsp_cmd_handler
<LI><a href="#[c0]">&gt;&gt;</a>&nbsp;&nbsp;&nbsp;remote_discover_rsp_cmd_handler
<LI><a href="#[bf]">&gt;&gt;</a>&nbsp;&nbsp;&nbsp;remote_config_enable_req_handler
<LI><a href="#[be]">&gt;&gt;</a>&nbsp;&nbsp;&nbsp;remote_config_gattc_read_req_ind_handler
<LI><a href="#[bd]">&gt;&gt;</a>&nbsp;&nbsp;&nbsp;remote_config_gattc_write_req_ind_handler
<LI><a href="#[c3]">&gt;&gt;</a>&nbsp;&nbsp;&nbsp;remote_config_gattc_att_info_req_ind_handler
<LI><a href="#[1cb]">&gt;&gt;</a>&nbsp;&nbsp;&nbsp;user_gattc_exc_mtu_cmd
</UL>

<P><STRONG><a name="[185]"></a>ke_msg_send</STRONG> (Thumb, 0 bytes, Stack size 0 bytes, da14531_symbols.txt(ABSOLUTE))
<BR><BR>[Called By]<UL><LI><a href="#[b1]">&gt;&gt;</a>&nbsp;&nbsp;&nbsp;gattc_read_req_ind_handler
<LI><a href="#[ae]">&gt;&gt;</a>&nbsp;&nbsp;&nbsp;gattc_write_req_ind_handler
<LI><a href="#[af]">&gt;&gt;</a>&nbsp;&nbsp;&nbsp;sps_server_data_tx_req_handler
<LI><a href="#[ad]">&gt;&gt;</a>&nbsp;&nbsp;&nbsp;gattc_cmp_evt_handler
<LI><a href="#[ac]">&gt;&gt;</a>&nbsp;&nbsp;&nbsp;sps_server_enable_req_handler
<LI><a href="#[1b9]">&gt;&gt;</a>&nbsp;&nbsp;&nbsp;sps_server_send_data
<LI><a href="#[1b7]">&gt;&gt;</a>&nbsp;&nbsp;&nbsp;sps_server_send_event
<LI><a href="#[1b6]">&gt;&gt;</a>&nbsp;&nbsp;&nbsp;sps_server_error_ind_send
<LI><a href="#[1b5]">&gt;&gt;</a>&nbsp;&nbsp;&nbsp;sps_server_data_receive
<LI><a href="#[1b2]">&gt;&gt;</a>&nbsp;&nbsp;&nbsp;sps_server_indicate_tx_flow_ctrl
<LI><a href="#[a7]">&gt;&gt;</a>&nbsp;&nbsp;&nbsp;diss_value_req_ind_handler
<LI><a href="#[19e]">&gt;&gt;</a>&nbsp;&nbsp;&nbsp;suotar_send_mem_info_update_req
<LI><a href="#[191]">&gt;&gt;</a>&nbsp;&nbsp;&nbsp;suotar_send_status_update_req
<LI><a href="#[18b]">&gt;&gt;</a>&nbsp;&nbsp;&nbsp;create_timer
<LI><a href="#[9a]">&gt;&gt;</a>&nbsp;&nbsp;&nbsp;app_timer_api_process_handler
<LI><a href="#[83]">&gt;&gt;</a>&nbsp;&nbsp;&nbsp;gapc_get_dev_info_req_ind_handler
<LI><a href="#[7e]">&gt;&gt;</a>&nbsp;&nbsp;&nbsp;gapm_device_ready_ind_handler
<LI><a href="#[7d]">&gt;&gt;</a>&nbsp;&nbsp;&nbsp;user_spss_enable
<LI><a href="#[7c]">&gt;&gt;</a>&nbsp;&nbsp;&nbsp;user_spss_create_db
<LI><a href="#[79]">&gt;&gt;</a>&nbsp;&nbsp;&nbsp;user_remote_config_enable
<LI><a href="#[78]">&gt;&gt;</a>&nbsp;&nbsp;&nbsp;user_remote_config_create_db
<LI><a href="#[7b]">&gt;&gt;</a>&nbsp;&nbsp;&nbsp;app_suotar_create_db
<LI><a href="#[7a]">&gt;&gt;</a>&nbsp;&nbsp;&nbsp;app_diss_create_db
<LI><a href="#[a0]">&gt;&gt;</a>&nbsp;&nbsp;&nbsp;app_easy_gap_dev_configure
<LI><a href="#[186]">&gt;&gt;</a>&nbsp;&nbsp;&nbsp;app_easy_gap_param_update_start
<LI><a href="#[184]">&gt;&gt;</a>&nbsp;&nbsp;&nbsp;app_easy_gap_undirected_advertise_start
<LI><a href="#[c6]">&gt;&gt;</a>&nbsp;&nbsp;&nbsp;user_remote_read_request_ind_handler
<LI><a href="#[c5]">&gt;&gt;</a>&nbsp;&nbsp;&nbsp;user_remote_write_request_ind_handler
<LI><a href="#[c4]">&gt;&gt;</a>&nbsp;&nbsp;&nbsp;user_remote_discover_val_ind_handler
<LI><a href="#[c2]">&gt;&gt;</a>&nbsp;&nbsp;&nbsp;remote_read_rsp_cmd_handler
<LI><a href="#[c1]">&gt;&gt;</a>&nbsp;&nbsp;&nbsp;remote_write_rsp_cmd_handler
<LI><a href="#[c0]">&gt;&gt;</a>&nbsp;&nbsp;&nbsp;remote_discover_rsp_cmd_handler
<LI><a href="#[bf]">&gt;&gt;</a>&nbsp;&nbsp;&nbsp;remote_config_enable_req_handler
<LI><a href="#[be]">&gt;&gt;</a>&nbsp;&nbsp;&nbsp;remote_config_gattc_read_req_ind_handler
<LI><a href="#[bd]">&gt;&gt;</a>&nbsp;&nbsp;&nbsp;remote_config_gattc_write_req_ind_handler
<LI><a href="#[c3]">&gt;&gt;</a>&nbsp;&nbsp;&nbsp;remote_config_gattc_att_info_req_ind_handler
<LI><a href="#[1cb]">&gt;&gt;</a>&nbsp;&nbsp;&nbsp;user_gattc_exc_mtu_cmd
<LI><a href="#[1c3]">&gt;&gt;</a>&nbsp;&nbsp;&nbsp;user_send_ble_data
</UL>

<P><STRONG><a name="[1f2]"></a>ke_msg_send_basic</STRONG> (Thumb, 0 bytes, Stack size 0 bytes, da14531_symbols.txt(ABSOLUTE), UNUSED)
<BR><BR>[Called By]<UL></UL>

<P><STRONG><a name="[3f]"></a>ke_task_init_func</STRONG> (Thumb, 0 bytes, Stack size 0 bytes, da14531_symbols.txt(ABSOLUTE), UNUSED)
<BR>[Address Reference Count : 1]<UL><LI> jump_table.o(.constdata)
</UL>
<P><STRONG><a name="[16e]"></a>ke_task_create</STRONG> (Thumb, 0 bytes, Stack size 0 bytes, da14531_symbols.txt(ABSOLUTE))
<BR><BR>[Called By]<UL><LI><a href="#[121]">&gt;&gt;</a>&nbsp;&nbsp;&nbsp;app_init
<LI><a href="#[51]">&gt;&gt;</a>&nbsp;&nbsp;&nbsp;prf_init_func
</UL>

<P><STRONG><a name="[182]"></a>ke_state_set</STRONG> (Thumb, 0 bytes, Stack size 0 bytes, da14531_symbols.txt(ABSOLUTE))
<BR><BR>[Called By]<UL><LI><a href="#[121]">&gt;&gt;</a>&nbsp;&nbsp;&nbsp;app_init
<LI><a href="#[ac]">&gt;&gt;</a>&nbsp;&nbsp;&nbsp;sps_server_enable_req_handler
<LI><a href="#[a8]">&gt;&gt;</a>&nbsp;&nbsp;&nbsp;sps_init
<LI><a href="#[ab]">&gt;&gt;</a>&nbsp;&nbsp;&nbsp;sps_cleanup
<LI><a href="#[aa]">&gt;&gt;</a>&nbsp;&nbsp;&nbsp;sps_create
<LI><a href="#[90]">&gt;&gt;</a>&nbsp;&nbsp;&nbsp;user_on_adv_undirect_complete
<LI><a href="#[81]">&gt;&gt;</a>&nbsp;&nbsp;&nbsp;gapc_connection_req_ind_handler
<LI><a href="#[178]">&gt;&gt;</a>&nbsp;&nbsp;&nbsp;user_advertise_operation
<LI><a href="#[184]">&gt;&gt;</a>&nbsp;&nbsp;&nbsp;app_easy_gap_undirected_advertise_start
<LI><a href="#[b9]">&gt;&gt;</a>&nbsp;&nbsp;&nbsp;remote_config_init
</UL>

<P><STRONG><a name="[187]"></a>ke_state_get</STRONG> (Thumb, 0 bytes, Stack size 0 bytes, da14531_symbols.txt(ABSOLUTE))
<BR><BR>[Called By]<UL><LI><a href="#[fa]">&gt;&gt;</a>&nbsp;&nbsp;&nbsp;user_on_ble_powered
<LI><a href="#[82]">&gt;&gt;</a>&nbsp;&nbsp;&nbsp;gapc_disconnect_ind_handler
<LI><a href="#[81]">&gt;&gt;</a>&nbsp;&nbsp;&nbsp;gapc_connection_req_ind_handler
<LI><a href="#[7e]">&gt;&gt;</a>&nbsp;&nbsp;&nbsp;gapm_device_ready_ind_handler
</UL>

<P><STRONG><a name="[170]"></a>ke_task_msg_flush</STRONG> (Thumb, 0 bytes, Stack size 0 bytes, da14531_symbols.txt(ABSOLUTE))
<BR><BR>[Called By]<UL><LI><a href="#[51]">&gt;&gt;</a>&nbsp;&nbsp;&nbsp;prf_init_func
</UL>

<P><STRONG><a name="[40]"></a>ke_timer_init_func</STRONG> (Thumb, 0 bytes, Stack size 0 bytes, da14531_symbols.txt(ABSOLUTE), UNUSED)
<BR>[Address Reference Count : 1]<UL><LI> jump_table.o(.constdata)
</UL>
<P><STRONG><a name="[18d]"></a>ke_timer_set</STRONG> (Thumb, 0 bytes, Stack size 0 bytes, da14531_symbols.txt(ABSOLUTE))
<BR><BR>[Called By]<UL><LI><a href="#[18b]">&gt;&gt;</a>&nbsp;&nbsp;&nbsp;create_timer
<LI><a href="#[9a]">&gt;&gt;</a>&nbsp;&nbsp;&nbsp;app_timer_api_process_handler
</UL>

<P><STRONG><a name="[1ef]"></a>ke_timer_clear</STRONG> (Thumb, 0 bytes, Stack size 0 bytes, da14531_symbols.txt(ABSOLUTE), UNUSED)
<BR><BR>[Called By]<UL></UL>

<P><STRONG><a name="[15f]"></a>ke_timer_sleep_check</STRONG> (Thumb, 0 bytes, Stack size 0 bytes, da14531_symbols.txt(ABSOLUTE))
<BR><BR>[Called By]<UL><LI><a href="#[fc]">&gt;&gt;</a>&nbsp;&nbsp;&nbsp;rwip_sleep
</UL>

<P><STRONG><a name="[fd]"></a>rwip_schedule</STRONG> (Thumb, 0 bytes, Stack size 0 bytes, da14531_symbols.txt(ABSOLUTE))
<BR><BR>[Called By]<UL><LI><a href="#[1e]">&gt;&gt;</a>&nbsp;&nbsp;&nbsp;main
</UL>

<P><STRONG><a name="[156]"></a>rwip_wakeup</STRONG> (Thumb, 0 bytes, Stack size 0 bytes, da14531_symbols.txt(ABSOLUTE))
<BR><BR>[Called By]<UL><LI><a href="#[7]">&gt;&gt;</a>&nbsp;&nbsp;&nbsp;rwble_isr
</UL>

<P><STRONG><a name="[158]"></a>rwip_wakeup_end</STRONG> (Thumb, 0 bytes, Stack size 0 bytes, da14531_symbols.txt(ABSOLUTE))
<BR><BR>[Called By]<UL><LI><a href="#[7]">&gt;&gt;</a>&nbsp;&nbsp;&nbsp;rwble_isr
</UL>

<P><STRONG><a name="[113]"></a>rwip_wakeup_delay_set</STRONG> (Thumb, 0 bytes, Stack size 0 bytes, da14531_symbols.txt(ABSOLUTE))
<BR><BR>[Called By]<UL><LI><a href="#[111]">&gt;&gt;</a>&nbsp;&nbsp;&nbsp;set_sleep_delay
</UL>

<P><STRONG><a name="[110]"></a>__aeabi_uidivmod</STRONG> (Thumb, 0 bytes, Stack size 0 bytes, da14531_symbols.txt(ABSOLUTE))
<BR><BR>[Called By]<UL><LI><a href="#[10f]">&gt;&gt;</a>&nbsp;&nbsp;&nbsp;lld_sleep_us_2_lpcycles_rcx_func
<LI><a href="#[48]">&gt;&gt;</a>&nbsp;&nbsp;&nbsp;lld_sleep_compensate_func
<LI><a href="#[da]">&gt;&gt;</a>&nbsp;&nbsp;&nbsp;rf_rssi_convert
<LI><a href="#[13d]">&gt;&gt;</a>&nbsp;&nbsp;&nbsp;spi_set_speed
<LI><a href="#[c2]">&gt;&gt;</a>&nbsp;&nbsp;&nbsp;remote_read_rsp_cmd_handler
</UL>

<P><STRONG><a name="[14c]"></a>__aeabi_idivmod</STRONG> (Thumb, 0 bytes, Stack size 0 bytes, da14531_symbols.txt(ABSOLUTE))
<BR><BR>[Called By]<UL><LI><a href="#[115]">&gt;&gt;</a>&nbsp;&nbsp;&nbsp;adc_get_temp
</UL>

<P><STRONG><a name="[161]"></a>__aeabi_lmul</STRONG> (Thumb, 0 bytes, Stack size 0 bytes, da14531_symbols.txt(ABSOLUTE))
<BR><BR>[Called By]<UL><LI><a href="#[fc]">&gt;&gt;</a>&nbsp;&nbsp;&nbsp;rwip_sleep
</UL>

<P><STRONG><a name="[107]"></a>rand</STRONG> (Thumb, 0 bytes, Stack size 0 bytes, da14531_symbols.txt(ABSOLUTE))
<BR><BR>[Called By]<UL><LI><a href="#[6d]">&gt;&gt;</a>&nbsp;&nbsp;&nbsp;dia_rand_func
</UL>

<P><STRONG><a name="[108]"></a>srand</STRONG> (Thumb, 0 bytes, Stack size 0 bytes, da14531_symbols.txt(ABSOLUTE))
<BR><BR>[Called By]<UL><LI><a href="#[6e]">&gt;&gt;</a>&nbsp;&nbsp;&nbsp;dia_srand_func
</UL>

<P><STRONG><a name="[dc]"></a>__aeabi_memcpy</STRONG> (Thumb, 0 bytes, Stack size 0 bytes, da14531_symbols.txt(ABSOLUTE))
<BR><BR>[Called By]<UL><LI><a href="#[f5]">&gt;&gt;</a>&nbsp;&nbsp;&nbsp;system_init
<LI><a href="#[de]">&gt;&gt;</a>&nbsp;&nbsp;&nbsp;otp_cs_store
<LI><a href="#[db]">&gt;&gt;</a>&nbsp;&nbsp;&nbsp;arch_rom_init
<LI><a href="#[121]">&gt;&gt;</a>&nbsp;&nbsp;&nbsp;app_init
<LI><a href="#[27]">&gt;&gt;</a>&nbsp;&nbsp;&nbsp;rf_init_func
<LI><a href="#[b1]">&gt;&gt;</a>&nbsp;&nbsp;&nbsp;gattc_read_req_ind_handler
<LI><a href="#[1b7]">&gt;&gt;</a>&nbsp;&nbsp;&nbsp;sps_server_send_event
<LI><a href="#[1b1]">&gt;&gt;</a>&nbsp;&nbsp;&nbsp;sps_set_ccc_value
<LI><a href="#[1a7]">&gt;&gt;</a>&nbsp;&nbsp;&nbsp;sps_att_set_value
<LI><a href="#[a7]">&gt;&gt;</a>&nbsp;&nbsp;&nbsp;diss_value_req_ind_handler
<LI><a href="#[a6]">&gt;&gt;</a>&nbsp;&nbsp;&nbsp;suotar_patch_data_ind_handler
<LI><a href="#[83]">&gt;&gt;</a>&nbsp;&nbsp;&nbsp;gapc_get_dev_info_req_ind_handler
<LI><a href="#[81]">&gt;&gt;</a>&nbsp;&nbsp;&nbsp;gapc_connection_req_ind_handler
<LI><a href="#[79]">&gt;&gt;</a>&nbsp;&nbsp;&nbsp;user_remote_config_enable
<LI><a href="#[17c]">&gt;&gt;</a>&nbsp;&nbsp;&nbsp;app_easy_gap_undirected_advertise_start_create_msg
<LI><a href="#[178]">&gt;&gt;</a>&nbsp;&nbsp;&nbsp;user_advertise_operation
<LI><a href="#[95]">&gt;&gt;</a>&nbsp;&nbsp;&nbsp;default_app_on_set_dev_info
<LI><a href="#[92]">&gt;&gt;</a>&nbsp;&nbsp;&nbsp;default_app_on_get_dev_name
<LI><a href="#[1d7]">&gt;&gt;</a>&nbsp;&nbsp;&nbsp;user_config_write_configuration_struct
<LI><a href="#[1d5]">&gt;&gt;</a>&nbsp;&nbsp;&nbsp;user_config_read_configuration_struct
<LI><a href="#[c6]">&gt;&gt;</a>&nbsp;&nbsp;&nbsp;user_remote_read_request_ind_handler
<LI><a href="#[c5]">&gt;&gt;</a>&nbsp;&nbsp;&nbsp;user_remote_write_request_ind_handler
<LI><a href="#[c4]">&gt;&gt;</a>&nbsp;&nbsp;&nbsp;user_remote_discover_val_ind_handler
<LI><a href="#[c2]">&gt;&gt;</a>&nbsp;&nbsp;&nbsp;remote_read_rsp_cmd_handler
<LI><a href="#[c1]">&gt;&gt;</a>&nbsp;&nbsp;&nbsp;remote_write_rsp_cmd_handler
<LI><a href="#[c0]">&gt;&gt;</a>&nbsp;&nbsp;&nbsp;remote_discover_rsp_cmd_handler
<LI><a href="#[bd]">&gt;&gt;</a>&nbsp;&nbsp;&nbsp;remote_config_gattc_write_req_ind_handler
<LI><a href="#[1ca]">&gt;&gt;</a>&nbsp;&nbsp;&nbsp;user_remote_config_init
<LI><a href="#[1c3]">&gt;&gt;</a>&nbsp;&nbsp;&nbsp;user_send_ble_data
<LI><a href="#[1c1]">&gt;&gt;</a>&nbsp;&nbsp;&nbsp;user_conf_storage_init
</UL>

<P><STRONG><a name="[dd]"></a>__aeabi_memcpy4</STRONG> (Thumb, 0 bytes, Stack size 0 bytes, da14531_symbols.txt(ABSOLUTE))
<BR><BR>[Called By]<UL><LI><a href="#[73]">&gt;&gt;</a>&nbsp;&nbsp;&nbsp;ble_init_arp_func
<LI><a href="#[db]">&gt;&gt;</a>&nbsp;&nbsp;&nbsp;arch_rom_init
<LI><a href="#[135]">&gt;&gt;</a>&nbsp;&nbsp;&nbsp;spi_flash_auto_detect
<LI><a href="#[b9]">&gt;&gt;</a>&nbsp;&nbsp;&nbsp;remote_config_init
<LI><a href="#[1c1]">&gt;&gt;</a>&nbsp;&nbsp;&nbsp;user_conf_storage_init
</UL>

<P><STRONG><a name="[1a3]"></a>__aeabi_memset</STRONG> (Thumb, 0 bytes, Stack size 0 bytes, da14531_symbols.txt(ABSOLUTE))
<BR><BR>[Called By]<UL><LI><a href="#[1a0]">&gt;&gt;</a>&nbsp;&nbsp;&nbsp;app_read_image_headers
</UL>

<P><STRONG><a name="[181]"></a>__aeabi_memclr</STRONG> (Thumb, 0 bytes, Stack size 0 bytes, da14531_symbols.txt(ABSOLUTE))
<BR><BR>[Called By]<UL><LI><a href="#[180]">&gt;&gt;</a>&nbsp;&nbsp;&nbsp;app_easy_gap_dev_config_create_msg
<LI><a href="#[1d5]">&gt;&gt;</a>&nbsp;&nbsp;&nbsp;user_config_read_configuration_struct
</UL>

<P><STRONG><a name="[1ad]"></a>__aeabi_memclr4</STRONG> (Thumb, 0 bytes, Stack size 0 bytes, da14531_symbols.txt(ABSOLUTE))
<BR><BR>[Called By]<UL><LI><a href="#[a8]">&gt;&gt;</a>&nbsp;&nbsp;&nbsp;sps_init
</UL>

<P><STRONG><a name="[1a1]"></a>memcmp</STRONG> (Thumb, 0 bytes, Stack size 0 bytes, da14531_symbols.txt(ABSOLUTE))
<BR><BR>[Called By]<UL><LI><a href="#[1a0]">&gt;&gt;</a>&nbsp;&nbsp;&nbsp;app_read_image_headers
</UL>

<P><STRONG><a name="[df]"></a>__ARM_common_switch8</STRONG> (Thumb, 0 bytes, Stack size 0 bytes, da14531_symbols.txt(ABSOLUTE))
<BR><BR>[Called By]<UL><LI><a href="#[de]">&gt;&gt;</a>&nbsp;&nbsp;&nbsp;otp_cs_store
<LI><a href="#[a7]">&gt;&gt;</a>&nbsp;&nbsp;&nbsp;diss_value_req_ind_handler
<LI><a href="#[bd]">&gt;&gt;</a>&nbsp;&nbsp;&nbsp;remote_config_gattc_write_req_ind_handler
</UL>

<P><STRONG><a name="[42]"></a>nvds_get_func</STRONG> (Thumb, 0 bytes, Stack size 0 bytes, da14531_symbols.txt(ABSOLUTE), UNUSED)
<BR>[Address Reference Count : 1]<UL><LI> jump_table.o(.constdata)
</UL>
<P><STRONG><a name="[45]"></a>nvds_init_func</STRONG> (Thumb, 0 bytes, Stack size 0 bytes, da14531_symbols.txt(ABSOLUTE), UNUSED)
<BR>[Address Reference Count : 1]<UL><LI> jump_table.o(.constdata)
</UL>
<P><STRONG><a name="[44]"></a>nvds_del_func</STRONG> (Thumb, 0 bytes, Stack size 0 bytes, da14531_symbols.txt(ABSOLUTE), UNUSED)
<BR>[Address Reference Count : 1]<UL><LI> jump_table.o(.constdata)
</UL>
<P><STRONG><a name="[43]"></a>nvds_put_func</STRONG> (Thumb, 0 bytes, Stack size 0 bytes, da14531_symbols.txt(ABSOLUTE), UNUSED)
<BR>[Address Reference Count : 1]<UL><LI> jump_table.o(.constdata)
</UL>
<P><STRONG><a name="[e2]"></a>trng_acquire</STRONG> (Thumb, 0 bytes, Stack size 0 bytes, da14531_symbols.txt(ABSOLUTE))
<BR><BR>[Called By]<UL><LI><a href="#[e0]">&gt;&gt;</a>&nbsp;&nbsp;&nbsp;init_rand_seed_from_trng
</UL>

<P><STRONG><a name="[52]"></a>prf_add_profile_func</STRONG> (Thumb, 0 bytes, Stack size 0 bytes, da14531_symbols.txt(ABSOLUTE), UNUSED)
<BR>[Address Reference Count : 1]<UL><LI> jump_table.o(.constdata)
</UL>
<P><STRONG><a name="[54]"></a>prf_cleanup_func</STRONG> (Thumb, 0 bytes, Stack size 0 bytes, da14531_symbols.txt(ABSOLUTE), UNUSED)
<BR>[Address Reference Count : 1]<UL><LI> jump_table.o(.constdata)
</UL>
<P><STRONG><a name="[1a8]"></a>prf_env_get</STRONG> (Thumb, 0 bytes, Stack size 0 bytes, da14531_symbols.txt(ABSOLUTE))
<BR><BR>[Called By]<UL><LI><a href="#[ae]">&gt;&gt;</a>&nbsp;&nbsp;&nbsp;gattc_write_req_ind_handler
<LI><a href="#[b0]">&gt;&gt;</a>&nbsp;&nbsp;&nbsp;sps_server_rx_flow_ctrl_req_handler
<LI><a href="#[af]">&gt;&gt;</a>&nbsp;&nbsp;&nbsp;sps_server_data_tx_req_handler
<LI><a href="#[ad]">&gt;&gt;</a>&nbsp;&nbsp;&nbsp;gattc_cmp_evt_handler
<LI><a href="#[ac]">&gt;&gt;</a>&nbsp;&nbsp;&nbsp;sps_server_enable_req_handler
<LI><a href="#[1ba]">&gt;&gt;</a>&nbsp;&nbsp;&nbsp;sps_get_att_idx
<LI><a href="#[1b9]">&gt;&gt;</a>&nbsp;&nbsp;&nbsp;sps_server_send_data
<LI><a href="#[1b7]">&gt;&gt;</a>&nbsp;&nbsp;&nbsp;sps_server_send_event
<LI><a href="#[1b2]">&gt;&gt;</a>&nbsp;&nbsp;&nbsp;sps_server_indicate_tx_flow_ctrl
<LI><a href="#[ab]">&gt;&gt;</a>&nbsp;&nbsp;&nbsp;sps_cleanup
<LI><a href="#[1b0]">&gt;&gt;</a>&nbsp;&nbsp;&nbsp;sps_att_get_value
<LI><a href="#[aa]">&gt;&gt;</a>&nbsp;&nbsp;&nbsp;sps_create
<LI><a href="#[a9]">&gt;&gt;</a>&nbsp;&nbsp;&nbsp;sps_destroy
<LI><a href="#[1a7]">&gt;&gt;</a>&nbsp;&nbsp;&nbsp;sps_att_set_value
<LI><a href="#[8d]">&gt;&gt;</a>&nbsp;&nbsp;&nbsp;user_on_update_params_rejected
<LI><a href="#[8e]">&gt;&gt;</a>&nbsp;&nbsp;&nbsp;user_on_update_params_complete
<LI><a href="#[98]">&gt;&gt;</a>&nbsp;&nbsp;&nbsp;user_on_gapc_peer_features_ind
<LI><a href="#[a2]">&gt;&gt;</a>&nbsp;&nbsp;&nbsp;user_catch_rest_hndl
<LI><a href="#[c6]">&gt;&gt;</a>&nbsp;&nbsp;&nbsp;user_remote_read_request_ind_handler
<LI><a href="#[c4]">&gt;&gt;</a>&nbsp;&nbsp;&nbsp;user_remote_discover_val_ind_handler
<LI><a href="#[c2]">&gt;&gt;</a>&nbsp;&nbsp;&nbsp;remote_read_rsp_cmd_handler
<LI><a href="#[c1]">&gt;&gt;</a>&nbsp;&nbsp;&nbsp;remote_write_rsp_cmd_handler
<LI><a href="#[c0]">&gt;&gt;</a>&nbsp;&nbsp;&nbsp;remote_discover_rsp_cmd_handler
<LI><a href="#[bf]">&gt;&gt;</a>&nbsp;&nbsp;&nbsp;remote_config_enable_req_handler
<LI><a href="#[be]">&gt;&gt;</a>&nbsp;&nbsp;&nbsp;remote_config_gattc_read_req_ind_handler
<LI><a href="#[bd]">&gt;&gt;</a>&nbsp;&nbsp;&nbsp;remote_config_gattc_write_req_ind_handler
<LI><a href="#[1d1]">&gt;&gt;</a>&nbsp;&nbsp;&nbsp;remote_config_get_att_idx
<LI><a href="#[1cd]">&gt;&gt;</a>&nbsp;&nbsp;&nbsp;user_set_default_tx_size
<LI><a href="#[1c5]">&gt;&gt;</a>&nbsp;&nbsp;&nbsp;user_dma_uart_to_ble_confirm
</UL>

<P><STRONG><a name="[1b3]"></a>prf_src_task_get</STRONG> (Thumb, 0 bytes, Stack size 0 bytes, da14531_symbols.txt(ABSOLUTE))
<BR><BR>[Called By]<UL><LI><a href="#[1b9]">&gt;&gt;</a>&nbsp;&nbsp;&nbsp;sps_server_send_data
<LI><a href="#[1b7]">&gt;&gt;</a>&nbsp;&nbsp;&nbsp;sps_server_send_event
<LI><a href="#[1b5]">&gt;&gt;</a>&nbsp;&nbsp;&nbsp;sps_server_data_receive
<LI><a href="#[1b2]">&gt;&gt;</a>&nbsp;&nbsp;&nbsp;sps_server_indicate_tx_flow_ctrl
</UL>

<P><STRONG><a name="[1b4]"></a>prf_dst_task_get</STRONG> (Thumb, 0 bytes, Stack size 0 bytes, da14531_symbols.txt(ABSOLUTE))
<BR><BR>[Called By]<UL><LI><a href="#[af]">&gt;&gt;</a>&nbsp;&nbsp;&nbsp;sps_server_data_tx_req_handler
<LI><a href="#[ad]">&gt;&gt;</a>&nbsp;&nbsp;&nbsp;gattc_cmp_evt_handler
<LI><a href="#[1b2]">&gt;&gt;</a>&nbsp;&nbsp;&nbsp;sps_server_indicate_tx_flow_ctrl
<LI><a href="#[bd]">&gt;&gt;</a>&nbsp;&nbsp;&nbsp;remote_config_gattc_write_req_ind_handler
</UL>

<P><STRONG><a name="[55]"></a>prf_get_id_from_task_func</STRONG> (Thumb, 0 bytes, Stack size 0 bytes, da14531_symbols.txt(ABSOLUTE), UNUSED)
<BR>[Address Reference Count : 1]<UL><LI> jump_table.o(.constdata)
</UL>
<P><STRONG><a name="[56]"></a>prf_get_task_from_id_func</STRONG> (Thumb, 0 bytes, Stack size 0 bytes, da14531_symbols.txt(ABSOLUTE), UNUSED)
<BR>[Address Reference Count : 1]<UL><LI> jump_table.o(.constdata)
</UL>
<P><STRONG><a name="[16f]"></a>prf_itf_get</STRONG> (Thumb, 0 bytes, Stack size 0 bytes, da14531_symbols.txt(ABSOLUTE))
<BR><BR>[Called By]<UL><LI><a href="#[51]">&gt;&gt;</a>&nbsp;&nbsp;&nbsp;prf_init_func
<LI><a href="#[53]">&gt;&gt;</a>&nbsp;&nbsp;&nbsp;prf_create_func
</UL>

<P><STRONG><a name="[74]"></a>diss_prf_itf_get</STRONG> (Thumb, 0 bytes, Stack size 0 bytes, da14531_symbols.txt(ABSOLUTE), UNUSED)
<BR>[Address Reference Count : 1]<UL><LI> prf.o(.constdata)
</UL>
<P><STRONG><a name="[75]"></a>suotar_prf_itf_get</STRONG> (Thumb, 0 bytes, Stack size 0 bytes, da14531_symbols.txt(ABSOLUTE), UNUSED)
<BR>[Address Reference Count : 1]<UL><LI> prf.o(.constdata)
</UL>
<P><STRONG><a name="[1bf]"></a>check_client_char_cfg</STRONG> (Thumb, 0 bytes, Stack size 0 bytes, da14531_symbols.txt(ABSOLUTE))
<BR><BR>[Called By]<UL><LI><a href="#[ae]">&gt;&gt;</a>&nbsp;&nbsp;&nbsp;gattc_write_req_ind_handler
</UL>

<P><STRONG><a name="[1bd]"></a>get_value_handle</STRONG> (Thumb, 0 bytes, Stack size 0 bytes, da14531_symbols.txt(ABSOLUTE))
<BR><BR>[Called By]<UL><LI><a href="#[ae]">&gt;&gt;</a>&nbsp;&nbsp;&nbsp;gattc_write_req_ind_handler
</UL>

<P><STRONG><a name="[1b8]"></a>get_cfg_handle</STRONG> (Thumb, 0 bytes, Stack size 0 bytes, da14531_symbols.txt(ABSOLUTE))
<BR><BR>[Called By]<UL><LI><a href="#[1b9]">&gt;&gt;</a>&nbsp;&nbsp;&nbsp;sps_server_send_data
<LI><a href="#[1b7]">&gt;&gt;</a>&nbsp;&nbsp;&nbsp;sps_server_send_event
</UL>

<P><STRONG><a name="[1ac]"></a>attm_svc_create_db_128</STRONG> (Thumb, 0 bytes, Stack size 0 bytes, da14531_symbols.txt(ABSOLUTE))
<BR><BR>[Called By]<UL><LI><a href="#[a8]">&gt;&gt;</a>&nbsp;&nbsp;&nbsp;sps_init
<LI><a href="#[b9]">&gt;&gt;</a>&nbsp;&nbsp;&nbsp;remote_config_init
</UL>

<P><STRONG><a name="[86]"></a>gapm_adv_report_ind_handler_ROM</STRONG> (Thumb, 0 bytes, Stack size 0 bytes, da14531_symbols.txt(ABSOLUTE), UNUSED)
<BR>[Address Reference Count : 1]<UL><LI> app_task.o(.constdata)
</UL>
<P><STRONG><a name="[84]"></a>gapc_set_dev_info_req_ind_handler_ROM</STRONG> (Thumb, 0 bytes, Stack size 0 bytes, da14531_symbols.txt(ABSOLUTE), UNUSED)
<BR>[Address Reference Count : 1]<UL><LI> app_task.o(.constdata)
</UL>
<P><STRONG><a name="[85]"></a>gapm_profile_added_ind_handler_ROM</STRONG> (Thumb, 0 bytes, Stack size 0 bytes, da14531_symbols.txt(ABSOLUTE), UNUSED)
<BR>[Address Reference Count : 1]<UL><LI> app_task.o(.constdata)
</UL>
<P><STRONG><a name="[87]"></a>gapc_param_update_req_ind_handler_ROM</STRONG> (Thumb, 0 bytes, Stack size 0 bytes, da14531_symbols.txt(ABSOLUTE), UNUSED)
<BR>[Address Reference Count : 1]<UL><LI> app_task.o(.constdata)
</UL>
<P><STRONG><a name="[88]"></a>gapc_le_pkt_size_ind_handler_ROM</STRONG> (Thumb, 0 bytes, Stack size 0 bytes, da14531_symbols.txt(ABSOLUTE), UNUSED)
<BR>[Address Reference Count : 1]<UL><LI> app_task.o(.constdata)
</UL>
<P><STRONG><a name="[89]"></a>gattc_svc_changed_cfg_ind_handler_ROM</STRONG> (Thumb, 0 bytes, Stack size 0 bytes, da14531_symbols.txt(ABSOLUTE), UNUSED)
<BR>[Address Reference Count : 1]<UL><LI> app_task.o(.constdata)
</UL>
<P><STRONG><a name="[8a]"></a>gapc_peer_features_ind_handler_ROM</STRONG> (Thumb, 0 bytes, Stack size 0 bytes, da14531_symbols.txt(ABSOLUTE), UNUSED)
<BR>[Address Reference Count : 1]<UL><LI> app_task.o(.constdata)
</UL>
<P><STRONG><a name="[189]"></a>app_std_process_event</STRONG> (Thumb, 0 bytes, Stack size 0 bytes, da14531_symbols.txt(ABSOLUTE))
<BR><BR>[Called By]<UL><LI><a href="#[9e]">&gt;&gt;</a>&nbsp;&nbsp;&nbsp;user_spss_process_handler
<LI><a href="#[9f]">&gt;&gt;</a>&nbsp;&nbsp;&nbsp;user_remote_config_process_handler
<LI><a href="#[9d]">&gt;&gt;</a>&nbsp;&nbsp;&nbsp;app_suotar_process_handler
<LI><a href="#[9c]">&gt;&gt;</a>&nbsp;&nbsp;&nbsp;app_diss_process_handler
<LI><a href="#[99]">&gt;&gt;</a>&nbsp;&nbsp;&nbsp;app_gap_process_handler
</UL>

<P><STRONG><a name="[10c]"></a>__aeabi_uldivmod</STRONG> (Thumb, 0 bytes, Stack size 0 bytes, da14531_symbols.txt(ABSOLUTE))
<BR><BR>[Called By]<UL><LI><a href="#[f7]">&gt;&gt;</a>&nbsp;&nbsp;&nbsp;read_rcx_freq
</UL>

<P><STRONG><a name="[179]"></a>app_db_init_start</STRONG> (Thumb, 0 bytes, Stack size 0 bytes, da14531_symbols.txt(ABSOLUTE))
<BR><BR>[Called By]<UL><LI><a href="#[8f]">&gt;&gt;</a>&nbsp;&nbsp;&nbsp;default_app_on_set_dev_config_complete
</UL>

<P><STRONG><a name="[188]"></a>app_easy_gap_confirm</STRONG> (Thumb, 0 bytes, Stack size 0 bytes, da14531_symbols.txt(ABSOLUTE))
<BR><BR>[Called By]<UL><LI><a href="#[81]">&gt;&gt;</a>&nbsp;&nbsp;&nbsp;gapc_connection_req_ind_handler
</UL>

<P><STRONG><a name="[17e]"></a>append_device_name</STRONG> (Thumb, 0 bytes, Stack size 0 bytes, da14531_symbols.txt(ABSOLUTE))
<BR><BR>[Called By]<UL><LI><a href="#[17c]">&gt;&gt;</a>&nbsp;&nbsp;&nbsp;app_easy_gap_undirected_advertise_start_create_msg
<LI><a href="#[1ce]">&gt;&gt;</a>&nbsp;&nbsp;&nbsp;user_append_device_name
</UL>

<P><STRONG><a name="[19c]"></a>app_easy_gap_disconnect</STRONG> (Thumb, 0 bytes, Stack size 0 bytes, da14531_symbols.txt(ABSOLUTE))
<BR><BR>[Called By]<UL><LI><a href="#[19a]">&gt;&gt;</a>&nbsp;&nbsp;&nbsp;app_suotar_read_mem
</UL>

<P><STRONG><a name="[1cc]"></a>app_easy_gap_set_data_packet_length</STRONG> (Thumb, 0 bytes, Stack size 0 bytes, da14531_symbols.txt(ABSOLUTE))
<BR><BR>[Called By]<UL><LI><a href="#[8d]">&gt;&gt;</a>&nbsp;&nbsp;&nbsp;user_on_update_params_rejected
<LI><a href="#[8e]">&gt;&gt;</a>&nbsp;&nbsp;&nbsp;user_on_update_params_complete
</UL>

<P><STRONG><a name="[190]"></a>get_user_prf_srv_perm</STRONG> (Thumb, 0 bytes, Stack size 0 bytes, da14531_symbols.txt(ABSOLUTE))
<BR><BR>[Called By]<UL><LI><a href="#[7c]">&gt;&gt;</a>&nbsp;&nbsp;&nbsp;user_spss_create_db
<LI><a href="#[78]">&gt;&gt;</a>&nbsp;&nbsp;&nbsp;user_remote_config_create_db
<LI><a href="#[7b]">&gt;&gt;</a>&nbsp;&nbsp;&nbsp;app_suotar_create_db
<LI><a href="#[7a]">&gt;&gt;</a>&nbsp;&nbsp;&nbsp;app_diss_create_db
</UL>

<P><STRONG><a name="[175]"></a>prf_init_srv_perm</STRONG> (Thumb, 0 bytes, Stack size 0 bytes, da14531_symbols.txt(ABSOLUTE))
<BR><BR>[Called By]<UL><LI><a href="#[171]">&gt;&gt;</a>&nbsp;&nbsp;&nbsp;default_app_on_init
</UL>

<P><STRONG><a name="[20]"></a>__main</STRONG> (Thumb, 0 bytes, Stack size unknown bytes, entry.o(.ARM.Collect$$$$00000000))
<BR>[Address Reference Count : 1]<UL><LI> startup_da14531.o(.text)
</UL>
<P><STRONG><a name="[220]"></a>_main_stk</STRONG> (Thumb, 0 bytes, Stack size unknown bytes, entry2.o(.ARM.Collect$$$$00000001))

<P><STRONG><a name="[f1]"></a>_main_scatterload</STRONG> (Thumb, 0 bytes, Stack size unknown bytes, entry5.o(.ARM.Collect$$$$00000004))
<BR><BR>[Calls]<UL><LI><a href="#[f2]">&gt;&gt;</a>&nbsp;&nbsp;&nbsp;__scatterload
</UL>

<P><STRONG><a name="[1dc]"></a>__main_after_scatterload</STRONG> (Thumb, 0 bytes, Stack size unknown bytes, entry5.o(.ARM.Collect$$$$00000004))
<BR><BR>[Called By]<UL><LI><a href="#[f2]">&gt;&gt;</a>&nbsp;&nbsp;&nbsp;__scatterload
</UL>

<P><STRONG><a name="[221]"></a>_main_clock</STRONG> (Thumb, 0 bytes, Stack size unknown bytes, entry7b.o(.ARM.Collect$$$$00000008))

<P><STRONG><a name="[222]"></a>_main_cpp_init</STRONG> (Thumb, 0 bytes, Stack size unknown bytes, entry8b.o(.ARM.Collect$$$$0000000A))

<P><STRONG><a name="[223]"></a>_main_init</STRONG> (Thumb, 0 bytes, Stack size unknown bytes, entry9a.o(.ARM.Collect$$$$0000000B))

<P><STRONG><a name="[224]"></a>__rt_final_cpp</STRONG> (Thumb, 0 bytes, Stack size unknown bytes, entry10a.o(.ARM.Collect$$$$0000000D))

<P><STRONG><a name="[225]"></a>__rt_final_exit</STRONG> (Thumb, 0 bytes, Stack size unknown bytes, entry11a.o(.ARM.Collect$$$$0000000F))

<P><STRONG><a name="[22]"></a>HardFault_HandlerC</STRONG> (Thumb, 2 bytes, Stack size 0 bytes, hardfault_handler.o(.text))
<BR><BR>[Calls]<UL><LI><a href="#[22]">&gt;&gt;</a>&nbsp;&nbsp;&nbsp;HardFault_HandlerC
</UL>
<BR>[Called By]<UL><LI><a href="#[22]">&gt;&gt;</a>&nbsp;&nbsp;&nbsp;HardFault_HandlerC
</UL>
<BR>[Address Reference Count : 1]<UL><LI> startup_da14531.o(.text)
</UL>
<P><STRONG><a name="[21]"></a>NMI_HandlerC</STRONG> (Thumb, 42 bytes, Stack size 0 bytes, nmi_handler.o(.text))
<BR>[Address Reference Count : 1]<UL><LI> startup_da14531.o(.text)
</UL>
<P><STRONG><a name="[1f]"></a>SystemInit</STRONG> (Thumb, 102 bytes, Stack size 8 bytes, system_da14531.o(.text))
<BR><BR>[Stack]<UL><LI>Max Depth = 8<LI>Call Chain = SystemInit
</UL>
<BR>[Calls]<UL><LI><a href="#[f3]">&gt;&gt;</a>&nbsp;&nbsp;&nbsp;__NVIC_DisableIRQ
</UL>
<BR>[Address Reference Count : 1]<UL><LI> startup_da14531.o(.text)
</UL>
<P><STRONG><a name="[0]"></a>Reset_Handler</STRONG> (Thumb, 8 bytes, Stack size 0 bytes, startup_da14531.o(.text))
<BR>[Address Reference Count : 1]<UL><LI> startup_da14531.o(RESET)
</UL>
<P><STRONG><a name="[3]"></a>SVC_Handler</STRONG> (Thumb, 2 bytes, Stack size 0 bytes, startup_da14531.o(.text))
<BR><BR>[Calls]<UL><LI><a href="#[3]">&gt;&gt;</a>&nbsp;&nbsp;&nbsp;SVC_Handler
</UL>
<BR>[Called By]<UL><LI><a href="#[3]">&gt;&gt;</a>&nbsp;&nbsp;&nbsp;SVC_Handler
</UL>
<BR>[Address Reference Count : 1]<UL><LI> startup_da14531.o(RESET)
</UL>
<P><STRONG><a name="[4]"></a>PendSV_Handler</STRONG> (Thumb, 2 bytes, Stack size 0 bytes, startup_da14531.o(.text))
<BR><BR>[Calls]<UL><LI><a href="#[4]">&gt;&gt;</a>&nbsp;&nbsp;&nbsp;PendSV_Handler
</UL>
<BR>[Called By]<UL><LI><a href="#[4]">&gt;&gt;</a>&nbsp;&nbsp;&nbsp;PendSV_Handler
</UL>
<BR>[Address Reference Count : 1]<UL><LI> startup_da14531.o(RESET)
</UL>
<P><STRONG><a name="[5]"></a>SysTick_Handler</STRONG> (Thumb, 2 bytes, Stack size 0 bytes, startup_da14531.o(.text))
<BR><BR>[Calls]<UL><LI><a href="#[5]">&gt;&gt;</a>&nbsp;&nbsp;&nbsp;SysTick_Handler
</UL>
<BR>[Called By]<UL><LI><a href="#[5]">&gt;&gt;</a>&nbsp;&nbsp;&nbsp;SysTick_Handler
</UL>
<BR>[Address Reference Count : 1]<UL><LI> startup_da14531.o(RESET)
</UL>
<P><STRONG><a name="[e]"></a>BLE_RF_DIAG_Handler</STRONG> (Thumb, 0 bytes, Stack size 0 bytes, startup_da14531.o(.text))
<BR><BR>[Calls]<UL><LI><a href="#[e]">&gt;&gt;</a>&nbsp;&nbsp;&nbsp;BLE_RF_DIAG_Handler
</UL>
<BR>[Called By]<UL><LI><a href="#[e]">&gt;&gt;</a>&nbsp;&nbsp;&nbsp;BLE_RF_DIAG_Handler
</UL>
<BR>[Address Reference Count : 1]<UL><LI> startup_da14531.o(RESET)
</UL>
<P><STRONG><a name="[19]"></a>DMA_Handler</STRONG> (Thumb, 0 bytes, Stack size 0 bytes, startup_da14531.o(.text))
[...]
</UL>
<BR>[Calls]<UL><LI><a href="#[dc]">&gt;&gt;</a>&nbsp;&nbsp;&nbsp;__aeabi_memcpy
<LI><a href="#[185]">&gt;&gt;</a>&nbsp;&nbsp;&nbsp;ke_msg_send
<LI><a href="#[17d]">&gt;&gt;</a>&nbsp;&nbsp;&nbsp;ke_msg_alloc
<LI><a href="#[df]">&gt;&gt;</a>&nbsp;&nbsp;&nbsp;__ARM_common_switch8
</UL>
<BR>[Address Reference Count : 1]<UL><LI> app_diss_task.o(.constdata)
</UL>
<P><STRONG><a name="[1a7]"></a>sps_att_set_value</STRONG> (Thumb, 102 bytes, Stack size 32 bytes, sps_server.o(.text))
<BR><BR>[Stack]<UL><LI>Max Depth = 32<LI>Call Chain = sps_att_set_value
</UL>
<BR>[Calls]<UL><LI><a href="#[e1]">&gt;&gt;</a>&nbsp;&nbsp;&nbsp;ke_malloc
<LI><a href="#[e3]">&gt;&gt;</a>&nbsp;&nbsp;&nbsp;ke_free
<LI><a href="#[dc]">&gt;&gt;</a>&nbsp;&nbsp;&nbsp;__aeabi_memcpy
<LI><a href="#[1a8]">&gt;&gt;</a>&nbsp;&nbsp;&nbsp;prf_env_get
<LI><a href="#[1aa]">&gt;&gt;</a>&nbsp;&nbsp;&nbsp;co_list_push_back
<LI><a href="#[1a9]">&gt;&gt;</a>&nbsp;&nbsp;&nbsp;co_list_extract
</UL>
<BR>[Called By]<UL><LI><a href="#[1b1]">&gt;&gt;</a>&nbsp;&nbsp;&nbsp;sps_set_ccc_value
<LI><a href="#[1ab]">&gt;&gt;</a>&nbsp;&nbsp;&nbsp;sps_init_ccc_values
</UL>

<P><STRONG><a name="[a9]"></a>sps_destroy</STRONG> (Thumb, 46 bytes, Stack size 16 bytes, sps_server.o(.text))
<BR><BR>[Stack]<UL><LI>Max Depth = 16<LI>Call Chain = sps_destroy
</UL>
<BR>[Calls]<UL><LI><a href="#[e3]">&gt;&gt;</a>&nbsp;&nbsp;&nbsp;ke_free
<LI><a href="#[1a8]">&gt;&gt;</a>&nbsp;&nbsp;&nbsp;prf_env_get
<LI><a href="#[1af]">&gt;&gt;</a>&nbsp;&nbsp;&nbsp;co_list_pop_front
</UL>
<BR>[Address Reference Count : 1]<UL><LI> sps_server.o(.constdata)
</UL>
<P><STRONG><a name="[aa]"></a>sps_create</STRONG> (Thumb, 30 bytes, Stack size 8 bytes, sps_server.o(.text))
<BR><BR>[Stack]<UL><LI>Max Depth = 8<LI>Call Chain = sps_create
</UL>
<BR>[Calls]<UL><LI><a href="#[1a8]">&gt;&gt;</a>&nbsp;&nbsp;&nbsp;prf_env_get
<LI><a href="#[182]">&gt;&gt;</a>&nbsp;&nbsp;&nbsp;ke_state_set
</UL>
<BR>[Address Reference Count : 1]<UL><LI> sps_server.o(.constdata)
</UL>
<P><STRONG><a name="[1b0]"></a>sps_att_get_value</STRONG> (Thumb, 56 bytes, Stack size 16 bytes, sps_server.o(.text))
<BR><BR>[Stack]<UL><LI>Max Depth = 16<LI>Call Chain = sps_att_get_value
</UL>
<BR>[Calls]<UL><LI><a href="#[1a8]">&gt;&gt;</a>&nbsp;&nbsp;&nbsp;prf_env_get
</UL>
<BR>[Called By]<UL><LI><a href="#[1bb]">&gt;&gt;</a>&nbsp;&nbsp;&nbsp;sps_get_ccc_value
<LI><a href="#[1b9]">&gt;&gt;</a>&nbsp;&nbsp;&nbsp;sps_server_send_data
<LI><a href="#[1b7]">&gt;&gt;</a>&nbsp;&nbsp;&nbsp;sps_server_send_event
<LI><a href="#[1b1]">&gt;&gt;</a>&nbsp;&nbsp;&nbsp;sps_set_ccc_value
</UL>

<P><STRONG><a name="[ab]"></a>sps_cleanup</STRONG> (Thumb, 70 bytes, Stack size 32 bytes, sps_server.o(.text))
<BR><BR>[Stack]<UL><LI>Max Depth = 96<LI>Call Chain = sps_cleanup &rArr; sps_set_ccc_value &rArr; sps_att_set_value
</UL>
<BR>[Calls]<UL><LI><a href="#[1a8]">&gt;&gt;</a>&nbsp;&nbsp;&nbsp;prf_env_get
<LI><a href="#[1b1]">&gt;&gt;</a>&nbsp;&nbsp;&nbsp;sps_set_ccc_value
<LI><a href="#[182]">&gt;&gt;</a>&nbsp;&nbsp;&nbsp;ke_state_set
</UL>
<BR>[Address Reference Count : 1]<UL><LI> sps_server.o(.constdata)
</UL>
<P><STRONG><a name="[ac]"></a>sps_server_enable_req_handler</STRONG> (Thumb, 80 bytes, Stack size 24 bytes, sps_server_task.o(.text))
<BR><BR>[Stack]<UL><LI>Max Depth = 40<LI>Call Chain = sps_server_enable_req_handler &rArr; sps_server_error_ind_send
</UL>
<BR>[Calls]<UL><LI><a href="#[1a8]">&gt;&gt;</a>&nbsp;&nbsp;&nbsp;prf_env_get
<LI><a href="#[1b6]">&gt;&gt;</a>&nbsp;&nbsp;&nbsp;sps_server_error_ind_send
<LI><a href="#[182]">&gt;&gt;</a>&nbsp;&nbsp;&nbsp;ke_state_set
<LI><a href="#[185]">&gt;&gt;</a>&nbsp;&nbsp;&nbsp;ke_msg_send
<LI><a href="#[17d]">&gt;&gt;</a>&nbsp;&nbsp;&nbsp;ke_msg_alloc
</UL>
<BR>[Address Reference Count : 1]<UL><LI> sps_server_task.o(.constdata)
</UL>
<P><STRONG><a name="[ad]"></a>gattc_cmp_evt_handler</STRONG> (Thumb, 78 bytes, Stack size 16 bytes, sps_server_task.o(.text))
<BR><BR>[Stack]<UL><LI>Max Depth = 16<LI>Call Chain = gattc_cmp_evt_handler
</UL>
<BR>[Calls]<UL><LI><a href="#[1a8]">&gt;&gt;</a>&nbsp;&nbsp;&nbsp;prf_env_get
<LI><a href="#[1b4]">&gt;&gt;</a>&nbsp;&nbsp;&nbsp;prf_dst_task_get
<LI><a href="#[185]">&gt;&gt;</a>&nbsp;&nbsp;&nbsp;ke_msg_send
<LI><a href="#[17d]">&gt;&gt;</a>&nbsp;&nbsp;&nbsp;ke_msg_alloc
</UL>
<BR>[Address Reference Count : 1]<UL><LI> sps_server_task.o(.constdata)
</UL>
<P><STRONG><a name="[af]"></a>sps_server_data_tx_req_handler</STRONG> (Thumb, 86 bytes, Stack size 24 bytes, sps_server_task.o(.text))
<BR><BR>[Stack]<UL><LI>Max Depth = 88<LI>Call Chain = sps_server_data_tx_req_handler &rArr; sps_server_send_data &rArr; sps_att_get_value
</UL>
<BR>[Calls]<UL><LI><a href="#[1a8]">&gt;&gt;</a>&nbsp;&nbsp;&nbsp;prf_env_get
<LI><a href="#[1b4]">&gt;&gt;</a>&nbsp;&nbsp;&nbsp;prf_dst_task_get
<LI><a href="#[1b9]">&gt;&gt;</a>&nbsp;&nbsp;&nbsp;sps_server_send_data
<LI><a href="#[185]">&gt;&gt;</a>&nbsp;&nbsp;&nbsp;ke_msg_send
<LI><a href="#[17d]">&gt;&gt;</a>&nbsp;&nbsp;&nbsp;ke_msg_alloc
</UL>
<BR>[Address Reference Count : 1]<UL><LI> sps_server_task.o(.constdata)
</UL>
<P><STRONG><a name="[b0]"></a>sps_server_rx_flow_ctrl_req_handler</STRONG> (Thumb, 66 bytes, Stack size 16 bytes, sps_server_task.o(.text))
<BR><BR>[Stack]<UL><LI>Max Depth = 80<LI>Call Chain = sps_server_rx_flow_ctrl_req_handler &rArr; sps_server_send_event &rArr; sps_att_get_value
</UL>
<BR>[Calls]<UL><LI><a href="#[1bc]">&gt;&gt;</a>&nbsp;&nbsp;&nbsp;attmdb_att_set_value
<LI><a href="#[1a8]">&gt;&gt;</a>&nbsp;&nbsp;&nbsp;prf_env_get
<LI><a href="#[1b7]">&gt;&gt;</a>&nbsp;&nbsp;&nbsp;sps_server_send_event
</UL>
<BR>[Address Reference Count : 1]<UL><LI> sps_server_task.o(.constdata)
</UL>
<P><STRONG><a name="[ae]"></a>gattc_write_req_ind_handler</STRONG> (Thumb, 290 bytes, Stack size 64 bytes, sps_server_task.o(.text))
<BR><BR>[Stack]<UL><LI>Max Depth = 128<LI>Call Chain = gattc_write_req_ind_handler &rArr; sps_server_send_event &rArr; sps_att_get_value
</UL>
<BR>[Calls]<UL><LI><a href="#[1bd]">&gt;&gt;</a>&nbsp;&nbsp;&nbsp;get_value_handle
<LI><a href="#[1bf]">&gt;&gt;</a>&nbsp;&nbsp;&nbsp;check_client_char_cfg
<LI><a href="#[1bc]">&gt;&gt;</a>&nbsp;&nbsp;&nbsp;attmdb_att_set_value
<LI><a href="#[1be]">&gt;&gt;</a>&nbsp;&nbsp;&nbsp;attmdb_att_get_permission
<LI><a href="#[1a8]">&gt;&gt;</a>&nbsp;&nbsp;&nbsp;prf_env_get
<LI><a href="#[1ba]">&gt;&gt;</a>&nbsp;&nbsp;&nbsp;sps_get_att_idx
<LI><a href="#[1b7]">&gt;&gt;</a>&nbsp;&nbsp;&nbsp;sps_server_send_event
<LI><a href="#[1b5]">&gt;&gt;</a>&nbsp;&nbsp;&nbsp;sps_server_data_receive
<LI><a href="#[1b2]">&gt;&gt;</a>&nbsp;&nbsp;&nbsp;sps_server_indicate_tx_flow_ctrl
<LI><a href="#[1b1]">&gt;&gt;</a>&nbsp;&nbsp;&nbsp;sps_set_ccc_value
<LI><a href="#[185]">&gt;&gt;</a>&nbsp;&nbsp;&nbsp;ke_msg_send
<LI><a href="#[17d]">&gt;&gt;</a>&nbsp;&nbsp;&nbsp;ke_msg_alloc
</UL>
<BR>[Address Reference Count : 1]<UL><LI> sps_server_task.o(.constdata)
</UL>
<P><STRONG><a name="[b1]"></a>gattc_read_req_ind_handler</STRONG> (Thumb, 116 bytes, Stack size 56 bytes, sps_server_task.o(.text))
<BR><BR>[Stack]<UL><LI>Max Depth = 88<LI>Call Chain = gattc_read_req_ind_handler &rArr; sps_get_ccc_value &rArr; sps_att_get_value
</UL>
<BR>[Calls]<UL><LI><a href="#[dc]">&gt;&gt;</a>&nbsp;&nbsp;&nbsp;__aeabi_memcpy
<LI><a href="#[1bb]">&gt;&gt;</a>&nbsp;&nbsp;&nbsp;sps_get_ccc_value
<LI><a href="#[1ba]">&gt;&gt;</a>&nbsp;&nbsp;&nbsp;sps_get_att_idx
<LI><a href="#[185]">&gt;&gt;</a>&nbsp;&nbsp;&nbsp;ke_msg_send
<LI><a href="#[17d]">&gt;&gt;</a>&nbsp;&nbsp;&nbsp;ke_msg_alloc
</UL>
<BR>[Address Reference Count : 1]<UL><LI> sps_server_task.o(.constdata)
</UL>
<P><STRONG><a name="[1c2]"></a>calc_total_interval</STRONG> (Thumb, 20 bytes, Stack size 0 bytes, user_sps_device_config.o(.text))
<BR><BR>[Called By]<UL><LI><a href="#[ce]">&gt;&gt;</a>&nbsp;&nbsp;&nbsp;user_sps_config_verify_sup_to_cb
<LI><a href="#[cd]">&gt;&gt;</a>&nbsp;&nbsp;&nbsp;user_sps_config_verify_sl_cb
<LI><a href="#[cc]">&gt;&gt;</a>&nbsp;&nbsp;&nbsp;user_sps_config_verify_ci_max_cb
</UL>

<P><STRONG><a name="[1ce]"></a>user_append_device_name</STRONG> (Thumb, 58 bytes, Stack size 16 bytes, user_sps_device_dma.o(.text))
<BR><BR>[Stack]<UL><LI>Max Depth = 16<LI>Call Chain = user_append_device_name
</UL>
<BR>[Calls]<UL><LI><a href="#[17e]">&gt;&gt;</a>&nbsp;&nbsp;&nbsp;append_device_name
</UL>
<BR>[Called By]<UL><LI><a href="#[90]">&gt;&gt;</a>&nbsp;&nbsp;&nbsp;user_on_adv_undirect_complete
<LI><a href="#[178]">&gt;&gt;</a>&nbsp;&nbsp;&nbsp;user_advertise_operation
</UL>

<P><STRONG><a name="[1cb]"></a>user_gattc_exc_mtu_cmd</STRONG> (Thumb, 30 bytes, Stack size 8 bytes, user_sps_device_dma.o(.text))
<BR><BR>[Stack]<UL><LI>Max Depth = 8<LI>Call Chain = user_gattc_exc_mtu_cmd
</UL>
<BR>[Calls]<UL><LI><a href="#[185]">&gt;&gt;</a>&nbsp;&nbsp;&nbsp;ke_msg_send
<LI><a href="#[17d]">&gt;&gt;</a>&nbsp;&nbsp;&nbsp;ke_msg_alloc
</UL>
<BR>[Called By]<UL><LI><a href="#[8d]">&gt;&gt;</a>&nbsp;&nbsp;&nbsp;user_on_update_params_rejected
<LI><a href="#[8e]">&gt;&gt;</a>&nbsp;&nbsp;&nbsp;user_on_update_params_complete
<LI><a href="#[96]">&gt;&gt;</a>&nbsp;&nbsp;&nbsp;user_on_data_length_change
</UL>

<P><STRONG><a name="[1cd]"></a>user_set_default_tx_size</STRONG> (Thumb, 32 bytes, Stack size 8 bytes, user_sps_device_dma.o(.text))
<BR><BR>[Stack]<UL><LI>Max Depth = 8<LI>Call Chain = user_set_default_tx_size
</UL>
<BR>[Calls]<UL><LI><a href="#[1a8]">&gt;&gt;</a>&nbsp;&nbsp;&nbsp;prf_env_get
<LI><a href="#[1cf]">&gt;&gt;</a>&nbsp;&nbsp;&nbsp;gattc_get_mtu
</UL>
<BR>[Called By]<UL><LI><a href="#[8d]">&gt;&gt;</a>&nbsp;&nbsp;&nbsp;user_on_update_params_rejected
<LI><a href="#[8e]">&gt;&gt;</a>&nbsp;&nbsp;&nbsp;user_on_update_params_complete
</UL>

<P><STRONG><a name="[b9]"></a>remote_config_init</STRONG> (Thumb, 138 bytes, Stack size 72 bytes, remote_config.o(.text))
<BR><BR>[Stack]<UL><LI>Max Depth = 72<LI>Call Chain = remote_config_init
</UL>
<BR>[Calls]<UL><LI><a href="#[e1]">&gt;&gt;</a>&nbsp;&nbsp;&nbsp;ke_malloc
<LI><a href="#[dd]">&gt;&gt;</a>&nbsp;&nbsp;&nbsp;__aeabi_memcpy4
<LI><a href="#[1bc]">&gt;&gt;</a>&nbsp;&nbsp;&nbsp;attmdb_att_set_value
<LI><a href="#[1ac]">&gt;&gt;</a>&nbsp;&nbsp;&nbsp;attm_svc_create_db_128
<LI><a href="#[182]">&gt;&gt;</a>&nbsp;&nbsp;&nbsp;ke_state_set
</UL>
<BR>[Address Reference Count : 1]<UL><LI> remote_config.o(.constdata)
</UL>
<P><STRONG><a name="[ba]"></a>remote_config_destroy</STRONG> (Thumb, 28 bytes, Stack size 16 bytes, remote_config.o(.text))
<BR><BR>[Stack]<UL><LI>Max Depth = 16<LI>Call Chain = remote_config_destroy
</UL>
<BR>[Calls]<UL><LI><a href="#[e3]">&gt;&gt;</a>&nbsp;&nbsp;&nbsp;ke_free
</UL>
<BR>[Address Reference Count : 1]<UL><LI> remote_config.o(.constdata)
</UL>
<P><STRONG><a name="[bb]"></a>remote_config_create</STRONG> (Thumb, 14 bytes, Stack size 0 bytes, remote_config.o(.text))
<BR>[Address Reference Count : 1]<UL><LI> remote_config.o(.constdata)
</UL>
<P><STRONG><a name="[bc]"></a>remote_config_cleanup</STRONG> (Thumb, 14 bytes, Stack size 0 bytes, remote_config.o(.text))
<BR>[Address Reference Count : 1]<UL><LI> remote_config.o(.constdata)
</UL>
<P><STRONG><a name="[c3]"></a>remote_config_gattc_att_info_req_ind_handler</STRONG> (Thumb, 34 bytes, Stack size 8 bytes, remote_config_task.o(.text))
<BR><BR>[Stack]<UL><LI>Max Depth = 8<LI>Call Chain = remote_config_gattc_att_info_req_ind_handler
</UL>
<BR>[Calls]<UL><LI><a href="#[185]">&gt;&gt;</a>&nbsp;&nbsp;&nbsp;ke_msg_send
<LI><a href="#[17d]">&gt;&gt;</a>&nbsp;&nbsp;&nbsp;ke_msg_alloc
</UL>
<BR>[Address Reference Count : 1]<UL><LI> remote_config_task.o(.constdata)
</UL>
<P><STRONG><a name="[bd]"></a>remote_config_gattc_write_req_ind_handler</STRONG> (Thumb, 324 bytes, Stack size 48 bytes, remote_config_task.o(.text))
<BR><BR>[Stack]<UL><LI>Max Depth = 64<LI>Call Chain = remote_config_gattc_write_req_ind_handler &rArr; remote_config_get_att_idx
</UL>
<BR>[Calls]<UL><LI><a href="#[dc]">&gt;&gt;</a>&nbsp;&nbsp;&nbsp;__aeabi_memcpy
<LI><a href="#[1a8]">&gt;&gt;</a>&nbsp;&nbsp;&nbsp;prf_env_get
<LI><a href="#[1b4]">&gt;&gt;</a>&nbsp;&nbsp;&nbsp;prf_dst_task_get
<LI><a href="#[185]">&gt;&gt;</a>&nbsp;&nbsp;&nbsp;ke_msg_send
<LI><a href="#[17d]">&gt;&gt;</a>&nbsp;&nbsp;&nbsp;ke_msg_alloc
<LI><a href="#[1d2]">&gt;&gt;</a>&nbsp;&nbsp;&nbsp;gapc_get_conhdl
<LI><a href="#[1d3]">&gt;&gt;</a>&nbsp;&nbsp;&nbsp;handle_ntf_change
<LI><a href="#[1d1]">&gt;&gt;</a>&nbsp;&nbsp;&nbsp;remote_config_get_att_idx
<LI><a href="#[df]">&gt;&gt;</a>&nbsp;&nbsp;&nbsp;__ARM_common_switch8
</UL>
<BR>[Address Reference Count : 1]<UL><LI> remote_config_task.o(.constdata)
</UL>
<P><STRONG><a name="[be]"></a>remote_config_gattc_read_req_ind_handler</STRONG> (Thumb, 144 bytes, Stack size 48 bytes, remote_config_task.o(.text))
<BR><BR>[Stack]<UL><LI>Max Depth = 64<LI>Call Chain = remote_config_gattc_read_req_ind_handler &rArr; remote_config_get_att_idx
</UL>
<BR>[Calls]<UL><LI><a href="#[1a8]">&gt;&gt;</a>&nbsp;&nbsp;&nbsp;prf_env_get
<LI><a href="#[185]">&gt;&gt;</a>&nbsp;&nbsp;&nbsp;ke_msg_send
<LI><a href="#[17d]">&gt;&gt;</a>&nbsp;&nbsp;&nbsp;ke_msg_alloc
<LI><a href="#[1d1]">&gt;&gt;</a>&nbsp;&nbsp;&nbsp;remote_config_get_att_idx
</UL>
<BR>[Address Reference Count : 1]<UL><LI> remote_config_task.o(.constdata)
</UL>
<P><STRONG><a name="[bf]"></a>remote_config_enable_req_handler</STRONG> (Thumb, 64 bytes, Stack size 16 bytes, remote_config_task.o(.text))
<BR><BR>[Stack]<UL><LI>Max Depth = 16<LI>Call Chain = remote_config_enable_req_handler
</UL>
<BR>[Calls]<UL><LI><a href="#[1a8]">&gt;&gt;</a>&nbsp;&nbsp;&nbsp;prf_env_get
<LI><a href="#[185]">&gt;&gt;</a>&nbsp;&nbsp;&nbsp;ke_msg_send
<LI><a href="#[17d]">&gt;&gt;</a>&nbsp;&nbsp;&nbsp;ke_msg_alloc
<LI><a href="#[1d4]">&gt;&gt;</a>&nbsp;&nbsp;&nbsp;gapc_get_conidx
</UL>
<BR>[Address Reference Count : 1]<UL><LI> remote_config_task.o(.constdata)
</UL>
<P><STRONG><a name="[c0]"></a>remote_discover_rsp_cmd_handler</STRONG> (Thumb, 134 bytes, Stack size 152 bytes, remote_config_task.o(.text))
<BR><BR>[Stack]<UL><LI>Max Depth = 152<LI>Call Chain = remote_discover_rsp_cmd_handler
</UL>
<BR>[Calls]<UL><LI><a href="#[dc]">&gt;&gt;</a>&nbsp;&nbsp;&nbsp;__aeabi_memcpy
<LI><a href="#[1a8]">&gt;&gt;</a>&nbsp;&nbsp;&nbsp;prf_env_get
<LI><a href="#[185]">&gt;&gt;</a>&nbsp;&nbsp;&nbsp;ke_msg_send
<LI><a href="#[17d]">&gt;&gt;</a>&nbsp;&nbsp;&nbsp;ke_msg_alloc
<LI><a href="#[1d2]">&gt;&gt;</a>&nbsp;&nbsp;&nbsp;gapc_get_conhdl
</UL>
<BR>[Address Reference Count : 1]<UL><LI> remote_config_task.o(.constdata)
</UL>
<P><STRONG><a name="[c1]"></a>remote_write_rsp_cmd_handler</STRONG> (Thumb, 108 bytes, Stack size 24 bytes, remote_config_task.o(.text))
<BR><BR>[Stack]<UL><LI>Max Depth = 24<LI>Call Chain = remote_write_rsp_cmd_handler
</UL>
<BR>[Calls]<UL><LI><a href="#[dc]">&gt;&gt;</a>&nbsp;&nbsp;&nbsp;__aeabi_memcpy
<LI><a href="#[1a8]">&gt;&gt;</a>&nbsp;&nbsp;&nbsp;prf_env_get
<LI><a href="#[185]">&gt;&gt;</a>&nbsp;&nbsp;&nbsp;ke_msg_send
<LI><a href="#[17d]">&gt;&gt;</a>&nbsp;&nbsp;&nbsp;ke_msg_alloc
<LI><a href="#[1d2]">&gt;&gt;</a>&nbsp;&nbsp;&nbsp;gapc_get_conhdl
</UL>
<BR>[Address Reference Count : 1]<UL><LI> remote_config_task.o(.constdata)
</UL>
<P><STRONG><a name="[c2]"></a>remote_read_rsp_cmd_handler</STRONG> (Thumb, 262 bytes, Stack size 176 bytes, remote_config_task.o(.text))
<BR><BR>[Stack]<UL><LI>Max Depth = 176<LI>Call Chain = remote_read_rsp_cmd_handler
</UL>
<BR>[Calls]<UL><LI><a href="#[110]">&gt;&gt;</a>&nbsp;&nbsp;&nbsp;__aeabi_uidivmod
<LI><a href="#[dc]">&gt;&gt;</a>&nbsp;&nbsp;&nbsp;__aeabi_memcpy
<LI><a href="#[1a8]">&gt;&gt;</a>&nbsp;&nbsp;&nbsp;prf_env_get
<LI><a href="#[185]">&gt;&gt;</a>&nbsp;&nbsp;&nbsp;ke_msg_send
<LI><a href="#[17d]">&gt;&gt;</a>&nbsp;&nbsp;&nbsp;ke_msg_alloc
<LI><a href="#[1d2]">&gt;&gt;</a>&nbsp;&nbsp;&nbsp;gapc_get_conhdl
<LI><a href="#[1cf]">&gt;&gt;</a>&nbsp;&nbsp;&nbsp;gattc_get_mtu
</UL>
<BR>[Address Reference Count : 1]<UL><LI> remote_config_task.o(.constdata)
</UL>
<P><STRONG><a name="[1d3]"></a>handle_ntf_change</STRONG> (Thumb, 32 bytes, Stack size 0 bytes, remote_config_task.o(.text))
<BR><BR>[Called By]<UL><LI><a href="#[bd]">&gt;&gt;</a>&nbsp;&nbsp;&nbsp;remote_config_gattc_write_req_ind_handler
</UL>

<P><STRONG><a name="[c4]"></a>user_remote_discover_val_ind_handler</STRONG> (Thumb, 214 bytes, Stack size 56 bytes, user_remote_config_task.o(.text))
<BR><BR>[Stack]<UL><LI>Max Depth = 56<LI>Call Chain = user_remote_discover_val_ind_handler
</UL>
<BR>[Calls]<UL><LI><a href="#[e1]">&gt;&gt;</a>&nbsp;&nbsp;&nbsp;ke_malloc
<LI><a href="#[e3]">&gt;&gt;</a>&nbsp;&nbsp;&nbsp;ke_free
<LI><a href="#[dc]">&gt;&gt;</a>&nbsp;&nbsp;&nbsp;__aeabi_memcpy
<LI><a href="#[1a8]">&gt;&gt;</a>&nbsp;&nbsp;&nbsp;prf_env_get
<LI><a href="#[192]">&gt;&gt;</a>&nbsp;&nbsp;&nbsp;prf_get_task_from_id
<LI><a href="#[185]">&gt;&gt;</a>&nbsp;&nbsp;&nbsp;ke_msg_send
<LI><a href="#[17d]">&gt;&gt;</a>&nbsp;&nbsp;&nbsp;ke_msg_alloc
<LI><a href="#[1cf]">&gt;&gt;</a>&nbsp;&nbsp;&nbsp;gattc_get_mtu
</UL>
<BR>[Address Reference Count : 1]<UL><LI> user_remote_config_task.o(.constdata)
</UL>
<P><STRONG><a name="[c5]"></a>user_remote_write_request_ind_handler</STRONG> (Thumb, 316 bytes, Stack size 40 bytes, user_remote_config_task.o(.text))
<BR><BR>[Stack]<UL><LI>Max Depth = 40<LI>Call Chain = user_remote_write_request_ind_handler
</UL>
<BR>[Calls]<UL><LI><a href="#[dc]">&gt;&gt;</a>&nbsp;&nbsp;&nbsp;__aeabi_memcpy
<LI><a href="#[192]">&gt;&gt;</a>&nbsp;&nbsp;&nbsp;prf_get_task_from_id
<LI><a href="#[185]">&gt;&gt;</a>&nbsp;&nbsp;&nbsp;ke_msg_send
<LI><a href="#[17d]">&gt;&gt;</a>&nbsp;&nbsp;&nbsp;ke_msg_alloc
</UL>
<BR>[Address Reference Count : 1]<UL><LI> user_remote_config_task.o(.constdata)
</UL>
<P><STRONG><a name="[c6]"></a>user_remote_read_request_ind_handler</STRONG> (Thumb, 154 bytes, Stack size 24 bytes, user_remote_config_task.o(.text))
<BR><BR>[Stack]<UL><LI>Max Depth = 24<LI>Call Chain = user_remote_read_request_ind_handler
</UL>
<BR>[Calls]<UL><LI><a href="#[dc]">&gt;&gt;</a>&nbsp;&nbsp;&nbsp;__aeabi_memcpy
<LI><a href="#[1a8]">&gt;&gt;</a>&nbsp;&nbsp;&nbsp;prf_env_get
<LI><a href="#[192]">&gt;&gt;</a>&nbsp;&nbsp;&nbsp;prf_get_task_from_id
<LI><a href="#[185]">&gt;&gt;</a>&nbsp;&nbsp;&nbsp;ke_msg_send
<LI><a href="#[17d]">&gt;&gt;</a>&nbsp;&nbsp;&nbsp;ke_msg_alloc
<LI><a href="#[1cf]">&gt;&gt;</a>&nbsp;&nbsp;&nbsp;gattc_get_mtu
</UL>
<BR>[Address Reference Count : 1]<UL><LI> user_remote_config_task.o(.constdata)
</UL>
<P><STRONG><a name="[1d6]"></a>user_config_storage_read_ext_mem</STRONG> (Thumb, 10 bytes, Stack size 8 bytes, user_config_storage.o(.text))
<BR><BR>[Stack]<UL><LI>Max Depth = 68<LI>Call Chain = user_config_storage_read_ext_mem &rArr; spi_flash_read_data &rArr; spi_flash_is_busy &rArr; spi_flash_read_status_reg &rArr; spi_transaction &rArr; spi_access
</UL>
<BR>[Calls]<UL><LI><a href="#[13c]">&gt;&gt;</a>&nbsp;&nbsp;&nbsp;spi_flash_read_data
</UL>
<BR>[Called By]<UL><LI><a href="#[1d7]">&gt;&gt;</a>&nbsp;&nbsp;&nbsp;user_config_write_configuration_struct
<LI><a href="#[1d5]">&gt;&gt;</a>&nbsp;&nbsp;&nbsp;user_config_read_configuration_struct
<LI><a href="#[1c1]">&gt;&gt;</a>&nbsp;&nbsp;&nbsp;user_conf_storage_init
</UL>

<P><STRONG><a name="[26]"></a>adv_data_update_timer_cb</STRONG> (Thumb, 34 bytes, Stack size 8 bytes, ss_interfacetoble.o(.text))
<BR><BR>[Stack]<UL><LI>Max Depth = 56<LI>Call Chain = adv_data_update_timer_cb &rArr; SS_InterfaceToBLE_SendThreeBytes &rArr; user_send_ble_data &rArr; ke_msg_alloc_no_init
</UL>
<BR>[Calls]<UL><LI><a href="#[18f]">&gt;&gt;</a>&nbsp;&nbsp;&nbsp;app_easy_timer
<LI><a href="#[1d8]">&gt;&gt;</a>&nbsp;&nbsp;&nbsp;SS_InterfaceToBLE_SendThreeBytes
</UL>
<BR>[Called By]<UL><LI><a href="#[1d0]">&gt;&gt;</a>&nbsp;&nbsp;&nbsp;SS_InterfaceToBLE_init
</UL>
<BR>[Address Reference Count : 1]<UL><LI> ss_interfacetoble.o(.text)
</UL><P>
<H3>
Undefined Global Symbols
</H3>
<P><STRONG><a name="[118]"></a>reset_indication</STRONG> (ARM, 0 bytes, Stack size 0 bytes, UNDEFINED)
<BR><BR>[Called By]<UL><LI><a href="#[f5]">&gt;&gt;</a>&nbsp;&nbsp;&nbsp;system_init
</UL>
<HR></body></html>
