<!doctype html public "-//w3c//dtd html 4.0 transitional//en">
<html><head>
<title>Static Call Graph - [.\out_585\dsps_device_585.axf]</title></head>
<body><HR>
<H1>Static Call Graph for image .\out_585\dsps_device_585.axf</H1><HR>
<BR><P>#&#060CALLGRAPH&#062# ARM Linker, 5060750: Last Updated: Sat Sep 17 20:23:29 2022
<BR><P>
<H3>Maximum Stack Usage =        528 bytes + Unknown(Cycles, Untraceable Function Pointers)</H3><H3>
Call chain for Maximum Stack Depth:</H3>
suotar_init
<P>
<H3>
Mutually Recursive functions
</H3> <LI><a href="#[3]">SVC_Handler</a>&nbsp;&nbsp;&nbsp;&rArr;&nbsp;&nbsp;&nbsp;<a href="#[3]">SVC_Handler</a><BR>
 <LI><a href="#[4]">PendSV_Handler</a>&nbsp;&nbsp;&nbsp;&rArr;&nbsp;&nbsp;&nbsp;<a href="#[4]">PendSV_Handler</a><BR>
 <LI><a href="#[e]">BLE_RF_DIAG_Handler</a>&nbsp;&nbsp;&nbsp;&rArr;&nbsp;&nbsp;&nbsp;<a href="#[e]">BLE_RF_DIAG_Handler</a><BR>
 <LI><a href="#[22]">HardFault_HandlerC</a>&nbsp;&nbsp;&nbsp;&rArr;&nbsp;&nbsp;&nbsp;<a href="#[22]">HardFault_HandlerC</a><BR>
</UL>
<P>
<H3>
Function Pointers
</H3><UL>
 <LI><a href="#[c]">ADC_Handler</a> from adc_58x.o(.text) referenced from startup_da14585_586.o(RESET)
 <LI><a href="#[e]">BLE_RF_DIAG_Handler</a> from startup_da14585_586.o(.text) referenced from startup_da14585_586.o(RESET)
 <LI><a href="#[6]">BLE_WAKEUP_LP_Handler</a> from rwble.o(.text) referenced from startup_da14585_586.o(RESET)
 <LI><a href="#[79]">DCoffsetCalibration_func</a> from da14585_symbols.txt(ABSOLUTE) referenced from jump_table.o(.constdata)
 <LI><a href="#[1a]">DMA_Handler</a> from startup_da14585_586.o(.text) referenced from startup_da14585_586.o(RESET)
 <LI><a href="#[10]">GPIO0_Handler</a> from gpio.o(.text) referenced from startup_da14585_586.o(RESET)
 <LI><a href="#[11]">GPIO1_Handler</a> from startup_da14585_586.o(.text) referenced from startup_da14585_586.o(RESET)
 <LI><a href="#[12]">GPIO2_Handler</a> from startup_da14585_586.o(.text) referenced from startup_da14585_586.o(RESET)
 <LI><a href="#[13]">GPIO3_Handler</a> from startup_da14585_586.o(.text) referenced from startup_da14585_586.o(RESET)
 <LI><a href="#[14]">GPIO4_Handler</a> from startup_da14585_586.o(.text) referenced from startup_da14585_586.o(RESET)
 <LI><a href="#[2]">HardFault_Handler</a> from startup_da14585_586.o(.text) referenced from startup_da14585_586.o(RESET)
 <LI><a href="#[22]">HardFault_HandlerC</a> from hardfault_handler.o(.text) referenced from startup_da14585_586.o(.text)
 <LI><a href="#[a]">I2C_Handler</a> from startup_da14585_586.o(.text) referenced from startup_da14585_586.o(RESET)
 <LI><a href="#[d]">KEYBRD_Handler</a> from startup_da14585_586.o(.text) referenced from startup_da14585_586.o(RESET)
 <LI><a href="#[1]">NMI_Handler</a> from startup_da14585_586.o(.text) referenced from startup_da14585_586.o(RESET)
 <LI><a href="#[21]">NMI_HandlerC</a> from nmi_handler.o(.text) referenced from startup_da14585_586.o(.text)
 <LI><a href="#[d0]">PATCHED_atts_mtu_exc_req</a> from patch.o(.text) referenced from patch.o(.constdata)
 <LI><a href="#[db]">PATCHED_gapm_adv_sanity</a> from patch.o(.text) referenced from patch.o(.constdata)
 <LI><a href="#[d7]">PATCHED_gapm_get_ad_type_flag</a> from patch.o(.text) referenced from patch.o(.constdata)
 <LI><a href="#[ce]">PATCHED_gapm_reset_cmd_handler</a> from patch.o(.text) referenced from patch.o(.constdata)
 <LI><a href="#[cd]">PATCHED_hci_acl_data_rx_handler</a> from patch.o(.text) referenced from patch.o(.constdata)
 <LI><a href="#[cf]">PATCHED_hci_command_handler</a> from patch.o(.text) referenced from patch.o(.constdata)
 <LI><a href="#[d4]">PATCHED_ke_free</a> from patch.o(.text) referenced from patch.o(.constdata)
 <LI><a href="#[d5]">PATCHED_ke_malloc</a> from patch.o(.text) referenced from patch.o(.constdata)
 <LI><a href="#[dc]">PATCHED_llc_ch_map_req_ind</a> from patch.o(.text) referenced from patch.o(.constdata)
 <LI><a href="#[d8]">PATCHED_llc_util_gen_skdx</a> from patch.o(.text) referenced from patch.o(.constdata)
 <LI><a href="#[cc]">PATCHED_llcp_length_req_handler</a> from patch.o(.text) referenced from patch.o(.constdata)
 <LI><a href="#[d9]">PATCHED_lld_evt_move_to_master</a> from patch.o(.text) referenced from patch.o(.constdata)
 <LI><a href="#[da]">PATCHED_llm_adv_report_set</a> from patch.o(.text) referenced from patch.o(.constdata)
 <LI><a href="#[d3]">PATCHED_smpc_check_key_distrib</a> from patch.o(.text) referenced from patch.o(.constdata)
 <LI><a href="#[d6]">PATCHED_smpc_construct_id_addr_info_pdu</a> from patch.o(.text) referenced from patch.o(.constdata)
 <LI><a href="#[d1]">PATCHED_smpc_dhkey_calc_start</a> from smpc_util.o(.text) referenced from patch.o(.constdata)
 <LI><a href="#[d2]">PATCHED_smpc_is_sec_mode_reached</a> from patch.o(.text) referenced from patch.o(.constdata)
 <LI><a href="#[17]">PCM_Handler</a> from startup_da14585_586.o(.text) referenced from startup_da14585_586.o(RESET)
 <LI><a href="#[6c]">PK_PointMult_func</a> from patch.o(.text) referenced from jump_table.o(.constdata)
 <LI><a href="#[4]">PendSV_Handler</a> from startup_da14585_586.o(.text) referenced from startup_da14585_586.o(RESET)
 <LI><a href="#[7a]">PllLF_IFF_MIX_CapCalibration_func</a> from da14585_symbols.txt(ABSOLUTE) referenced from jump_table.o(.constdata)
 <LI><a href="#[28]">RADIOCNTL_Handler</a> from rf_585.o(.text) referenced from rf_585.o(.text)
 <LI><a href="#[1b]">RESERVED21_Handler</a> from startup_da14585_586.o(.text) referenced from startup_da14585_586.o(RESET)
 <LI><a href="#[1c]">RESERVED22_Handler</a> from startup_da14585_586.o(.text) referenced from startup_da14585_586.o(RESET)
 <LI><a href="#[1d]">RESERVED23_Handler</a> from startup_da14585_586.o(.text) referenced from startup_da14585_586.o(RESET)
 <LI><a href="#[f]">RFCAL_Handler</a> from startup_da14585_586.o(.text) referenced from startup_da14585_586.o(RESET)
 <LI><a href="#[0]">Reset_Handler</a> from startup_da14585_586.o(.text) referenced from startup_da14585_586.o(RESET)
 <LI><a href="#[b]">SPI_Handler</a> from spi_adc.o(.text) referenced from startup_da14585_586.o(RESET)
 <LI><a href="#[18]">SRCIN_Handler</a> from startup_da14585_586.o(.text) referenced from startup_da14585_586.o(RESET)
 <LI><a href="#[19]">SRCOUT_Handler</a> from startup_da14585_586.o(.text) referenced from startup_da14585_586.o(RESET)
 <LI><a href="#[3]">SVC_Handler</a> from startup_da14585_586.o(.text) referenced from startup_da14585_586.o(RESET)
 <LI><a href="#[15]">SWTIM_Handler</a> from startup_da14585_586.o(.text) referenced from startup_da14585_586.o(RESET)
 <LI><a href="#[5]">SysTick_Handler</a> from systick.o(.text) referenced from startup_da14585_586.o(RESET)
 <LI><a href="#[1f]">SystemInit</a> from system_da14585_586.o(.text) referenced from startup_da14585_586.o(.text)
 <LI><a href="#[9]">UART2_Handler</a> from startup_da14585_586.o(.text) referenced from startup_da14585_586.o(RESET)
 <LI><a href="#[8]">UART_Handler</a> from da14585_symbols.txt(ABSOLUTE) referenced from startup_da14585_586.o(RESET)
 <LI><a href="#[37]">UART_Handler_func</a> from da14585_symbols.txt(ABSOLUTE) referenced from jump_table.o(.constdata)
 <LI><a href="#[16]">WKUP_QUADEC_Handler</a> from wkupct_quadec.o(.text) referenced from startup_da14585_586.o(RESET)
 <LI><a href="#[20]">__main</a> from entry.o(.ARM.Collect$$$$00000000) referenced from startup_da14585_586.o(.text)
 <LI><a href="#[2e]">adv_data_update_timer_cb</a> from ss_interfacetoble.o(.text) referenced from ss_interfacetoble.o(.text)
 <LI><a href="#[8f]">app_diss_create_db</a> from app_diss.o(.text) referenced from app.o(.constdata)
 <LI><a href="#[a4]">app_diss_process_handler</a> from app_diss_task.o(.text) referenced from app_entry_point.o(.constdata)
 <LI><a href="#[a0]">app_entry_point_handler</a> from app_entry_point.o(.text) referenced from app_task.o(.constdata)
 <LI><a href="#[a1]">app_gap_process_handler</a> from app_task.o(.text) referenced from app_entry_point.o(.constdata)
 <LI><a href="#[a3]">app_msg_utils_api_process_handler</a> from app_easy_msg_utils.o(.text) referenced from app_entry_point.o(.constdata)
 <LI><a href="#[90]">app_suotar_create_db</a> from app_suotar.o(.text) referenced from app.o(.constdata)
 <LI><a href="#[a5]">app_suotar_process_handler</a> from app_suotar_task.o(.text) referenced from app_entry_point.o(.constdata)
 <LI><a href="#[a2]">app_timer_api_process_handler</a> from app_easy_timer.o(.text) referenced from app_entry_point.o(.constdata)
 <LI><a href="#[69]">attc_l2cc_pdu_recv_handler_func</a> from da14585_symbols.txt(ABSOLUTE) referenced from jump_table.o(.constdata)
 <LI><a href="#[68]">atts_l2cc_pdu_recv_handler_func</a> from da14585_symbols.txt(ABSOLUTE) referenced from jump_table.o(.constdata)
 <LI><a href="#[dd]">atts_mtu_exc_req</a> from da14585_symbols.txt(ABSOLUTE) referenced from patch.o(.constdata)
 <LI><a href="#[77]">ba431_get_rand_func</a> from jump_table.o(.text) referenced from jump_table.o(.constdata)
 <LI><a href="#[6a]">crypto_init_func</a> from jump_table.o(.text) referenced from jump_table.o(.constdata)
 <LI><a href="#[5f]">dbg_init_func_empty</a> from jump_table.o(.text) referenced from jump_table.o(.constdata)
 <LI><a href="#[60]">dbg_platform_reset_complete_func_empty</a> from jump_table.o(.text) referenced from jump_table.o(.constdata)
 <LI><a href="#[75]">dia_rand_func</a> from jump_table.o(.text) referenced from jump_table.o(.constdata)
 <LI><a href="#[76]">dia_srand_func</a> from jump_table.o(.text) referenced from jump_table.o(.constdata)
 <LI><a href="#[89]">diss_cleanup</a> from diss.o(.text) referenced from diss.o(.constdata)
 <LI><a href="#[88]">diss_create</a> from diss.o(.text) referenced from diss.o(.constdata)
 <LI><a href="#[87]">diss_destroy</a> from diss.o(.text) referenced from diss.o(.constdata)
 <LI><a href="#[86]">diss_init</a> from diss.o(.text) referenced from diss.o(.constdata)
 <LI><a href="#[8a]">diss_set_value_req_handler</a> from diss_task.o(.text) referenced from diss_task.o(.constdata)
 <LI><a href="#[8c]">diss_value_cfm_handler</a> from diss_task.o(.text) referenced from diss_task.o(.constdata)
 <LI><a href="#[ac]">diss_value_req_ind_handler</a> from app_diss_task.o(.text) referenced from app_diss_task.o(.constdata)
 <LI><a href="#[95]">gapc_cmp_evt_handler</a> from app_task.o(.text) referenced from app_task.o(.constdata)
 <LI><a href="#[96]">gapc_connection_req_ind_handler</a> from app_task.o(.text) referenced from app_task.o(.constdata)
 <LI><a href="#[97]">gapc_disconnect_ind_handler</a> from app_task.o(.text) referenced from app_task.o(.constdata)
 <LI><a href="#[98]">gapc_get_dev_info_req_ind_handler</a> from app_task.o(.text) referenced from app_task.o(.constdata)
 <LI><a href="#[9d]">gapc_le_pkt_size_ind_handler</a> from app_task.o(.text) referenced from app_task.o(.constdata)
 <LI><a href="#[67]">gapc_lecb_connect_cfm_handler_func</a> from da14585_symbols.txt(ABSOLUTE) referenced from jump_table.o(.constdata)
 <LI><a href="#[9c]">gapc_param_update_req_ind_handler</a> from app_task.o(.text) referenced from app_task.o(.constdata)
 <LI><a href="#[9f]">gapc_peer_features_ind_handler</a> from app_task.o(.text) referenced from app_task.o(.constdata)
 <LI><a href="#[99]">gapc_set_dev_info_req_ind_handler</a> from app_task.o(.text) referenced from app_task.o(.constdata)
 <LI><a href="#[9b]">gapm_adv_report_ind_handler</a> from app_task.o(.text) referenced from app_task.o(.constdata)
 <LI><a href="#[e8]">gapm_adv_sanity</a> from da14585_symbols.txt(ABSOLUTE) referenced from patch.o(.constdata)
 <LI><a href="#[94]">gapm_cmp_evt_handler</a> from app_task.o(.text) referenced from app_task.o(.constdata)
 <LI><a href="#[93]">gapm_device_ready_ind_handler</a> from app_task.o(.text) referenced from app_task.o(.constdata)
 <LI><a href="#[e4]">gapm_get_ad_type_flag</a> from da14585_symbols.txt(ABSOLUTE) referenced from patch.o(.constdata)
 <LI><a href="#[9a]">gapm_profile_added_ind_handler</a> from app_task.o(.text) referenced from app_task.o(.constdata)
 <LI><a href="#[b2]">gattc_cmp_evt_handler</a> from sps_server_task.o(.text) referenced from sps_server_task.o(.constdata)
 <LI><a href="#[bc]">gattc_mtu_changed_ind_handler</a> from user_spss_task.o(.text) referenced from user_spss_task.o(.constdata)
 <LI><a href="#[82]">gattc_read_req_ind_handler</a> from suotar_task.o(.text) referenced 3 times from suotar_task.o(.constdata)
 <LI><a href="#[9e]">gattc_svc_changed_cfg_ind_handler</a> from app_task.o(.text) referenced from app_task.o(.constdata)
 <LI><a href="#[83]">gattc_write_req_ind_handler</a> from suotar_task.o(.text) referenced 2 times from suotar_task.o(.constdata)
 <LI><a href="#[39]">gtl_eif_init_func</a> from da14585_symbols.txt(ABSOLUTE) referenced from jump_table.o(.constdata)
 <LI><a href="#[3b]">gtl_eif_read_hdr_func</a> from da14585_symbols.txt(ABSOLUTE) referenced from jump_table.o(.constdata)
 <LI><a href="#[3c]">gtl_eif_read_payl_func</a> from da14585_symbols.txt(ABSOLUTE) referenced from jump_table.o(.constdata)
 <LI><a href="#[3a]">gtl_eif_read_start_func</a> from da14585_symbols.txt(ABSOLUTE) referenced from jump_table.o(.constdata)
 <LI><a href="#[3e]">gtl_eif_rx_done_func</a> from da14585_symbols.txt(ABSOLUTE) referenced from jump_table.o(.constdata)
 <LI><a href="#[3d]">gtl_eif_tx_done_func</a> from da14585_symbols.txt(ABSOLUTE) referenced from jump_table.o(.constdata)
 <LI><a href="#[38]">gtl_init_func</a> from da14585_symbols.txt(ABSOLUTE) referenced from jump_table.o(.constdata)
 <LI><a href="#[3f]">h4tl_init_func</a> from da14585_symbols.txt(ABSOLUTE) referenced from jump_table.o(.constdata)
 <LI><a href="#[44]">h4tl_out_of_sync_func</a> from da14585_symbols.txt(ABSOLUTE) referenced from jump_table.o(.constdata)
 <LI><a href="#[41]">h4tl_read_hdr_func</a> from da14585_symbols.txt(ABSOLUTE) referenced from jump_table.o(.constdata)
 <LI><a href="#[43]">h4tl_read_next_out_of_sync_func</a> from da14585_symbols.txt(ABSOLUTE) referenced from jump_table.o(.constdata)
 <LI><a href="#[42]">h4tl_read_payl_func</a> from da14585_symbols.txt(ABSOLUTE) referenced from jump_table.o(.constdata)
 <LI><a href="#[40]">h4tl_read_start_func</a> from da14585_symbols.txt(ABSOLUTE) referenced from jump_table.o(.constdata)
 <LI><a href="#[46]">h4tl_rx_done_func</a> from da14585_symbols.txt(ABSOLUTE) referenced from jump_table.o(.constdata)
 <LI><a href="#[45]">h4tl_tx_done_func</a> from da14585_symbols.txt(ABSOLUTE) referenced from jump_table.o(.constdata)
 <LI><a href="#[61]">hci_rd_local_supp_feats_cmd_handler_func</a> from da14585_symbols.txt(ABSOLUTE) referenced from jump_table.o(.constdata)
 <LI><a href="#[e1]">ke_free</a> from da14585_symbols.txt(ABSOLUTE) referenced from patch.o(.constdata)
 <LI><a href="#[e2]">ke_malloc</a> from da14585_symbols.txt(ABSOLUTE) referenced from patch.o(.constdata)
 <LI><a href="#[47]">ke_task_init_func</a> from da14585_symbols.txt(ABSOLUTE) referenced from jump_table.o(.constdata)
 <LI><a href="#[48]">ke_timer_init_func</a> from da14585_symbols.txt(ABSOLUTE) referenced from jump_table.o(.constdata)
 <LI><a href="#[65]">l2c_process_sdu_func</a> from da14585_symbols.txt(ABSOLUTE) referenced from jump_table.o(.constdata)
 <LI><a href="#[64]">l2c_send_lecb_message_func</a> from da14585_symbols.txt(ABSOLUTE) referenced from jump_table.o(.constdata)
 <LI><a href="#[62]">l2cc_pdu_pack_func</a> from da14585_symbols.txt(ABSOLUTE) referenced from jump_table.o(.constdata)
 <LI><a href="#[66]">l2cc_pdu_recv_ind_handler_func</a> from da14585_symbols.txt(ABSOLUTE) referenced from jump_table.o(.constdata)
 <LI><a href="#[63]">l2cc_pdu_unpack_func</a> from da14585_symbols.txt(ABSOLUTE) referenced from jump_table.o(.constdata)
 <LI><a href="#[e9]">llc_ch_map_req_ind</a> from da14585_symbols.txt(ABSOLUTE) referenced from patch.o(.constdata)
 <LI><a href="#[71]">llc_le_length_conn_init_func</a> from da14585_symbols.txt(ABSOLUTE) referenced from jump_table.o(.constdata)
 <LI><a href="#[70]">llc_le_length_effective_func</a> from da14585_symbols.txt(ABSOLUTE) referenced from jump_table.o(.constdata)
 <LI><a href="#[74]">llc_pdu_send_func</a> from da14585_symbols.txt(ABSOLUTE) referenced from jump_table.o(.constdata)
 <LI><a href="#[e5]">llc_util_gen_skdx</a> from da14585_symbols.txt(ABSOLUTE) referenced from patch.o(.constdata)
 <LI><a href="#[73]">lld_data_tx_check_func</a> from da14585_symbols.txt(ABSOLUTE) referenced from jump_table.o(.constdata)
 <LI><a href="#[72]">lld_data_tx_prog_func</a> from da14585_symbols.txt(ABSOLUTE) referenced from jump_table.o(.constdata)
 <LI><a href="#[e6]">lld_evt_move_to_master</a> from da14585_symbols.txt(ABSOLUTE) referenced from patch.o(.constdata)
 <LI><a href="#[50]">lld_sleep_compensate_func</a> from rwble.o(.text) referenced from jump_table.o(.constdata)
 <LI><a href="#[51]">lld_sleep_init_func</a> from arch_system.o(.text) referenced from jump_table.o(.constdata)
 <LI><a href="#[53]">lld_sleep_lpcycles_2_us_sel_func</a> from arch_system.o(.text) referenced from jump_table.o(.constdata)
 <LI><a href="#[52]">lld_sleep_us_2_lpcycles_sel_func</a> from arch_system.o(.text) referenced from jump_table.o(.constdata)
 <LI><a href="#[56]">lld_test_mode_rx_func</a> from da14585_symbols.txt(ABSOLUTE) referenced from jump_table.o(.constdata)
 <LI><a href="#[55]">lld_test_mode_tx_func</a> from da14585_symbols.txt(ABSOLUTE) referenced from jump_table.o(.constdata)
 <LI><a href="#[54]">lld_test_stop_func</a> from da14585_symbols.txt(ABSOLUTE) referenced from jump_table.o(.constdata)
 <LI><a href="#[e7]">llm_adv_report_set</a> from da14585_symbols.txt(ABSOLUTE) referenced from patch.o(.constdata)
 <LI><a href="#[6e]">llm_create_p256_key_func</a> from patch.o(.text) referenced from jump_table.o(.constdata)
 <LI><a href="#[49]">llm_encryption_done_func</a> from da14585_symbols.txt(ABSOLUTE) referenced from jump_table.o(.constdata)
 <LI><a href="#[6b]">llm_le_adv_report_ind_func</a> from da14585_symbols.txt(ABSOLUTE) referenced from jump_table.o(.constdata)
 <LI><a href="#[6f]">llm_p256_req_handler_func</a> from patch.o(.text) referenced from jump_table.o(.constdata)
 <LI><a href="#[6d]">llm_p256_start_func</a> from da14585_symbols.txt(ABSOLUTE) referenced from jump_table.o(.constdata)
 <LI><a href="#[1e]">main</a> from arch_main.o(.text) referenced from entry9a.o(.ARM.Collect$$$$0000000B)
 <LI><a href="#[78]">modulationGainCalibration_func</a> from da14585_symbols.txt(ABSOLUTE) referenced from jump_table.o(.constdata)
 <LI><a href="#[4c]">nvds_del_func</a> from nvds.o(.text) referenced from jump_table.o(.constdata)
 <LI><a href="#[4a]">nvds_get_func</a> from nvds.o(.text) referenced from jump_table.o(.constdata)
 <LI><a href="#[4d]">nvds_init_func</a> from nvds.o(.text) referenced from jump_table.o(.constdata)
 <LI><a href="#[4b]">nvds_put_func</a> from nvds.o(.text) referenced from jump_table.o(.constdata)
 <LI><a href="#[4f]">platform_reset_func</a> from jump_table.o(.text) referenced from jump_table.o(.constdata)
 <LI><a href="#[5a]">prf_add_profile_func</a> from prf.o(.text) referenced from jump_table.o(.constdata)
 <LI><a href="#[5c]">prf_cleanup_func</a> from prf.o(.text) referenced from jump_table.o(.constdata)
 <LI><a href="#[5b]">prf_create_func</a> from prf.o(.text) referenced from jump_table.o(.constdata)
 <LI><a href="#[5d]">prf_get_id_from_task_func</a> from prf.o(.text) referenced from jump_table.o(.constdata)
 <LI><a href="#[5e]">prf_get_task_from_id_func</a> from prf.o(.text) referenced from jump_table.o(.constdata)
 <LI><a href="#[59]">prf_init_func</a> from prf.o(.text) referenced from jump_table.o(.constdata)
 <LI><a href="#[c1]">remote_config_cleanup</a> from remote_config.o(.text) referenced from remote_config.o(.constdata)
 <LI><a href="#[c0]">remote_config_create</a> from remote_config.o(.text) referenced from remote_config.o(.constdata)
 <LI><a href="#[bf]">remote_config_destroy</a> from remote_config.o(.text) referenced from remote_config.o(.constdata)
 <LI><a href="#[c4]">remote_config_enable_req_handler</a> from remote_config_task.o(.text) referenced from remote_config_task.o(.constdata)
 <LI><a href="#[c8]">remote_config_gattc_att_info_req_ind_handler</a> from remote_config_task.o(.text) referenced from remote_config_task.o(.constdata)
 <LI><a href="#[c3]">remote_config_gattc_read_req_ind_handler</a> from remote_config_task.o(.text) referenced from remote_config_task.o(.constdata)
 <LI><a href="#[c2]">remote_config_gattc_write_req_ind_handler</a> from remote_config_task.o(.text) referenced from remote_config_task.o(.constdata)
 <LI><a href="#[be]">remote_config_init</a> from remote_config.o(.text) referenced from remote_config.o(.constdata)
 <LI><a href="#[c5]">remote_discover_rsp_cmd_handler</a> from remote_config_task.o(.text) referenced from remote_config_task.o(.constdata)
 <LI><a href="#[c7]">remote_read_rsp_cmd_handler</a> from remote_config_task.o(.text) referenced from remote_config_task.o(.constdata)
 <LI><a href="#[c6]">remote_write_rsp_cmd_handler</a> from remote_config_task.o(.text) referenced from remote_config_task.o(.constdata)
 <LI><a href="#[29]">rf_force_agc_enable</a> from rf_585.o(.text) referenced from rf_585.o(.text)
 <LI><a href="#[2f]">rf_init_func</a> from rf_585.o(.text) referenced from jump_table.o(.constdata)
 <LI><a href="#[23]">rf_reg_rd</a> from rf_585.o(.text) referenced from rf_585.o(.text)
 <LI><a href="#[24]">rf_reg_wr</a> from rf_585.o(.text) referenced from rf_585.o(.text)
 <LI><a href="#[30]">rf_reinit_func</a> from rf_585.o(.text) referenced from jump_table.o(.constdata)
 <LI><a href="#[27]">rf_reset</a> from rf_585.o(.text) referenced from rf_585.o(.text)
 <LI><a href="#[2a]">rf_rssi_convert</a> from rf_585.o(.text) referenced from rf_585.o(.text)
 <LI><a href="#[26]">rf_sleep</a> from rf_585.o(.text) referenced from rf_585.o(.text)
 <LI><a href="#[25]">rf_txpwr_dbm_get</a> from rf_585.o(.text) referenced from rf_585.o(.text)
 <LI><a href="#[7]">rwble_isr</a> from rwble.o(.text) referenced from startup_da14585_586.o(RESET)
 <LI><a href="#[4e]">rwip_eif_get_func</a> from da14585_symbols.txt(ABSOLUTE) referenced from jump_table.o(.constdata)
 <LI><a href="#[e0]">smpc_check_key_distrib</a> from da14585_symbols.txt(ABSOLUTE) referenced from patch.o(.constdata)
 <LI><a href="#[57]">smpc_check_param_func</a> from da14585_symbols.txt(ABSOLUTE) referenced from jump_table.o(.constdata)
 <LI><a href="#[e3]">smpc_construct_id_addr_info_pdu</a> from da14585_symbols.txt(ABSOLUTE) referenced from patch.o(.constdata)
 <LI><a href="#[7c]">smpc_dhkey_calc_ind_func</a> from da14585_symbols.txt(ABSOLUTE) referenced from jump_table.o(.constdata)
 <LI><a href="#[de]">smpc_dhkey_calc_start</a> from da14585_symbols.txt(ABSOLUTE) referenced from patch.o(.constdata)
 <LI><a href="#[df]">smpc_is_sec_mode_reached</a> from da14585_symbols.txt(ABSOLUTE) referenced from patch.o(.constdata)
 <LI><a href="#[58]">smpc_pdu_recv_func</a> from da14585_symbols.txt(ABSOLUTE) referenced from jump_table.o(.constdata)
 <LI><a href="#[7b]">smpc_public_key_exchange_start_func</a> from da14585_symbols.txt(ABSOLUTE) referenced from jump_table.o(.constdata)
 <LI><a href="#[7d]">smpm_ecdh_key_create_func_empty</a> from jump_table.o(.text) referenced from jump_table.o(.constdata)
 <LI><a href="#[b0]">sps_cleanup</a> from sps_server.o(.text) referenced from sps_server.o(.constdata)
 <LI><a href="#[af]">sps_create</a> from sps_server.o(.text) referenced from sps_server.o(.constdata)
 <LI><a href="#[ae]">sps_destroy</a> from sps_server.o(.text) referenced from sps_server.o(.constdata)
 <LI><a href="#[ad]">sps_init</a> from sps_server.o(.text) referenced from sps_server.o(.constdata)
 <LI><a href="#[b4]">sps_server_data_tx_req_handler</a> from sps_server_task.o(.text) referenced from sps_server_task.o(.constdata)
 <LI><a href="#[b1]">sps_server_enable_req_handler</a> from sps_server_task.o(.text) referenced from sps_server_task.o(.constdata)
 <LI><a href="#[b5]">sps_server_rx_flow_ctrl_req_handler</a> from sps_server_task.o(.text) referenced from sps_server_task.o(.constdata)
 <LI><a href="#[81]">suotar_cleanup</a> from suotar.o(.text) referenced from suotar.o(.constdata)
 <LI><a href="#[80]">suotar_create</a> from suotar.o(.text) referenced from suotar.o(.constdata)
 <LI><a href="#[7f]">suotar_destroy</a> from suotar.o(.text) referenced from suotar.o(.constdata)
 <LI><a href="#[a9]">suotar_gpio_map_ind_handler</a> from app_suotar_task.o(.text) referenced from app_suotar_task.o(.constdata)
 <LI><a href="#[7e]">suotar_init</a> from suotar.o(.text) referenced from suotar.o(.constdata)
 <LI><a href="#[84]">suotar_mem_info_update_req_handler</a> from suotar_task.o(.text) referenced from suotar_task.o(.constdata)
 <LI><a href="#[ab]">suotar_patch_data_ind_handler</a> from app_suotar_task.o(.text) referenced from app_suotar_task.o(.constdata)
 <LI><a href="#[aa]">suotar_patch_len_ind_handler</a> from app_suotar_task.o(.text) referenced from app_suotar_task.o(.constdata)
 <LI><a href="#[a8]">suotar_patch_mem_dev_ind_handler</a> from app_suotar_task.o(.text) referenced from app_suotar_task.o(.constdata)
 <LI><a href="#[85]">suotar_status_update_req_handler</a> from suotar_task.o(.text) referenced from suotar_task.o(.constdata)
 <LI><a href="#[2b]">timer_canceled_handler</a> from app_easy_timer.o(.text) referenced from app_easy_timer.o(.text)
 <LI><a href="#[2c]">timer_modified_handler</a> from app_easy_timer.o(.text) referenced from app_easy_timer.o(.text)
 <LI><a href="#[34]">uart_finish_transfers_func</a> from da14585_symbols.txt(ABSOLUTE) referenced from jump_table.o(.constdata)
 <LI><a href="#[33]">uart_flow_off_func</a> from da14585_symbols.txt(ABSOLUTE) referenced from jump_table.o(.constdata)
 <LI><a href="#[32]">uart_flow_on_func</a> from da14585_symbols.txt(ABSOLUTE) referenced from jump_table.o(.constdata)
 <LI><a href="#[31]">uart_init_func</a> from da14585_symbols.txt(ABSOLUTE) referenced from jump_table.o(.constdata)
 <LI><a href="#[35]">uart_read_func</a> from da14585_symbols.txt(ABSOLUTE) referenced from jump_table.o(.constdata)
 <LI><a href="#[36]">uart_write_func</a> from da14585_symbols.txt(ABSOLUTE) referenced from jump_table.o(.constdata)
 <LI><a href="#[bd]">user_on_updated_params_complete</a> from user_spss_task.o(.text) referenced from user_spss_task.o(.constdata)
 <LI><a href="#[8d]">user_remote_config_create_db</a> from user_remote_config.o(.text) referenced 2 times from app.o(.constdata)
 <LI><a href="#[8e]">user_remote_config_enable</a> from user_remote_config.o(.text) referenced 2 times from app.o(.constdata)
 <LI><a href="#[a7]">user_remote_config_process_handler</a> from user_remote_config_task.o(.text) referenced from app_entry_point.o(.constdata)
 <LI><a href="#[c9]">user_remote_discover_val_ind_handler</a> from user_remote_config_task.o(.text) referenced from user_remote_config_task.o(.constdata)
 <LI><a href="#[cb]">user_remote_read_request_ind_handler</a> from user_remote_config_task.o(.text) referenced from user_remote_config_task.o(.constdata)
 <LI><a href="#[ca]">user_remote_write_request_ind_handler</a> from user_remote_config_task.o(.text) referenced from user_remote_config_task.o(.constdata)
 <LI><a href="#[2d]">user_sps_apply_config</a> from user_sps_device_config.o(.text) referenced from user_sps_device_dma.o(.text)
 <LI><a href="#[ec]">user_sps_config_verify_adv_channel_map_cb</a> from user_sps_device_config.o(.text) referenced from user_sps_device_config.o(.data)
 <LI><a href="#[eb]">user_sps_config_verify_adv_int_max_cb</a> from user_sps_device_config.o(.text) referenced from user_sps_device_config.o(.data)
 <LI><a href="#[ea]">user_sps_config_verify_adv_int_min_cb</a> from user_sps_device_config.o(.text) referenced from user_sps_device_config.o(.data)
 <LI><a href="#[ef]">user_sps_config_verify_ci_max_cb</a> from user_sps_device_config.o(.text) referenced from user_sps_device_config.o(.data)
 <LI><a href="#[ee]">user_sps_config_verify_ci_min_cb</a> from user_sps_device_config.o(.text) referenced from user_sps_device_config.o(.data)
 <LI><a href="#[f3]">user_sps_config_verify_gpio_config_cb</a> from user_sps_device_config.o(.text) referenced 6 times from user_sps_device_config.o(.data)
 <LI><a href="#[ed]">user_sps_config_verify_mtu_cb</a> from user_sps_device_config.o(.text) referenced from user_sps_device_config.o(.data)
 <LI><a href="#[f4]">user_sps_config_verify_polarity_cb</a> from user_sps_device_config.o(.text) referenced from user_sps_device_config.o(.data)
 <LI><a href="#[f5]">user_sps_config_verify_por_pin_timeout_cb</a> from user_sps_device_config.o(.text) referenced from user_sps_device_config.o(.data)
 <LI><a href="#[f0]">user_sps_config_verify_sl_cb</a> from user_sps_device_config.o(.text) referenced from user_sps_device_config.o(.data)
 <LI><a href="#[f1]">user_sps_config_verify_sup_to_cb</a> from user_sps_device_config.o(.text) referenced from user_sps_device_config.o(.data)
 <LI><a href="#[f2]">user_sps_config_verify_uart_baudrate_cb</a> from user_sps_device_config.o(.text) referenced from user_sps_device_config.o(.data)
 <LI><a href="#[b8]">user_sps_server_data_tx_cfm_handler</a> from user_spss_task.o(.text) referenced from user_spss_task.o(.constdata)
 <LI><a href="#[bb]">user_sps_server_data_write_ind_handler</a> from user_spss_task.o(.text) referenced from user_spss_task.o(.constdata)
 <LI><a href="#[b7]">user_sps_server_enable_cfm_handler</a> from user_spss_task.o(.text) referenced from user_spss_task.o(.constdata)
 <LI><a href="#[ba]">user_sps_server_error_ind_handler</a> from user_spss_task.o(.text) referenced from user_spss_task.o(.constdata)
 <LI><a href="#[b9]">user_sps_server_tx_flow_ctrl_ind_handler</a> from user_spss_task.o(.text) referenced from user_spss_task.o(.constdata)
 <LI><a href="#[91]">user_spss_create_db</a> from user_spss.o(.text) referenced from app.o(.constdata)
 <LI><a href="#[92]">user_spss_enable</a> from user_spss.o(.text) referenced from app.o(.constdata)
 <LI><a href="#[a6]">user_spss_process_handler</a> from user_spss_task.o(.text) referenced from app_entry_point.o(.constdata)
</UL>
<P>
<H3>
Global Symbols
</H3>
<P><STRONG><a name="[4e]"></a>rwip_eif_get_func</STRONG> (Thumb, 0 bytes, Stack size 0 bytes, da14585_symbols.txt(ABSOLUTE), UNUSED)
<BR>[Address Reference Count : 1]<UL><LI> jump_table.o(.constdata)
</UL>
<P><STRONG><a name="[11b]"></a>ble_init</STRONG> (Thumb, 0 bytes, Stack size 0 bytes, da14585_symbols.txt(ABSOLUTE))
<BR><BR>[Called By]<UL><LI><a href="#[fe]">&gt;&gt;</a>&nbsp;&nbsp;&nbsp;system_init
</UL>

<P><STRONG><a name="[15e]"></a>ble_regs_push</STRONG> (Thumb, 0 bytes, Stack size 0 bytes, da14585_symbols.txt(ABSOLUTE))
<BR><BR>[Called By]<UL><LI><a href="#[15d]">&gt;&gt;</a>&nbsp;&nbsp;&nbsp;patched_ble_regs_push
</UL>

<P><STRONG><a name="[15f]"></a>ble_regs_pop</STRONG> (Thumb, 0 bytes, Stack size 0 bytes, da14585_symbols.txt(ABSOLUTE))
<BR><BR>[Called By]<UL><LI><a href="#[152]">&gt;&gt;</a>&nbsp;&nbsp;&nbsp;patched_ble_regs_pop
</UL>

<P><STRONG><a name="[15b]"></a>rf_reinit</STRONG> (Thumb, 0 bytes, Stack size 0 bytes, da14585_symbols.txt(ABSOLUTE))
<BR><BR>[Called By]<UL><LI><a href="#[7]">&gt;&gt;</a>&nbsp;&nbsp;&nbsp;rwble_isr
</UL>

<P><STRONG><a name="[220]"></a>smpc_pdu_recv</STRONG> (Thumb, 0 bytes, Stack size 0 bytes, da14585_symbols.txt(ABSOLUTE), UNUSED)
<BR><BR>[Called By]<UL><LI><a href="#[21f]">&gt;&gt;</a>&nbsp;&nbsp;&nbsp;JT_l2cc_pdu_recv_ind_handler_func
</UL>

<P><STRONG><a name="[8]"></a>UART_Handler</STRONG> (Thumb, 0 bytes, Stack size 0 bytes, da14585_symbols.txt(ABSOLUTE), UNUSED)
<BR>[Address Reference Count : 1]<UL><LI> startup_da14585_586.o(RESET)
</UL>
<P><STRONG><a name="[1c4]"></a>platform_reset</STRONG> (Thumb, 0 bytes, Stack size 0 bytes, da14585_symbols.txt(ABSOLUTE))
<BR><BR>[Called By]<UL><LI><a href="#[1c2]">&gt;&gt;</a>&nbsp;&nbsp;&nbsp;app_suotar_read_mem
<LI><a href="#[1ab]">&gt;&gt;</a>&nbsp;&nbsp;&nbsp;user_on_disconnect
<LI><a href="#[2d]">&gt;&gt;</a>&nbsp;&nbsp;&nbsp;user_sps_apply_config
<LI><a href="#[d5]">&gt;&gt;</a>&nbsp;&nbsp;&nbsp;PATCHED_ke_malloc
<LI><a href="#[ce]">&gt;&gt;</a>&nbsp;&nbsp;&nbsp;PATCHED_gapm_reset_cmd_handler
</UL>

<P><STRONG><a name="[1bb]"></a>prf_get_task_from_id</STRONG> (Thumb, 0 bytes, Stack size 0 bytes, da14585_symbols.txt(ABSOLUTE))
<BR><BR>[Called By]<UL><LI><a href="#[1d5]">&gt;&gt;</a>&nbsp;&nbsp;&nbsp;sps_server_error_ind_send
<LI><a href="#[1c5]">&gt;&gt;</a>&nbsp;&nbsp;&nbsp;suotar_send_mem_info_update_req
<LI><a href="#[1ba]">&gt;&gt;</a>&nbsp;&nbsp;&nbsp;suotar_send_status_update_req
<LI><a href="#[92]">&gt;&gt;</a>&nbsp;&nbsp;&nbsp;user_spss_enable
<LI><a href="#[8e]">&gt;&gt;</a>&nbsp;&nbsp;&nbsp;user_remote_config_enable
<LI><a href="#[cb]">&gt;&gt;</a>&nbsp;&nbsp;&nbsp;user_remote_read_request_ind_handler
<LI><a href="#[ca]">&gt;&gt;</a>&nbsp;&nbsp;&nbsp;user_remote_write_request_ind_handler
<LI><a href="#[c9]">&gt;&gt;</a>&nbsp;&nbsp;&nbsp;user_remote_discover_val_ind_handler
<LI><a href="#[1df]">&gt;&gt;</a>&nbsp;&nbsp;&nbsp;user_send_ble_flow_ctrl
<LI><a href="#[1e0]">&gt;&gt;</a>&nbsp;&nbsp;&nbsp;user_send_ble_data
</UL>

<P><STRONG><a name="[218]"></a>l2cc_pdu_unpack</STRONG> (Thumb, 0 bytes, Stack size 0 bytes, da14585_symbols.txt(ABSOLUTE))
<BR><BR>[Called By]<UL><LI><a href="#[cd]">&gt;&gt;</a>&nbsp;&nbsp;&nbsp;PATCHED_hci_acl_data_rx_handler
</UL>

<P><STRONG><a name="[21b]"></a>l2c_send_lecb_message</STRONG> (Thumb, 0 bytes, Stack size 0 bytes, da14585_symbols.txt(ABSOLUTE))
<BR><BR>[Called By]<UL><LI><a href="#[cd]">&gt;&gt;</a>&nbsp;&nbsp;&nbsp;PATCHED_hci_acl_data_rx_handler
</UL>

<P><STRONG><a name="[219]"></a>l2c_process_sdu</STRONG> (Thumb, 0 bytes, Stack size 0 bytes, da14585_symbols.txt(ABSOLUTE))
<BR><BR>[Called By]<UL><LI><a href="#[cd]">&gt;&gt;</a>&nbsp;&nbsp;&nbsp;PATCHED_hci_acl_data_rx_handler
</UL>

<P><STRONG><a name="[20a]"></a>PK_PointMult</STRONG> (Thumb, 0 bytes, Stack size 0 bytes, da14585_symbols.txt(ABSOLUTE))
<BR><BR>[Called By]<UL><LI><a href="#[6e]">&gt;&gt;</a>&nbsp;&nbsp;&nbsp;llm_create_p256_key_func
</UL>

<P><STRONG><a name="[210]"></a>llm_p256_start</STRONG> (Thumb, 0 bytes, Stack size 0 bytes, da14585_symbols.txt(ABSOLUTE))
<BR><BR>[Called By]<UL><LI><a href="#[6f]">&gt;&gt;</a>&nbsp;&nbsp;&nbsp;llm_p256_req_handler_func
</UL>

<P><STRONG><a name="[20c]"></a>llm_create_p256_key</STRONG> (Thumb, 0 bytes, Stack size 0 bytes, da14585_symbols.txt(ABSOLUTE))
<BR><BR>[Called By]<UL><LI><a href="#[6f]">&gt;&gt;</a>&nbsp;&nbsp;&nbsp;llm_p256_req_handler_func
</UL>

<P><STRONG><a name="[107]"></a>dia_rand</STRONG> (Thumb, 0 bytes, Stack size 0 bytes, da14585_symbols.txt(ABSOLUTE))
<BR><BR>[Called By]<UL><LI><a href="#[77]">&gt;&gt;</a>&nbsp;&nbsp;&nbsp;ba431_get_rand_func
<LI><a href="#[d8]">&gt;&gt;</a>&nbsp;&nbsp;&nbsp;PATCHED_llc_util_gen_skdx
</UL>

<P><STRONG><a name="[119]"></a>dia_srand</STRONG> (Thumb, 0 bytes, Stack size 0 bytes, da14585_symbols.txt(ABSOLUTE))
<BR><BR>[Called By]<UL><LI><a href="#[fe]">&gt;&gt;</a>&nbsp;&nbsp;&nbsp;system_init
<LI><a href="#[11c]">&gt;&gt;</a>&nbsp;&nbsp;&nbsp;init_rand_seed_from_trng
</UL>

<P><STRONG><a name="[209]"></a>ba431_get_rand</STRONG> (Thumb, 0 bytes, Stack size 0 bytes, da14585_symbols.txt(ABSOLUTE))
<BR><BR>[Called By]<UL><LI><a href="#[6e]">&gt;&gt;</a>&nbsp;&nbsp;&nbsp;llm_create_p256_key_func
</UL>

<P><STRONG><a name="[229]"></a>modulationGainCalibration</STRONG> (Thumb, 0 bytes, Stack size 0 bytes, da14585_symbols.txt(ABSOLUTE))
<BR><BR>[Called By]<UL><LI><a href="#[110]">&gt;&gt;</a>&nbsp;&nbsp;&nbsp;rf_calibration_585
</UL>

<P><STRONG><a name="[12f]"></a>DCoffsetCalibration</STRONG> (Thumb, 0 bytes, Stack size 0 bytes, da14585_symbols.txt(ABSOLUTE))
<BR><BR>[Called By]<UL><LI><a href="#[12d]">&gt;&gt;</a>&nbsp;&nbsp;&nbsp;trng_acquire
<LI><a href="#[110]">&gt;&gt;</a>&nbsp;&nbsp;&nbsp;rf_calibration_585
</UL>

<P><STRONG><a name="[130]"></a>PllLF_IFF_MIX_CapCalibration</STRONG> (Thumb, 0 bytes, Stack size 0 bytes, da14585_symbols.txt(ABSOLUTE))
<BR><BR>[Called By]<UL><LI><a href="#[12d]">&gt;&gt;</a>&nbsp;&nbsp;&nbsp;trng_acquire
<LI><a href="#[110]">&gt;&gt;</a>&nbsp;&nbsp;&nbsp;rf_calibration_585
</UL>

<P><STRONG><a name="[214]"></a>smpm_ecdh_key_create</STRONG> (Thumb, 0 bytes, Stack size 0 bytes, da14585_symbols.txt(ABSOLUTE))
<BR><BR>[Called By]<UL><LI><a href="#[ce]">&gt;&gt;</a>&nbsp;&nbsp;&nbsp;PATCHED_gapm_reset_cmd_handler
</UL>

<P><STRONG><a name="[21c]"></a>co_buf_rx_free</STRONG> (Thumb, 0 bytes, Stack size 0 bytes, da14585_symbols.txt(ABSOLUTE))
<BR><BR>[Called By]<UL><LI><a href="#[cd]">&gt;&gt;</a>&nbsp;&nbsp;&nbsp;PATCHED_hci_acl_data_rx_handler
</UL>

<P><STRONG><a name="[200]"></a>co_buf_rx_buffer_get</STRONG> (Thumb, 0 bytes, Stack size 0 bytes, da14585_symbols.txt(ABSOLUTE))
<BR><BR>[Called By]<UL><LI><a href="#[da]">&gt;&gt;</a>&nbsp;&nbsp;&nbsp;PATCHED_llm_adv_report_set
<LI><a href="#[cd]">&gt;&gt;</a>&nbsp;&nbsp;&nbsp;PATCHED_hci_acl_data_rx_handler
</UL>

<P><STRONG><a name="[183]"></a>co_list_init</STRONG> (Thumb, 0 bytes, Stack size 0 bytes, da14585_symbols.txt(ABSOLUTE))
<BR><BR>[Called By]<UL><LI><a href="#[86]">&gt;&gt;</a>&nbsp;&nbsp;&nbsp;diss_init
<LI><a href="#[ad]">&gt;&gt;</a>&nbsp;&nbsp;&nbsp;sps_init
</UL>

<P><STRONG><a name="[184]"></a>co_list_pop_front</STRONG> (Thumb, 0 bytes, Stack size 0 bytes, da14585_symbols.txt(ABSOLUTE))
<BR><BR>[Called By]<UL><LI><a href="#[6f]">&gt;&gt;</a>&nbsp;&nbsp;&nbsp;llm_p256_req_handler_func
<LI><a href="#[87]">&gt;&gt;</a>&nbsp;&nbsp;&nbsp;diss_destroy
<LI><a href="#[ae]">&gt;&gt;</a>&nbsp;&nbsp;&nbsp;sps_destroy
</UL>

<P><STRONG><a name="[188]"></a>co_list_push_back</STRONG> (Thumb, 0 bytes, Stack size 0 bytes, da14585_symbols.txt(ABSOLUTE))
<BR><BR>[Called By]<UL><LI><a href="#[8a]">&gt;&gt;</a>&nbsp;&nbsp;&nbsp;diss_set_value_req_handler
<LI><a href="#[1ce]">&gt;&gt;</a>&nbsp;&nbsp;&nbsp;sps_att_set_value
<LI><a href="#[cd]">&gt;&gt;</a>&nbsp;&nbsp;&nbsp;PATCHED_hci_acl_data_rx_handler
</UL>

<P><STRONG><a name="[187]"></a>co_list_extract</STRONG> (Thumb, 0 bytes, Stack size 0 bytes, da14585_symbols.txt(ABSOLUTE))
<BR><BR>[Called By]<UL><LI><a href="#[8a]">&gt;&gt;</a>&nbsp;&nbsp;&nbsp;diss_set_value_req_handler
<LI><a href="#[1ce]">&gt;&gt;</a>&nbsp;&nbsp;&nbsp;sps_att_set_value
</UL>

<P><STRONG><a name="[70]"></a>llc_le_length_effective_func</STRONG> (Thumb, 0 bytes, Stack size 0 bytes, da14585_symbols.txt(ABSOLUTE), UNUSED)
<BR>[Address Reference Count : 1]<UL><LI> jump_table.o(.constdata)
</UL>
<P><STRONG><a name="[71]"></a>llc_le_length_conn_init_func</STRONG> (Thumb, 0 bytes, Stack size 0 bytes, da14585_symbols.txt(ABSOLUTE), UNUSED)
<BR>[Address Reference Count : 1]<UL><LI> jump_table.o(.constdata)
</UL>
<P><STRONG><a name="[223]"></a>llc_map_update_ind</STRONG> (Thumb, 0 bytes, Stack size 0 bytes, da14585_symbols.txt(ABSOLUTE))
<BR><BR>[Called By]<UL><LI><a href="#[dc]">&gt;&gt;</a>&nbsp;&nbsp;&nbsp;PATCHED_llc_ch_map_req_ind
</UL>

<P><STRONG><a name="[74]"></a>llc_pdu_send_func</STRONG> (Thumb, 0 bytes, Stack size 0 bytes, da14585_symbols.txt(ABSOLUTE), UNUSED)
<BR>[Address Reference Count : 1]<UL><LI> jump_table.o(.constdata)
</UL>
<P><STRONG><a name="[1fe]"></a>llc_reject_ind_pdu_send</STRONG> (Thumb, 0 bytes, Stack size 0 bytes, da14585_symbols.txt(ABSOLUTE))
<BR><BR>[Called By]<UL><LI><a href="#[cc]">&gt;&gt;</a>&nbsp;&nbsp;&nbsp;PATCHED_llcp_length_req_handler
</UL>

<P><STRONG><a name="[1fc]"></a>llc_length_rsp_pdu_send</STRONG> (Thumb, 0 bytes, Stack size 0 bytes, da14585_symbols.txt(ABSOLUTE))
<BR><BR>[Called By]<UL><LI><a href="#[cc]">&gt;&gt;</a>&nbsp;&nbsp;&nbsp;PATCHED_llcp_length_req_handler
</UL>

<P><STRONG><a name="[1fd]"></a>llc_length_ind</STRONG> (Thumb, 0 bytes, Stack size 0 bytes, da14585_symbols.txt(ABSOLUTE))
<BR><BR>[Called By]<UL><LI><a href="#[cc]">&gt;&gt;</a>&nbsp;&nbsp;&nbsp;PATCHED_llcp_length_req_handler
</UL>

<P><STRONG><a name="[e9]"></a>llc_ch_map_req_ind</STRONG> (Thumb, 0 bytes, Stack size 0 bytes, da14585_symbols.txt(ABSOLUTE), UNUSED)
<BR>[Address Reference Count : 1]<UL><LI> patch.o(.constdata)
</UL>
<P><STRONG><a name="[1fb]"></a>llc_util_dicon_procedure</STRONG> (Thumb, 0 bytes, Stack size 0 bytes, da14585_symbols.txt(ABSOLUTE))
<BR><BR>[Called By]<UL><LI><a href="#[cc]">&gt;&gt;</a>&nbsp;&nbsp;&nbsp;PATCHED_llcp_length_req_handler
</UL>

<P><STRONG><a name="[e5]"></a>llc_util_gen_skdx</STRONG> (Thumb, 0 bytes, Stack size 0 bytes, da14585_symbols.txt(ABSOLUTE), UNUSED)
<BR>[Address Reference Count : 1]<UL><LI> patch.o(.constdata)
</UL>
<P><STRONG><a name="[222]"></a>lld_ch_map_ind</STRONG> (Thumb, 0 bytes, Stack size 0 bytes, da14585_symbols.txt(ABSOLUTE))
<BR><BR>[Called By]<UL><LI><a href="#[dc]">&gt;&gt;</a>&nbsp;&nbsp;&nbsp;PATCHED_llc_ch_map_req_ind
</UL>

<P><STRONG><a name="[159]"></a>lld_crypt_isr</STRONG> (Thumb, 0 bytes, Stack size 0 bytes, da14585_symbols.txt(ABSOLUTE))
<BR><BR>[Called By]<UL><LI><a href="#[7]">&gt;&gt;</a>&nbsp;&nbsp;&nbsp;rwble_isr
</UL>

<P><STRONG><a name="[55]"></a>lld_test_mode_tx_func</STRONG> (Thumb, 0 bytes, Stack size 0 bytes, da14585_symbols.txt(ABSOLUTE), UNUSED)
<BR>[Address Reference Count : 1]<UL><LI> jump_table.o(.constdata)
</UL>
<P><STRONG><a name="[56]"></a>lld_test_mode_rx_func</STRONG> (Thumb, 0 bytes, Stack size 0 bytes, da14585_symbols.txt(ABSOLUTE), UNUSED)
<BR>[Address Reference Count : 1]<UL><LI> jump_table.o(.constdata)
</UL>
<P><STRONG><a name="[54]"></a>lld_test_stop_func</STRONG> (Thumb, 0 bytes, Stack size 0 bytes, da14585_symbols.txt(ABSOLUTE), UNUSED)
<BR>[Address Reference Count : 1]<UL><LI> jump_table.o(.constdata)
</UL>
<P><STRONG><a name="[73]"></a>lld_data_tx_check_func</STRONG> (Thumb, 0 bytes, Stack size 0 bytes, da14585_symbols.txt(ABSOLUTE), UNUSED)
<BR>[Address Reference Count : 1]<UL><LI> jump_table.o(.constdata)
</UL>
<P><STRONG><a name="[72]"></a>lld_data_tx_prog_func</STRONG> (Thumb, 0 bytes, Stack size 0 bytes, da14585_symbols.txt(ABSOLUTE), UNUSED)
<BR>[Address Reference Count : 1]<UL><LI> jump_table.o(.constdata)
</UL>
<P><STRONG><a name="[202]"></a>lld_evt_elt_delete</STRONG> (Thumb, 0 bytes, Stack size 0 bytes, da14585_symbols.txt(ABSOLUTE))
<BR><BR>[Called By]<UL><LI><a href="#[d9]">&gt;&gt;</a>&nbsp;&nbsp;&nbsp;PATCHED_lld_evt_move_to_master
</UL>

<P><STRONG><a name="[204]"></a>lld_evt_channel_next</STRONG> (Thumb, 0 bytes, Stack size 0 bytes, da14585_symbols.txt(ABSOLUTE))
<BR><BR>[Called By]<UL><LI><a href="#[d9]">&gt;&gt;</a>&nbsp;&nbsp;&nbsp;PATCHED_lld_evt_move_to_master
</UL>

<P><STRONG><a name="[221]"></a>lld_evt_schedule_next</STRONG> (Thumb, 0 bytes, Stack size 0 bytes, da14585_symbols.txt(ABSOLUTE))
<BR><BR>[Called By]<UL><LI><a href="#[dc]">&gt;&gt;</a>&nbsp;&nbsp;&nbsp;PATCHED_llc_ch_map_req_ind
</UL>

<P><STRONG><a name="[e6]"></a>lld_evt_move_to_master</STRONG> (Thumb, 0 bytes, Stack size 0 bytes, da14585_symbols.txt(ABSOLUTE), UNUSED)
<BR>[Address Reference Count : 1]<UL><LI> patch.o(.constdata)
</UL>
<P><STRONG><a name="[158]"></a>lld_evt_timer_isr</STRONG> (Thumb, 0 bytes, Stack size 0 bytes, da14585_symbols.txt(ABSOLUTE))
<BR><BR>[Called By]<UL><LI><a href="#[7]">&gt;&gt;</a>&nbsp;&nbsp;&nbsp;rwble_isr
</UL>

<P><STRONG><a name="[156]"></a>lld_evt_end_isr</STRONG> (Thumb, 0 bytes, Stack size 0 bytes, da14585_symbols.txt(ABSOLUTE))
<BR><BR>[Called By]<UL><LI><a href="#[7]">&gt;&gt;</a>&nbsp;&nbsp;&nbsp;rwble_isr
</UL>

<P><STRONG><a name="[155]"></a>lld_evt_rx_isr</STRONG> (Thumb, 0 bytes, Stack size 0 bytes, da14585_symbols.txt(ABSOLUTE))
<BR><BR>[Called By]<UL><LI><a href="#[7]">&gt;&gt;</a>&nbsp;&nbsp;&nbsp;rwble_isr
</UL>

<P><STRONG><a name="[111]"></a>lld_sleep_us_2_lpcycles_func</STRONG> (Thumb, 0 bytes, Stack size 0 bytes, da14585_symbols.txt(ABSOLUTE))
<BR><BR>[Called By]<UL><LI><a href="#[52]">&gt;&gt;</a>&nbsp;&nbsp;&nbsp;lld_sleep_us_2_lpcycles_sel_func
</UL>

<P><STRONG><a name="[112]"></a>lld_sleep_lpcycles_2_us_func</STRONG> (Thumb, 0 bytes, Stack size 0 bytes, da14585_symbols.txt(ABSOLUTE))
<BR><BR>[Called By]<UL><LI><a href="#[53]">&gt;&gt;</a>&nbsp;&nbsp;&nbsp;lld_sleep_lpcycles_2_us_sel_func
</UL>

<P><STRONG><a name="[165]"></a>lld_sleep_enter</STRONG> (Thumb, 0 bytes, Stack size 0 bytes, da14585_symbols.txt(ABSOLUTE))
<BR><BR>[Called By]<UL><LI><a href="#[104]">&gt;&gt;</a>&nbsp;&nbsp;&nbsp;rwip_sleep
</UL>

<P><STRONG><a name="[e7]"></a>llm_adv_report_set</STRONG> (Thumb, 0 bytes, Stack size 0 bytes, da14585_symbols.txt(ABSOLUTE), UNUSED)
<BR>[Address Reference Count : 1]<UL><LI> patch.o(.constdata)
</UL>
<P><STRONG><a name="[6b]"></a>llm_le_adv_report_ind_func</STRONG> (Thumb, 0 bytes, Stack size 0 bytes, da14585_symbols.txt(ABSOLUTE), UNUSED)
<BR>[Address Reference Count : 1]<UL><LI> jump_table.o(.constdata)
</UL>
<P><STRONG><a name="[49]"></a>llm_encryption_done_func</STRONG> (Thumb, 0 bytes, Stack size 0 bytes, da14585_symbols.txt(ABSOLUTE), UNUSED)
<BR>[Address Reference Count : 1]<UL><LI> jump_table.o(.constdata)
</UL>
<P><STRONG><a name="[6d]"></a>llm_p256_start_func</STRONG> (Thumb, 0 bytes, Stack size 0 bytes, da14585_symbols.txt(ABSOLUTE), UNUSED)
<BR><BR>[Called By]<UL><LI><a href="#[22d]">&gt;&gt;</a>&nbsp;&nbsp;&nbsp;JT_llm_p256_start_func
</UL>
<BR>[Address Reference Count : 1]<UL><LI> jump_table.o(.constdata)
</UL>
<P><STRONG><a name="[61]"></a>hci_rd_local_supp_feats_cmd_handler_func</STRONG> (Thumb, 0 bytes, Stack size 0 bytes, da14585_symbols.txt(ABSOLUTE), UNUSED)
<BR>[Address Reference Count : 1]<UL><LI> jump_table.o(.constdata)
</UL>
<P><STRONG><a name="[20b]"></a>llm_util_check_evt_mask</STRONG> (Thumb, 0 bytes, Stack size 0 bytes, da14585_symbols.txt(ABSOLUTE))
<BR><BR>[Called By]<UL><LI><a href="#[6f]">&gt;&gt;</a>&nbsp;&nbsp;&nbsp;llm_p256_req_handler_func
</UL>

<P><STRONG><a name="[203]"></a>ea_time_get_halfslot_rounded</STRONG> (Thumb, 0 bytes, Stack size 0 bytes, da14585_symbols.txt(ABSOLUTE))
<BR><BR>[Called By]<UL><LI><a href="#[d9]">&gt;&gt;</a>&nbsp;&nbsp;&nbsp;PATCHED_lld_evt_move_to_master
</UL>

<P><STRONG><a name="[201]"></a>ea_interval_create</STRONG> (Thumb, 0 bytes, Stack size 0 bytes, da14585_symbols.txt(ABSOLUTE))
<BR><BR>[Called By]<UL><LI><a href="#[d9]">&gt;&gt;</a>&nbsp;&nbsp;&nbsp;PATCHED_lld_evt_move_to_master
</UL>

<P><STRONG><a name="[205]"></a>ea_interval_insert</STRONG> (Thumb, 0 bytes, Stack size 0 bytes, da14585_symbols.txt(ABSOLUTE))
<BR><BR>[Called By]<UL><LI><a href="#[d9]">&gt;&gt;</a>&nbsp;&nbsp;&nbsp;PATCHED_lld_evt_move_to_master
</UL>

<P><STRONG><a name="[154]"></a>ea_finetimer_isr</STRONG> (Thumb, 0 bytes, Stack size 0 bytes, da14585_symbols.txt(ABSOLUTE))
<BR><BR>[Called By]<UL><LI><a href="#[7]">&gt;&gt;</a>&nbsp;&nbsp;&nbsp;rwble_isr
</UL>

<P><STRONG><a name="[157]"></a>ea_sw_isr</STRONG> (Thumb, 0 bytes, Stack size 0 bytes, da14585_symbols.txt(ABSOLUTE))
<BR><BR>[Called By]<UL><LI><a href="#[7]">&gt;&gt;</a>&nbsp;&nbsp;&nbsp;rwble_isr
</UL>

<P><STRONG><a name="[100]"></a>ea_sleep_check</STRONG> (Thumb, 0 bytes, Stack size 0 bytes, da14585_symbols.txt(ABSOLUTE))
<BR><BR>[Called By]<UL><LI><a href="#[104]">&gt;&gt;</a>&nbsp;&nbsp;&nbsp;rwip_sleep
<LI><a href="#[1e]">&gt;&gt;</a>&nbsp;&nbsp;&nbsp;main
<LI><a href="#[1ec]">&gt;&gt;</a>&nbsp;&nbsp;&nbsp;user_rwip_sleep_check
</UL>

<P><STRONG><a name="[31]"></a>uart_init_func</STRONG> (Thumb, 0 bytes, Stack size 0 bytes, da14585_symbols.txt(ABSOLUTE), UNUSED)
<BR>[Address Reference Count : 1]<UL><LI> jump_table.o(.constdata)
</UL>
<P><STRONG><a name="[32]"></a>uart_flow_on_func</STRONG> (Thumb, 0 bytes, Stack size 0 bytes, da14585_symbols.txt(ABSOLUTE), UNUSED)
<BR>[Address Reference Count : 1]<UL><LI> jump_table.o(.constdata)
</UL>
<P><STRONG><a name="[33]"></a>uart_flow_off_func</STRONG> (Thumb, 0 bytes, Stack size 0 bytes, da14585_symbols.txt(ABSOLUTE), UNUSED)
<BR>[Address Reference Count : 1]<UL><LI> jump_table.o(.constdata)
</UL>
<P><STRONG><a name="[34]"></a>uart_finish_transfers_func</STRONG> (Thumb, 0 bytes, Stack size 0 bytes, da14585_symbols.txt(ABSOLUTE), UNUSED)
<BR>[Address Reference Count : 1]<UL><LI> jump_table.o(.constdata)
</UL>
<P><STRONG><a name="[35]"></a>uart_read_func</STRONG> (Thumb, 0 bytes, Stack size 0 bytes, da14585_symbols.txt(ABSOLUTE), UNUSED)
<BR>[Address Reference Count : 1]<UL><LI> jump_table.o(.constdata)
</UL>
<P><STRONG><a name="[36]"></a>uart_write_func</STRONG> (Thumb, 0 bytes, Stack size 0 bytes, da14585_symbols.txt(ABSOLUTE), UNUSED)
<BR>[Address Reference Count : 1]<UL><LI> jump_table.o(.constdata)
</UL>
<P><STRONG><a name="[37]"></a>UART_Handler_func</STRONG> (Thumb, 0 bytes, Stack size 0 bytes, da14585_symbols.txt(ABSOLUTE), UNUSED)
<BR>[Address Reference Count : 1]<UL><LI> jump_table.o(.constdata)
</UL>
<P><STRONG><a name="[78]"></a>modulationGainCalibration_func</STRONG> (Thumb, 0 bytes, Stack size 0 bytes, da14585_symbols.txt(ABSOLUTE), UNUSED)
<BR>[Address Reference Count : 1]<UL><LI> jump_table.o(.constdata)
</UL>
<P><STRONG><a name="[79]"></a>DCoffsetCalibration_func</STRONG> (Thumb, 0 bytes, Stack size 0 bytes, da14585_symbols.txt(ABSOLUTE), UNUSED)
<BR>[Address Reference Count : 1]<UL><LI> jump_table.o(.constdata)
</UL>
<P><STRONG><a name="[7a]"></a>PllLF_IFF_MIX_CapCalibration_func</STRONG> (Thumb, 0 bytes, Stack size 0 bytes, da14585_symbols.txt(ABSOLUTE), UNUSED)
<BR>[Address Reference Count : 1]<UL><LI> jump_table.o(.constdata)
</UL>
<P><STRONG><a name="[38]"></a>gtl_init_func</STRONG> (Thumb, 0 bytes, Stack size 0 bytes, da14585_symbols.txt(ABSOLUTE), UNUSED)
<BR>[Address Reference Count : 1]<UL><LI> jump_table.o(.constdata)
</UL>
<P><STRONG><a name="[3a]"></a>gtl_eif_read_start_func</STRONG> (Thumb, 0 bytes, Stack size 0 bytes, da14585_symbols.txt(ABSOLUTE), UNUSED)
<BR>[Address Reference Count : 1]<UL><LI> jump_table.o(.constdata)
</UL>
<P><STRONG><a name="[3b]"></a>gtl_eif_read_hdr_func</STRONG> (Thumb, 0 bytes, Stack size 0 bytes, da14585_symbols.txt(ABSOLUTE), UNUSED)
<BR>[Address Reference Count : 1]<UL><LI> jump_table.o(.constdata)
</UL>
<P><STRONG><a name="[3c]"></a>gtl_eif_read_payl_func</STRONG> (Thumb, 0 bytes, Stack size 0 bytes, da14585_symbols.txt(ABSOLUTE), UNUSED)
<BR>[Address Reference Count : 1]<UL><LI> jump_table.o(.constdata)
</UL>
<P><STRONG><a name="[3d]"></a>gtl_eif_tx_done_func</STRONG> (Thumb, 0 bytes, Stack size 0 bytes, da14585_symbols.txt(ABSOLUTE), UNUSED)
<BR>[Address Reference Count : 1]<UL><LI> jump_table.o(.constdata)
</UL>
<P><STRONG><a name="[3e]"></a>gtl_eif_rx_done_func</STRONG> (Thumb, 0 bytes, Stack size 0 bytes, da14585_symbols.txt(ABSOLUTE), UNUSED)
<BR>[Address Reference Count : 1]<UL><LI> jump_table.o(.constdata)
</UL>
<P><STRONG><a name="[39]"></a>gtl_eif_init_func</STRONG> (Thumb, 0 bytes, Stack size 0 bytes, da14585_symbols.txt(ABSOLUTE), UNUSED)
<BR>[Address Reference Count : 1]<UL><LI> jump_table.o(.constdata)
</UL>
<P><STRONG><a name="[20d]"></a>hci_send_2_host</STRONG> (Thumb, 0 bytes, Stack size 0 bytes, da14585_symbols.txt(ABSOLUTE))
<BR><BR>[Called By]<UL><LI><a href="#[6f]">&gt;&gt;</a>&nbsp;&nbsp;&nbsp;llm_p256_req_handler_func
<LI><a href="#[cf]">&gt;&gt;</a>&nbsp;&nbsp;&nbsp;PATCHED_hci_command_handler
</UL>

<P><STRONG><a name="[40]"></a>h4tl_read_start_func</STRONG> (Thumb, 0 bytes, Stack size 0 bytes, da14585_symbols.txt(ABSOLUTE), UNUSED)
<BR>[Address Reference Count : 1]<UL><LI> jump_table.o(.constdata)
</UL>
<P><STRONG><a name="[41]"></a>h4tl_read_hdr_func</STRONG> (Thumb, 0 bytes, Stack size 0 bytes, da14585_symbols.txt(ABSOLUTE), UNUSED)
<BR>[Address Reference Count : 1]<UL><LI> jump_table.o(.constdata)
</UL>
<P><STRONG><a name="[42]"></a>h4tl_read_payl_func</STRONG> (Thumb, 0 bytes, Stack size 0 bytes, da14585_symbols.txt(ABSOLUTE), UNUSED)
<BR>[Address Reference Count : 1]<UL><LI> jump_table.o(.constdata)
</UL>
<P><STRONG><a name="[43]"></a>h4tl_read_next_out_of_sync_func</STRONG> (Thumb, 0 bytes, Stack size 0 bytes, da14585_symbols.txt(ABSOLUTE), UNUSED)
<BR>[Address Reference Count : 1]<UL><LI> jump_table.o(.constdata)
</UL>
<P><STRONG><a name="[44]"></a>h4tl_out_of_sync_func</STRONG> (Thumb, 0 bytes, Stack size 0 bytes, da14585_symbols.txt(ABSOLUTE), UNUSED)
<BR>[Address Reference Count : 1]<UL><LI> jump_table.o(.constdata)
</UL>
<P><STRONG><a name="[45]"></a>h4tl_tx_done_func</STRONG> (Thumb, 0 bytes, Stack size 0 bytes, da14585_symbols.txt(ABSOLUTE), UNUSED)
<BR>[Address Reference Count : 1]<UL><LI> jump_table.o(.constdata)
</UL>
<P><STRONG><a name="[46]"></a>h4tl_rx_done_func</STRONG> (Thumb, 0 bytes, Stack size 0 bytes, da14585_symbols.txt(ABSOLUTE), UNUSED)
<BR>[Address Reference Count : 1]<UL><LI> jump_table.o(.constdata)
</UL>
<P><STRONG><a name="[3f]"></a>h4tl_init_func</STRONG> (Thumb, 0 bytes, Stack size 0 bytes, da14585_symbols.txt(ABSOLUTE), UNUSED)
<BR>[Address Reference Count : 1]<UL><LI> jump_table.o(.constdata)
</UL>
<P><STRONG><a name="[69]"></a>attc_l2cc_pdu_recv_handler_func</STRONG> (Thumb, 0 bytes, Stack size 0 bytes, da14585_symbols.txt(ABSOLUTE), UNUSED)
<BR>[Address Reference Count : 1]<UL><LI> jump_table.o(.constdata)
</UL>
<P><STRONG><a name="[169]"></a>attmdb_add_service</STRONG> (Thumb, 0 bytes, Stack size 0 bytes, da14585_symbols.txt(ABSOLUTE))
<BR><BR>[Called By]<UL><LI><a href="#[7e]">&gt;&gt;</a>&nbsp;&nbsp;&nbsp;suotar_init
<LI><a href="#[167]">&gt;&gt;</a>&nbsp;&nbsp;&nbsp;attm_svc_create_db_128
</UL>

<P><STRONG><a name="[16c]"></a>attmdb_get_service</STRONG> (Thumb, 0 bytes, Stack size 0 bytes, da14585_symbols.txt(ABSOLUTE))
<BR><BR>[Called By]<UL><LI><a href="#[16f]">&gt;&gt;</a>&nbsp;&nbsp;&nbsp;get_cfg_handle
<LI><a href="#[16b]">&gt;&gt;</a>&nbsp;&nbsp;&nbsp;get_value_handle
</UL>

<P><STRONG><a name="[16d]"></a>attmdb_get_attribute</STRONG> (Thumb, 0 bytes, Stack size 0 bytes, da14585_symbols.txt(ABSOLUTE))
<BR><BR>[Called By]<UL><LI><a href="#[16f]">&gt;&gt;</a>&nbsp;&nbsp;&nbsp;get_cfg_handle
<LI><a href="#[16b]">&gt;&gt;</a>&nbsp;&nbsp;&nbsp;get_value_handle
</UL>

<P><STRONG><a name="[16a]"></a>attmdb_att_set_value</STRONG> (Thumb, 0 bytes, Stack size 0 bytes, da14585_symbols.txt(ABSOLUTE))
<BR><BR>[Called By]<UL><LI><a href="#[83]">&gt;&gt;</a>&nbsp;&nbsp;&nbsp;gattc_write_req_ind_handler
<LI><a href="#[84]">&gt;&gt;</a>&nbsp;&nbsp;&nbsp;suotar_mem_info_update_req_handler
<LI><a href="#[85]">&gt;&gt;</a>&nbsp;&nbsp;&nbsp;suotar_status_update_req_handler
<LI><a href="#[81]">&gt;&gt;</a>&nbsp;&nbsp;&nbsp;suotar_cleanup
<LI><a href="#[7e]">&gt;&gt;</a>&nbsp;&nbsp;&nbsp;suotar_init
<LI><a href="#[167]">&gt;&gt;</a>&nbsp;&nbsp;&nbsp;attm_svc_create_db_128
<LI><a href="#[be]">&gt;&gt;</a>&nbsp;&nbsp;&nbsp;remote_config_init
<LI><a href="#[b3]">&gt;&gt;</a>&nbsp;&nbsp;&nbsp;gattc_write_req_ind_handler
<LI><a href="#[b5]">&gt;&gt;</a>&nbsp;&nbsp;&nbsp;sps_server_rx_flow_ctrl_req_handler
</UL>

<P><STRONG><a name="[16e]"></a>attmdb_get_uuid</STRONG> (Thumb, 0 bytes, Stack size 0 bytes, da14585_symbols.txt(ABSOLUTE))
<BR><BR>[Called By]<UL><LI><a href="#[16f]">&gt;&gt;</a>&nbsp;&nbsp;&nbsp;get_cfg_handle
<LI><a href="#[16b]">&gt;&gt;</a>&nbsp;&nbsp;&nbsp;get_value_handle
</UL>

<P><STRONG><a name="[17f]"></a>attmdb_get_value</STRONG> (Thumb, 0 bytes, Stack size 0 bytes, da14585_symbols.txt(ABSOLUTE))
<BR><BR>[Called By]<UL><LI><a href="#[82]">&gt;&gt;</a>&nbsp;&nbsp;&nbsp;gattc_read_req_ind_handler
</UL>

<P><STRONG><a name="[1da]"></a>attmdb_att_get_permission</STRONG> (Thumb, 0 bytes, Stack size 0 bytes, da14585_symbols.txt(ABSOLUTE))
<BR><BR>[Called By]<UL><LI><a href="#[b3]">&gt;&gt;</a>&nbsp;&nbsp;&nbsp;gattc_write_req_ind_handler
</UL>

<P><STRONG><a name="[182]"></a>attm_svc_create_db</STRONG> (Thumb, 0 bytes, Stack size 0 bytes, da14585_symbols.txt(ABSOLUTE))
<BR><BR>[Called By]<UL><LI><a href="#[86]">&gt;&gt;</a>&nbsp;&nbsp;&nbsp;diss_init
</UL>

<P><STRONG><a name="[dd]"></a>atts_mtu_exc_req</STRONG> (Thumb, 0 bytes, Stack size 0 bytes, da14585_symbols.txt(ABSOLUTE), UNUSED)
<BR>[Address Reference Count : 1]<UL><LI> patch.o(.constdata)
</UL>
<P><STRONG><a name="[68]"></a>atts_l2cc_pdu_recv_handler_func</STRONG> (Thumb, 0 bytes, Stack size 0 bytes, da14585_symbols.txt(ABSOLUTE), UNUSED)
<BR>[Address Reference Count : 1]<UL><LI> jump_table.o(.constdata)
</UL>
<P><STRONG><a name="[1f7]"></a>atts_allocate_pdu</STRONG> (Thumb, 0 bytes, Stack size 0 bytes, da14585_symbols.txt(ABSOLUTE))
<BR><BR>[Called By]<UL><LI><a href="#[d0]">&gt;&gt;</a>&nbsp;&nbsp;&nbsp;PATCHED_atts_mtu_exc_req
</UL>

<P><STRONG><a name="[1f9]"></a>atts_send_pdu</STRONG> (Thumb, 0 bytes, Stack size 0 bytes, da14585_symbols.txt(ABSOLUTE))
<BR><BR>[Called By]<UL><LI><a href="#[d0]">&gt;&gt;</a>&nbsp;&nbsp;&nbsp;PATCHED_atts_mtu_exc_req
</UL>

<P><STRONG><a name="[180]"></a>gattc_get_mtu</STRONG> (Thumb, 0 bytes, Stack size 0 bytes, da14585_symbols.txt(ABSOLUTE))
<BR><BR>[Called By]<UL><LI><a href="#[82]">&gt;&gt;</a>&nbsp;&nbsp;&nbsp;gattc_read_req_ind_handler
<LI><a href="#[cb]">&gt;&gt;</a>&nbsp;&nbsp;&nbsp;user_remote_read_request_ind_handler
<LI><a href="#[c9]">&gt;&gt;</a>&nbsp;&nbsp;&nbsp;user_remote_discover_val_ind_handler
<LI><a href="#[c7]">&gt;&gt;</a>&nbsp;&nbsp;&nbsp;remote_read_rsp_cmd_handler
<LI><a href="#[1ea]">&gt;&gt;</a>&nbsp;&nbsp;&nbsp;user_set_default_tx_size
</UL>

<P><STRONG><a name="[1fa]"></a>gattc_set_mtu</STRONG> (Thumb, 0 bytes, Stack size 0 bytes, da14585_symbols.txt(ABSOLUTE))
<BR><BR>[Called By]<UL><LI><a href="#[d0]">&gt;&gt;</a>&nbsp;&nbsp;&nbsp;PATCHED_atts_mtu_exc_req
</UL>

<P><STRONG><a name="[1f8]"></a>gattm_get_max_mtu</STRONG> (Thumb, 0 bytes, Stack size 0 bytes, da14585_symbols.txt(ABSOLUTE))
<BR><BR>[Called By]<UL><LI><a href="#[d0]">&gt;&gt;</a>&nbsp;&nbsp;&nbsp;PATCHED_atts_mtu_exc_req
<LI><a href="#[cd]">&gt;&gt;</a>&nbsp;&nbsp;&nbsp;PATCHED_hci_acl_data_rx_handler
</UL>

<P><STRONG><a name="[e0]"></a>smpc_check_key_distrib</STRONG> (Thumb, 0 bytes, Stack size 0 bytes, da14585_symbols.txt(ABSOLUTE), UNUSED)
<BR>[Address Reference Count : 1]<UL><LI> patch.o(.constdata)
</UL>
<P><STRONG><a name="[22c]"></a>smpc_pairing_end</STRONG> (Thumb, 0 bytes, Stack size 0 bytes, da14585_symbols.txt(ABSOLUTE))
<BR><BR>[Called By]<UL><LI><a href="#[d1]">&gt;&gt;</a>&nbsp;&nbsp;&nbsp;PATCHED_smpc_dhkey_calc_start
</UL>

<P><STRONG><a name="[22a]"></a>smpc_pdu_send</STRONG> (Thumb, 0 bytes, Stack size 0 bytes, da14585_symbols.txt(ABSOLUTE))
<BR><BR>[Called By]<UL><LI><a href="#[d1]">&gt;&gt;</a>&nbsp;&nbsp;&nbsp;PATCHED_smpc_dhkey_calc_start
</UL>

<P><STRONG><a name="[df]"></a>smpc_is_sec_mode_reached</STRONG> (Thumb, 0 bytes, Stack size 0 bytes, da14585_symbols.txt(ABSOLUTE), UNUSED)
<BR>[Address Reference Count : 1]<UL><LI> patch.o(.constdata)
</UL>
<P><STRONG><a name="[58]"></a>smpc_pdu_recv_func</STRONG> (Thumb, 0 bytes, Stack size 0 bytes, da14585_symbols.txt(ABSOLUTE), UNUSED)
<BR>[Address Reference Count : 1]<UL><LI> jump_table.o(.constdata)
</UL>
<P><STRONG><a name="[1f1]"></a>gapc_get_conidx</STRONG> (Thumb, 0 bytes, Stack size 0 bytes, da14585_symbols.txt(ABSOLUTE))
<BR><BR>[Called By]<UL><LI><a href="#[c4]">&gt;&gt;</a>&nbsp;&nbsp;&nbsp;remote_config_enable_req_handler
</UL>

<P><STRONG><a name="[17e]"></a>gapc_get_conhdl</STRONG> (Thumb, 0 bytes, Stack size 0 bytes, da14585_symbols.txt(ABSOLUTE))
<BR><BR>[Called By]<UL><LI><a href="#[83]">&gt;&gt;</a>&nbsp;&nbsp;&nbsp;gattc_write_req_ind_handler
<LI><a href="#[c7]">&gt;&gt;</a>&nbsp;&nbsp;&nbsp;remote_read_rsp_cmd_handler
<LI><a href="#[c6]">&gt;&gt;</a>&nbsp;&nbsp;&nbsp;remote_write_rsp_cmd_handler
<LI><a href="#[c5]">&gt;&gt;</a>&nbsp;&nbsp;&nbsp;remote_discover_rsp_cmd_handler
<LI><a href="#[c2]">&gt;&gt;</a>&nbsp;&nbsp;&nbsp;remote_config_gattc_write_req_ind_handler
</UL>

<P><STRONG><a name="[22b]"></a>gapc_get_role</STRONG> (Thumb, 0 bytes, Stack size 0 bytes, da14585_symbols.txt(ABSOLUTE))
<BR><BR>[Called By]<UL><LI><a href="#[d1]">&gt;&gt;</a>&nbsp;&nbsp;&nbsp;PATCHED_smpc_dhkey_calc_start
</UL>

<P><STRONG><a name="[217]"></a>gapc_search_lecb_channel</STRONG> (Thumb, 0 bytes, Stack size 0 bytes, da14585_symbols.txt(ABSOLUTE))
<BR><BR>[Called By]<UL><LI><a href="#[cd]">&gt;&gt;</a>&nbsp;&nbsp;&nbsp;PATCHED_hci_acl_data_rx_handler
<LI><a href="#[215]">&gt;&gt;</a>&nbsp;&nbsp;&nbsp;l2cc_handle_invalid_pdu
</UL>

<P><STRONG><a name="[21e]"></a>gapc_lecnx_check_rx</STRONG> (Thumb, 0 bytes, Stack size 0 bytes, da14585_symbols.txt(ABSOLUTE), UNUSED)
<BR><BR>[Called By]<UL><LI><a href="#[21d]">&gt;&gt;</a>&nbsp;&nbsp;&nbsp;JT_l2cc_pdu_unpack_func
</UL>

<P><STRONG><a name="[66]"></a>l2cc_pdu_recv_ind_handler_func</STRONG> (Thumb, 0 bytes, Stack size 0 bytes, da14585_symbols.txt(ABSOLUTE), UNUSED)
<BR><BR>[Called By]<UL><LI><a href="#[21f]">&gt;&gt;</a>&nbsp;&nbsp;&nbsp;JT_l2cc_pdu_recv_ind_handler_func
</UL>
<BR>[Address Reference Count : 1]<UL><LI> jump_table.o(.constdata)
</UL>
<P><STRONG><a name="[67]"></a>gapc_lecb_connect_cfm_handler_func</STRONG> (Thumb, 0 bytes, Stack size 0 bytes, da14585_symbols.txt(ABSOLUTE), UNUSED)
<BR>[Address Reference Count : 1]<UL><LI> jump_table.o(.constdata)
</UL>
<P><STRONG><a name="[211]"></a>gapm_send_error_evt</STRONG> (Thumb, 0 bytes, Stack size 0 bytes, da14585_symbols.txt(ABSOLUTE))
<BR><BR>[Called By]<UL><LI><a href="#[ce]">&gt;&gt;</a>&nbsp;&nbsp;&nbsp;PATCHED_gapm_reset_cmd_handler
</UL>

<P><STRONG><a name="[e8]"></a>gapm_adv_sanity</STRONG> (Thumb, 0 bytes, Stack size 0 bytes, da14585_symbols.txt(ABSOLUTE), UNUSED)
<BR>[Address Reference Count : 1]<UL><LI> patch.o(.constdata)
</UL>
<P><STRONG><a name="[213]"></a>gapm_basic_hci_cmd_send</STRONG> (Thumb, 0 bytes, Stack size 0 bytes, da14585_symbols.txt(ABSOLUTE))
<BR><BR>[Called By]<UL><LI><a href="#[ce]">&gt;&gt;</a>&nbsp;&nbsp;&nbsp;PATCHED_gapm_reset_cmd_handler
</UL>

<P><STRONG><a name="[e4]"></a>gapm_get_ad_type_flag</STRONG> (Thumb, 0 bytes, Stack size 0 bytes, da14585_symbols.txt(ABSOLUTE), UNUSED)
<BR>[Address Reference Count : 1]<UL><LI> patch.o(.constdata)
</UL>
<P><STRONG><a name="[1ff]"></a>gapm_get_bdaddr</STRONG> (Thumb, 0 bytes, Stack size 0 bytes, da14585_symbols.txt(ABSOLUTE))
<BR><BR>[Called By]<UL><LI><a href="#[d6]">&gt;&gt;</a>&nbsp;&nbsp;&nbsp;PATCHED_smpc_construct_id_addr_info_pdu
</UL>

<P><STRONG><a name="[62]"></a>l2cc_pdu_pack_func</STRONG> (Thumb, 0 bytes, Stack size 0 bytes, da14585_symbols.txt(ABSOLUTE), UNUSED)
<BR>[Address Reference Count : 1]<UL><LI> jump_table.o(.constdata)
</UL>
<P><STRONG><a name="[63]"></a>l2cc_pdu_unpack_func</STRONG> (Thumb, 0 bytes, Stack size 0 bytes, da14585_symbols.txt(ABSOLUTE), UNUSED)
<BR>[Address Reference Count : 1]<UL><LI> jump_table.o(.constdata)
</UL>
<P><STRONG><a name="[216]"></a>l2cc_detect_dest</STRONG> (Thumb, 0 bytes, Stack size 0 bytes, da14585_symbols.txt(ABSOLUTE))
<BR><BR>[Called By]<UL><LI><a href="#[cd]">&gt;&gt;</a>&nbsp;&nbsp;&nbsp;PATCHED_hci_acl_data_rx_handler
<LI><a href="#[215]">&gt;&gt;</a>&nbsp;&nbsp;&nbsp;l2cc_handle_invalid_pdu
</UL>

<P><STRONG><a name="[65]"></a>l2c_process_sdu_func</STRONG> (Thumb, 0 bytes, Stack size 0 bytes, da14585_symbols.txt(ABSOLUTE), UNUSED)
<BR>[Address Reference Count : 1]<UL><LI> jump_table.o(.constdata)
</UL>
<P><STRONG><a name="[64]"></a>l2c_send_lecb_message_func</STRONG> (Thumb, 0 bytes, Stack size 0 bytes, da14585_symbols.txt(ABSOLUTE), UNUSED)
<BR>[Address Reference Count : 1]<UL><LI> jump_table.o(.constdata)
</UL>
<P><STRONG><a name="[57]"></a>smpc_check_param_func</STRONG> (Thumb, 0 bytes, Stack size 0 bytes, da14585_symbols.txt(ABSOLUTE), UNUSED)
<BR>[Address Reference Count : 1]<UL><LI> jump_table.o(.constdata)
</UL>
<P><STRONG><a name="[e3]"></a>smpc_construct_id_addr_info_pdu</STRONG> (Thumb, 0 bytes, Stack size 0 bytes, da14585_symbols.txt(ABSOLUTE), UNUSED)
<BR>[Address Reference Count : 1]<UL><LI> patch.o(.constdata)
</UL>
<P><STRONG><a name="[7b]"></a>smpc_public_key_exchange_start_func</STRONG> (Thumb, 0 bytes, Stack size 0 bytes, da14585_symbols.txt(ABSOLUTE), UNUSED)
<BR>[Address Reference Count : 1]<UL><LI> jump_table.o(.constdata)
</UL>
<P><STRONG><a name="[de]"></a>smpc_dhkey_calc_start</STRONG> (Thumb, 0 bytes, Stack size 0 bytes, da14585_symbols.txt(ABSOLUTE), UNUSED)
<BR>[Address Reference Count : 1]<UL><LI> patch.o(.constdata)
</UL>
<P><STRONG><a name="[7c]"></a>smpc_dhkey_calc_ind_func</STRONG> (Thumb, 0 bytes, Stack size 0 bytes, da14585_symbols.txt(ABSOLUTE), UNUSED)
<BR>[Address Reference Count : 1]<UL><LI> jump_table.o(.constdata)
</UL>
<P><STRONG><a name="[163]"></a>ke_sleep_check</STRONG> (Thumb, 0 bytes, Stack size 0 bytes, da14585_symbols.txt(ABSOLUTE))
<BR><BR>[Called By]<UL><LI><a href="#[104]">&gt;&gt;</a>&nbsp;&nbsp;&nbsp;rwip_sleep
<LI><a href="#[1ec]">&gt;&gt;</a>&nbsp;&nbsp;&nbsp;user_rwip_sleep_check
</UL>

<P><STRONG><a name="[106]"></a>ke_mem_init</STRONG> (Thumb, 0 bytes, Stack size 0 bytes, da14585_symbols.txt(ABSOLUTE))
<BR><BR>[Called By]<UL><LI><a href="#[1e]">&gt;&gt;</a>&nbsp;&nbsp;&nbsp;main
</UL>

<P><STRONG><a name="[fc]"></a>ke_mem_is_empty</STRONG> (Thumb, 0 bytes, Stack size 0 bytes, da14585_symbols.txt(ABSOLUTE))
<BR><BR>[Called By]<UL><LI><a href="#[fb]">&gt;&gt;</a>&nbsp;&nbsp;&nbsp;arch_turn_peripherals_off
</UL>

<P><STRONG><a name="[e2]"></a>ke_malloc</STRONG> (Thumb, 0 bytes, Stack size 0 bytes, da14585_symbols.txt(ABSOLUTE))
<BR><BR>[Called By]<UL><LI><a href="#[8a]">&gt;&gt;</a>&nbsp;&nbsp;&nbsp;diss_set_value_req_handler
<LI><a href="#[86]">&gt;&gt;</a>&nbsp;&nbsp;&nbsp;diss_init
<LI><a href="#[7e]">&gt;&gt;</a>&nbsp;&nbsp;&nbsp;suotar_init
<LI><a href="#[167]">&gt;&gt;</a>&nbsp;&nbsp;&nbsp;attm_svc_create_db_128
<LI><a href="#[ad]">&gt;&gt;</a>&nbsp;&nbsp;&nbsp;sps_init
<LI><a href="#[1ce]">&gt;&gt;</a>&nbsp;&nbsp;&nbsp;sps_att_set_value
<LI><a href="#[1f4]">&gt;&gt;</a>&nbsp;&nbsp;&nbsp;user_config_write_configuration_struct
<LI><a href="#[1f2]">&gt;&gt;</a>&nbsp;&nbsp;&nbsp;user_config_read_configuration_struct
<LI><a href="#[c9]">&gt;&gt;</a>&nbsp;&nbsp;&nbsp;user_remote_discover_val_ind_handler
<LI><a href="#[be]">&gt;&gt;</a>&nbsp;&nbsp;&nbsp;remote_config_init
<LI><a href="#[1e1]">&gt;&gt;</a>&nbsp;&nbsp;&nbsp;ke_msg_alloc_no_init
<LI><a href="#[cd]">&gt;&gt;</a>&nbsp;&nbsp;&nbsp;PATCHED_hci_acl_data_rx_handler
<LI><a href="#[215]">&gt;&gt;</a>&nbsp;&nbsp;&nbsp;l2cc_handle_invalid_pdu
</UL>
<BR>[Address Reference Count : 1]<UL><LI> patch.o(.constdata)
</UL>
<P><STRONG><a name="[e1]"></a>ke_free</STRONG> (Thumb, 0 bytes, Stack size 0 bytes, da14585_symbols.txt(ABSOLUTE))
<BR><BR>[Called By]<UL><LI><a href="#[8a]">&gt;&gt;</a>&nbsp;&nbsp;&nbsp;diss_set_value_req_handler
<LI><a href="#[87]">&gt;&gt;</a>&nbsp;&nbsp;&nbsp;diss_destroy
<LI><a href="#[7f]">&gt;&gt;</a>&nbsp;&nbsp;&nbsp;suotar_destroy
<LI><a href="#[7e]">&gt;&gt;</a>&nbsp;&nbsp;&nbsp;suotar_init
<LI><a href="#[167]">&gt;&gt;</a>&nbsp;&nbsp;&nbsp;attm_svc_create_db_128
<LI><a href="#[ae]">&gt;&gt;</a>&nbsp;&nbsp;&nbsp;sps_destroy
<LI><a href="#[1ce]">&gt;&gt;</a>&nbsp;&nbsp;&nbsp;sps_att_set_value
<LI><a href="#[1f4]">&gt;&gt;</a>&nbsp;&nbsp;&nbsp;user_config_write_configuration_struct
<LI><a href="#[1f2]">&gt;&gt;</a>&nbsp;&nbsp;&nbsp;user_config_read_configuration_struct
<LI><a href="#[c9]">&gt;&gt;</a>&nbsp;&nbsp;&nbsp;user_remote_discover_val_ind_handler
<LI><a href="#[bf]">&gt;&gt;</a>&nbsp;&nbsp;&nbsp;remote_config_destroy
<LI><a href="#[cd]">&gt;&gt;</a>&nbsp;&nbsp;&nbsp;PATCHED_hci_acl_data_rx_handler
<LI><a href="#[215]">&gt;&gt;</a>&nbsp;&nbsp;&nbsp;l2cc_handle_invalid_pdu
</UL>
<BR>[Address Reference Count : 1]<UL><LI> patch.o(.constdata)
</UL>
<P><STRONG><a name="[17a]"></a>ke_msg_alloc</STRONG> (Thumb, 0 bytes, Stack size 0 bytes, da14585_symbols.txt(ABSOLUTE))
<BR><BR>[Called By]<UL><LI><a href="#[6f]">&gt;&gt;</a>&nbsp;&nbsp;&nbsp;llm_p256_req_handler_func
<LI><a href="#[6e]">&gt;&gt;</a>&nbsp;&nbsp;&nbsp;llm_create_p256_key_func
<LI><a href="#[8c]">&gt;&gt;</a>&nbsp;&nbsp;&nbsp;diss_value_cfm_handler
<LI><a href="#[8b]">&gt;&gt;</a>&nbsp;&nbsp;&nbsp;gattc_read_req_ind_handler
<LI><a href="#[8a]">&gt;&gt;</a>&nbsp;&nbsp;&nbsp;diss_set_value_req_handler
<LI><a href="#[82]">&gt;&gt;</a>&nbsp;&nbsp;&nbsp;gattc_read_req_ind_handler
<LI><a href="#[83]">&gt;&gt;</a>&nbsp;&nbsp;&nbsp;gattc_write_req_ind_handler
<LI><a href="#[85]">&gt;&gt;</a>&nbsp;&nbsp;&nbsp;suotar_status_update_req_handler
<LI><a href="#[b2]">&gt;&gt;</a>&nbsp;&nbsp;&nbsp;gattc_cmp_evt_handler
<LI><a href="#[b1]">&gt;&gt;</a>&nbsp;&nbsp;&nbsp;sps_server_enable_req_handler
<LI><a href="#[1d6]">&gt;&gt;</a>&nbsp;&nbsp;&nbsp;sps_server_send_event
<LI><a href="#[1d5]">&gt;&gt;</a>&nbsp;&nbsp;&nbsp;sps_server_error_ind_send
<LI><a href="#[1d2]">&gt;&gt;</a>&nbsp;&nbsp;&nbsp;sps_server_indicate_tx_flow_ctrl
<LI><a href="#[ac]">&gt;&gt;</a>&nbsp;&nbsp;&nbsp;diss_value_req_ind_handler
<LI><a href="#[1c5]">&gt;&gt;</a>&nbsp;&nbsp;&nbsp;suotar_send_mem_info_update_req
<LI><a href="#[1ba]">&gt;&gt;</a>&nbsp;&nbsp;&nbsp;suotar_send_status_update_req
<LI><a href="#[1b4]">&gt;&gt;</a>&nbsp;&nbsp;&nbsp;create_timer
<LI><a href="#[a2]">&gt;&gt;</a>&nbsp;&nbsp;&nbsp;app_timer_api_process_handler
<LI><a href="#[9c]">&gt;&gt;</a>&nbsp;&nbsp;&nbsp;gapc_param_update_req_ind_handler
<LI><a href="#[99]">&gt;&gt;</a>&nbsp;&nbsp;&nbsp;gapc_set_dev_info_req_ind_handler
<LI><a href="#[98]">&gt;&gt;</a>&nbsp;&nbsp;&nbsp;gapc_get_dev_info_req_ind_handler
<LI><a href="#[93]">&gt;&gt;</a>&nbsp;&nbsp;&nbsp;gapm_device_ready_ind_handler
<LI><a href="#[92]">&gt;&gt;</a>&nbsp;&nbsp;&nbsp;user_spss_enable
<LI><a href="#[91]">&gt;&gt;</a>&nbsp;&nbsp;&nbsp;user_spss_create_db
<LI><a href="#[8e]">&gt;&gt;</a>&nbsp;&nbsp;&nbsp;user_remote_config_enable
<LI><a href="#[8d]">&gt;&gt;</a>&nbsp;&nbsp;&nbsp;user_remote_config_create_db
<LI><a href="#[90]">&gt;&gt;</a>&nbsp;&nbsp;&nbsp;app_suotar_create_db
<LI><a href="#[8f]">&gt;&gt;</a>&nbsp;&nbsp;&nbsp;app_diss_create_db
<LI><a href="#[1a5]">&gt;&gt;</a>&nbsp;&nbsp;&nbsp;app_easy_gap_set_data_packet_length
<LI><a href="#[1a0]">&gt;&gt;</a>&nbsp;&nbsp;&nbsp;app_easy_gap_confirm
<LI><a href="#[19f]">&gt;&gt;</a>&nbsp;&nbsp;&nbsp;app_easy_gap_disconnect
<LI><a href="#[19e]">&gt;&gt;</a>&nbsp;&nbsp;&nbsp;app_easy_gap_dev_config_create_msg
<LI><a href="#[19d]">&gt;&gt;</a>&nbsp;&nbsp;&nbsp;app_easy_gap_param_update_msg_create
<LI><a href="#[19c]">&gt;&gt;</a>&nbsp;&nbsp;&nbsp;app_easy_gap_undirected_advertise_start_create_msg
<LI><a href="#[cb]">&gt;&gt;</a>&nbsp;&nbsp;&nbsp;user_remote_read_request_ind_handler
<LI><a href="#[ca]">&gt;&gt;</a>&nbsp;&nbsp;&nbsp;user_remote_write_request_ind_handler
<LI><a href="#[c9]">&gt;&gt;</a>&nbsp;&nbsp;&nbsp;user_remote_discover_val_ind_handler
<LI><a href="#[c7]">&gt;&gt;</a>&nbsp;&nbsp;&nbsp;remote_read_rsp_cmd_handler
<LI><a href="#[c6]">&gt;&gt;</a>&nbsp;&nbsp;&nbsp;remote_write_rsp_cmd_handler
<LI><a href="#[c5]">&gt;&gt;</a>&nbsp;&nbsp;&nbsp;remote_discover_rsp_cmd_handler
<LI><a href="#[c4]">&gt;&gt;</a>&nbsp;&nbsp;&nbsp;remote_config_enable_req_handler
<LI><a href="#[c3]">&gt;&gt;</a>&nbsp;&nbsp;&nbsp;remote_config_gattc_read_req_ind_handler
<LI><a href="#[c2]">&gt;&gt;</a>&nbsp;&nbsp;&nbsp;remote_config_gattc_write_req_ind_handler
<LI><a href="#[c8]">&gt;&gt;</a>&nbsp;&nbsp;&nbsp;remote_config_gattc_att_info_req_ind_handler
<LI><a href="#[1e9]">&gt;&gt;</a>&nbsp;&nbsp;&nbsp;user_gattc_exc_mtu_cmd
<LI><a href="#[1df]">&gt;&gt;</a>&nbsp;&nbsp;&nbsp;user_send_ble_flow_ctrl
<LI><a href="#[b6]">&gt;&gt;</a>&nbsp;&nbsp;&nbsp;gattc_read_req_ind_handler
<LI><a href="#[b3]">&gt;&gt;</a>&nbsp;&nbsp;&nbsp;gattc_write_req_ind_handler
<LI><a href="#[b4]">&gt;&gt;</a>&nbsp;&nbsp;&nbsp;sps_server_data_tx_req_handler
<LI><a href="#[d1]">&gt;&gt;</a>&nbsp;&nbsp;&nbsp;PATCHED_smpc_dhkey_calc_start
<LI><a href="#[cf]">&gt;&gt;</a>&nbsp;&nbsp;&nbsp;PATCHED_hci_command_handler
<LI><a href="#[cd]">&gt;&gt;</a>&nbsp;&nbsp;&nbsp;PATCHED_hci_acl_data_rx_handler
<LI><a href="#[215]">&gt;&gt;</a>&nbsp;&nbsp;&nbsp;l2cc_handle_invalid_pdu
</UL>

<P><STRONG><a name="[17b]"></a>ke_msg_send</STRONG> (Thumb, 0 bytes, Stack size 0 bytes, da14585_symbols.txt(ABSOLUTE))
<BR><BR>[Called By]<UL><LI><a href="#[6e]">&gt;&gt;</a>&nbsp;&nbsp;&nbsp;llm_create_p256_key_func
<LI><a href="#[8c]">&gt;&gt;</a>&nbsp;&nbsp;&nbsp;diss_value_cfm_handler
<LI><a href="#[8b]">&gt;&gt;</a>&nbsp;&nbsp;&nbsp;gattc_read_req_ind_handler
<LI><a href="#[8a]">&gt;&gt;</a>&nbsp;&nbsp;&nbsp;diss_set_value_req_handler
<LI><a href="#[82]">&gt;&gt;</a>&nbsp;&nbsp;&nbsp;gattc_read_req_ind_handler
<LI><a href="#[83]">&gt;&gt;</a>&nbsp;&nbsp;&nbsp;gattc_write_req_ind_handler
<LI><a href="#[85]">&gt;&gt;</a>&nbsp;&nbsp;&nbsp;suotar_status_update_req_handler
<LI><a href="#[b2]">&gt;&gt;</a>&nbsp;&nbsp;&nbsp;gattc_cmp_evt_handler
<LI><a href="#[b1]">&gt;&gt;</a>&nbsp;&nbsp;&nbsp;sps_server_enable_req_handler
<LI><a href="#[1d7]">&gt;&gt;</a>&nbsp;&nbsp;&nbsp;sps_server_send_data
<LI><a href="#[1d6]">&gt;&gt;</a>&nbsp;&nbsp;&nbsp;sps_server_send_event
<LI><a href="#[1d5]">&gt;&gt;</a>&nbsp;&nbsp;&nbsp;sps_server_error_ind_send
<LI><a href="#[1d4]">&gt;&gt;</a>&nbsp;&nbsp;&nbsp;sps_server_data_receive
<LI><a href="#[1d2]">&gt;&gt;</a>&nbsp;&nbsp;&nbsp;sps_server_indicate_tx_flow_ctrl
<LI><a href="#[ac]">&gt;&gt;</a>&nbsp;&nbsp;&nbsp;diss_value_req_ind_handler
<LI><a href="#[1c5]">&gt;&gt;</a>&nbsp;&nbsp;&nbsp;suotar_send_mem_info_update_req
<LI><a href="#[1ba]">&gt;&gt;</a>&nbsp;&nbsp;&nbsp;suotar_send_status_update_req
<LI><a href="#[1b4]">&gt;&gt;</a>&nbsp;&nbsp;&nbsp;create_timer
<LI><a href="#[a2]">&gt;&gt;</a>&nbsp;&nbsp;&nbsp;app_timer_api_process_handler
<LI><a href="#[9c]">&gt;&gt;</a>&nbsp;&nbsp;&nbsp;gapc_param_update_req_ind_handler
<LI><a href="#[99]">&gt;&gt;</a>&nbsp;&nbsp;&nbsp;gapc_set_dev_info_req_ind_handler
<LI><a href="#[98]">&gt;&gt;</a>&nbsp;&nbsp;&nbsp;gapc_get_dev_info_req_ind_handler
<LI><a href="#[93]">&gt;&gt;</a>&nbsp;&nbsp;&nbsp;gapm_device_ready_ind_handler
<LI><a href="#[92]">&gt;&gt;</a>&nbsp;&nbsp;&nbsp;user_spss_enable
<LI><a href="#[91]">&gt;&gt;</a>&nbsp;&nbsp;&nbsp;user_spss_create_db
<LI><a href="#[8e]">&gt;&gt;</a>&nbsp;&nbsp;&nbsp;user_remote_config_enable
<LI><a href="#[8d]">&gt;&gt;</a>&nbsp;&nbsp;&nbsp;user_remote_config_create_db
<LI><a href="#[90]">&gt;&gt;</a>&nbsp;&nbsp;&nbsp;app_suotar_create_db
<LI><a href="#[8f]">&gt;&gt;</a>&nbsp;&nbsp;&nbsp;app_diss_create_db
<LI><a href="#[1a5]">&gt;&gt;</a>&nbsp;&nbsp;&nbsp;app_easy_gap_set_data_packet_length
<LI><a href="#[1a4]">&gt;&gt;</a>&nbsp;&nbsp;&nbsp;app_easy_gap_dev_configure
<LI><a href="#[1a3]">&gt;&gt;</a>&nbsp;&nbsp;&nbsp;app_easy_gap_param_update_start
<LI><a href="#[1a0]">&gt;&gt;</a>&nbsp;&nbsp;&nbsp;app_easy_gap_confirm
<LI><a href="#[19f]">&gt;&gt;</a>&nbsp;&nbsp;&nbsp;app_easy_gap_disconnect
<LI><a href="#[1a2]">&gt;&gt;</a>&nbsp;&nbsp;&nbsp;app_easy_gap_undirected_advertise_start
<LI><a href="#[cb]">&gt;&gt;</a>&nbsp;&nbsp;&nbsp;user_remote_read_request_ind_handler
<LI><a href="#[ca]">&gt;&gt;</a>&nbsp;&nbsp;&nbsp;user_remote_write_request_ind_handler
<LI><a href="#[c9]">&gt;&gt;</a>&nbsp;&nbsp;&nbsp;user_remote_discover_val_ind_handler
<LI><a href="#[c7]">&gt;&gt;</a>&nbsp;&nbsp;&nbsp;remote_read_rsp_cmd_handler
<LI><a href="#[c6]">&gt;&gt;</a>&nbsp;&nbsp;&nbsp;remote_write_rsp_cmd_handler
<LI><a href="#[c5]">&gt;&gt;</a>&nbsp;&nbsp;&nbsp;remote_discover_rsp_cmd_handler
<LI><a href="#[c4]">&gt;&gt;</a>&nbsp;&nbsp;&nbsp;remote_config_enable_req_handler
<LI><a href="#[c3]">&gt;&gt;</a>&nbsp;&nbsp;&nbsp;remote_config_gattc_read_req_ind_handler
<LI><a href="#[c2]">&gt;&gt;</a>&nbsp;&nbsp;&nbsp;remote_config_gattc_write_req_ind_handler
<LI><a href="#[c8]">&gt;&gt;</a>&nbsp;&nbsp;&nbsp;remote_config_gattc_att_info_req_ind_handler
<LI><a href="#[1e9]">&gt;&gt;</a>&nbsp;&nbsp;&nbsp;user_gattc_exc_mtu_cmd
<LI><a href="#[1df]">&gt;&gt;</a>&nbsp;&nbsp;&nbsp;user_send_ble_flow_ctrl
<LI><a href="#[1e0]">&gt;&gt;</a>&nbsp;&nbsp;&nbsp;user_send_ble_data
<LI><a href="#[b6]">&gt;&gt;</a>&nbsp;&nbsp;&nbsp;gattc_read_req_ind_handler
<LI><a href="#[b3]">&gt;&gt;</a>&nbsp;&nbsp;&nbsp;gattc_write_req_ind_handler
<LI><a href="#[b4]">&gt;&gt;</a>&nbsp;&nbsp;&nbsp;sps_server_data_tx_req_handler
<LI><a href="#[d1]">&gt;&gt;</a>&nbsp;&nbsp;&nbsp;PATCHED_smpc_dhkey_calc_start
<LI><a href="#[cd]">&gt;&gt;</a>&nbsp;&nbsp;&nbsp;PATCHED_hci_acl_data_rx_handler
<LI><a href="#[215]">&gt;&gt;</a>&nbsp;&nbsp;&nbsp;l2cc_handle_invalid_pdu
</UL>

<P><STRONG><a name="[243]"></a>ke_msg_send_basic</STRONG> (Thumb, 0 bytes, Stack size 0 bytes, da14585_symbols.txt(ABSOLUTE), UNUSED)
<BR><BR>[Called By]<UL></UL>

<P><STRONG><a name="[21a]"></a>ke_msg_forward</STRONG> (Thumb, 0 bytes, Stack size 0 bytes, da14585_symbols.txt(ABSOLUTE))
<BR><BR>[Called By]<UL><LI><a href="#[cd]">&gt;&gt;</a>&nbsp;&nbsp;&nbsp;PATCHED_hci_acl_data_rx_handler
</UL>

<P><STRONG><a name="[20f]"></a>ke_msg_free</STRONG> (Thumb, 0 bytes, Stack size 0 bytes, da14585_symbols.txt(ABSOLUTE))
<BR><BR>[Called By]<UL><LI><a href="#[6f]">&gt;&gt;</a>&nbsp;&nbsp;&nbsp;llm_p256_req_handler_func
<LI><a href="#[cd]">&gt;&gt;</a>&nbsp;&nbsp;&nbsp;PATCHED_hci_acl_data_rx_handler
<LI><a href="#[215]">&gt;&gt;</a>&nbsp;&nbsp;&nbsp;l2cc_handle_invalid_pdu
</UL>

<P><STRONG><a name="[47]"></a>ke_task_init_func</STRONG> (Thumb, 0 bytes, Stack size 0 bytes, da14585_symbols.txt(ABSOLUTE), UNUSED)
<BR>[Address Reference Count : 1]<UL><LI> jump_table.o(.constdata)
</UL>
<P><STRONG><a name="[176]"></a>ke_task_create</STRONG> (Thumb, 0 bytes, Stack size 0 bytes, da14585_symbols.txt(ABSOLUTE))
<BR><BR>[Called By]<UL><LI><a href="#[11d]">&gt;&gt;</a>&nbsp;&nbsp;&nbsp;app_init
<LI><a href="#[59]">&gt;&gt;</a>&nbsp;&nbsp;&nbsp;prf_init_func
</UL>

<P><STRONG><a name="[178]"></a>ke_state_set</STRONG> (Thumb, 0 bytes, Stack size 0 bytes, da14585_symbols.txt(ABSOLUTE))
<BR><BR>[Called By]<UL><LI><a href="#[11d]">&gt;&gt;</a>&nbsp;&nbsp;&nbsp;app_init
<LI><a href="#[8c]">&gt;&gt;</a>&nbsp;&nbsp;&nbsp;diss_value_cfm_handler
<LI><a href="#[8b]">&gt;&gt;</a>&nbsp;&nbsp;&nbsp;gattc_read_req_ind_handler
<LI><a href="#[86]">&gt;&gt;</a>&nbsp;&nbsp;&nbsp;diss_init
<LI><a href="#[7e]">&gt;&gt;</a>&nbsp;&nbsp;&nbsp;suotar_init
<LI><a href="#[b1]">&gt;&gt;</a>&nbsp;&nbsp;&nbsp;sps_server_enable_req_handler
<LI><a href="#[ad]">&gt;&gt;</a>&nbsp;&nbsp;&nbsp;sps_init
<LI><a href="#[b0]">&gt;&gt;</a>&nbsp;&nbsp;&nbsp;sps_cleanup
<LI><a href="#[af]">&gt;&gt;</a>&nbsp;&nbsp;&nbsp;sps_create
<LI><a href="#[1a7]">&gt;&gt;</a>&nbsp;&nbsp;&nbsp;user_on_adv_undirect_complete
<LI><a href="#[9a]">&gt;&gt;</a>&nbsp;&nbsp;&nbsp;gapm_profile_added_ind_handler
<LI><a href="#[96]">&gt;&gt;</a>&nbsp;&nbsp;&nbsp;gapc_connection_req_ind_handler
<LI><a href="#[191]">&gt;&gt;</a>&nbsp;&nbsp;&nbsp;user_advertise_operation
<LI><a href="#[1a2]">&gt;&gt;</a>&nbsp;&nbsp;&nbsp;app_easy_gap_undirected_advertise_start
<LI><a href="#[194]">&gt;&gt;</a>&nbsp;&nbsp;&nbsp;app_db_init_start
<LI><a href="#[be]">&gt;&gt;</a>&nbsp;&nbsp;&nbsp;remote_config_init
<LI><a href="#[dc]">&gt;&gt;</a>&nbsp;&nbsp;&nbsp;PATCHED_llc_ch_map_req_ind
</UL>

<P><STRONG><a name="[17c]"></a>ke_state_get</STRONG> (Thumb, 0 bytes, Stack size 0 bytes, da14585_symbols.txt(ABSOLUTE))
<BR><BR>[Called By]<UL><LI><a href="#[102]">&gt;&gt;</a>&nbsp;&nbsp;&nbsp;user_on_ble_powered
<LI><a href="#[8c]">&gt;&gt;</a>&nbsp;&nbsp;&nbsp;diss_value_cfm_handler
<LI><a href="#[8b]">&gt;&gt;</a>&nbsp;&nbsp;&nbsp;gattc_read_req_ind_handler
<LI><a href="#[82]">&gt;&gt;</a>&nbsp;&nbsp;&nbsp;gattc_read_req_ind_handler
<LI><a href="#[83]">&gt;&gt;</a>&nbsp;&nbsp;&nbsp;gattc_write_req_ind_handler
<LI><a href="#[9a]">&gt;&gt;</a>&nbsp;&nbsp;&nbsp;gapm_profile_added_ind_handler
<LI><a href="#[97]">&gt;&gt;</a>&nbsp;&nbsp;&nbsp;gapc_disconnect_ind_handler
<LI><a href="#[96]">&gt;&gt;</a>&nbsp;&nbsp;&nbsp;gapc_connection_req_ind_handler
<LI><a href="#[93]">&gt;&gt;</a>&nbsp;&nbsp;&nbsp;gapm_device_ready_ind_handler
<LI><a href="#[21f]">&gt;&gt;</a>&nbsp;&nbsp;&nbsp;JT_l2cc_pdu_recv_ind_handler_func
<LI><a href="#[cc]">&gt;&gt;</a>&nbsp;&nbsp;&nbsp;PATCHED_llcp_length_req_handler
<LI><a href="#[cd]">&gt;&gt;</a>&nbsp;&nbsp;&nbsp;PATCHED_hci_acl_data_rx_handler
</UL>

<P><STRONG><a name="[175]"></a>ke_task_msg_flush</STRONG> (Thumb, 0 bytes, Stack size 0 bytes, da14585_symbols.txt(ABSOLUTE))
<BR><BR>[Called By]<UL><LI><a href="#[59]">&gt;&gt;</a>&nbsp;&nbsp;&nbsp;prf_init_func
</UL>

<P><STRONG><a name="[48]"></a>ke_timer_init_func</STRONG> (Thumb, 0 bytes, Stack size 0 bytes, da14585_symbols.txt(ABSOLUTE), UNUSED)
[...]
<LI><a href="#[1d5]">&gt;&gt;</a>&nbsp;&nbsp;&nbsp;sps_server_error_ind_send
</UL>
<BR>[Address Reference Count : 1]<UL><LI> sps_server_task.o(.constdata)
</UL>
<P><STRONG><a name="[b2]"></a>gattc_cmp_evt_handler</STRONG> (Thumb, 78 bytes, Stack size 16 bytes, sps_server_task.o(.text))
<BR><BR>[Stack]<UL><LI>Max Depth = 24<LI>Call Chain = gattc_cmp_evt_handler &rArr; prf_env_get
</UL>
<BR>[Calls]<UL><LI><a href="#[17b]">&gt;&gt;</a>&nbsp;&nbsp;&nbsp;ke_msg_send
<LI><a href="#[17a]">&gt;&gt;</a>&nbsp;&nbsp;&nbsp;ke_msg_alloc
<LI><a href="#[17d]">&gt;&gt;</a>&nbsp;&nbsp;&nbsp;prf_dst_task_get
<LI><a href="#[179]">&gt;&gt;</a>&nbsp;&nbsp;&nbsp;prf_env_get
</UL>
<BR>[Address Reference Count : 1]<UL><LI> sps_server_task.o(.constdata)
</UL>
<P><STRONG><a name="[b4]"></a>sps_server_data_tx_req_handler</STRONG> (Thumb, 86 bytes, Stack size 24 bytes, sps_server_task.o(.text))
<BR><BR>[Stack]<UL><LI>Max Depth = 136<LI>Call Chain = sps_server_data_tx_req_handler &rArr; sps_server_send_data &rArr; get_cfg_handle
</UL>
<BR>[Calls]<UL><LI><a href="#[17b]">&gt;&gt;</a>&nbsp;&nbsp;&nbsp;ke_msg_send
<LI><a href="#[17a]">&gt;&gt;</a>&nbsp;&nbsp;&nbsp;ke_msg_alloc
<LI><a href="#[17d]">&gt;&gt;</a>&nbsp;&nbsp;&nbsp;prf_dst_task_get
<LI><a href="#[179]">&gt;&gt;</a>&nbsp;&nbsp;&nbsp;prf_env_get
<LI><a href="#[1d7]">&gt;&gt;</a>&nbsp;&nbsp;&nbsp;sps_server_send_data
</UL>
<BR>[Address Reference Count : 1]<UL><LI> sps_server_task.o(.constdata)
</UL>
<P><STRONG><a name="[b5]"></a>sps_server_rx_flow_ctrl_req_handler</STRONG> (Thumb, 66 bytes, Stack size 16 bytes, sps_server_task.o(.text))
<BR><BR>[Stack]<UL><LI>Max Depth = 128<LI>Call Chain = sps_server_rx_flow_ctrl_req_handler &rArr; sps_server_send_event &rArr; get_cfg_handle
</UL>
<BR>[Calls]<UL><LI><a href="#[179]">&gt;&gt;</a>&nbsp;&nbsp;&nbsp;prf_env_get
<LI><a href="#[16a]">&gt;&gt;</a>&nbsp;&nbsp;&nbsp;attmdb_att_set_value
<LI><a href="#[1d6]">&gt;&gt;</a>&nbsp;&nbsp;&nbsp;sps_server_send_event
</UL>
<BR>[Address Reference Count : 1]<UL><LI> sps_server_task.o(.constdata)
</UL>
<P><STRONG><a name="[b3]"></a>gattc_write_req_ind_handler</STRONG> (Thumb, 290 bytes, Stack size 64 bytes, sps_server_task.o(.text))
<BR><BR>[Stack]<UL><LI>Max Depth = 176<LI>Call Chain = gattc_write_req_ind_handler &rArr; sps_server_send_event &rArr; get_cfg_handle
</UL>
<BR>[Calls]<UL><LI><a href="#[17b]">&gt;&gt;</a>&nbsp;&nbsp;&nbsp;ke_msg_send
<LI><a href="#[17a]">&gt;&gt;</a>&nbsp;&nbsp;&nbsp;ke_msg_alloc
<LI><a href="#[179]">&gt;&gt;</a>&nbsp;&nbsp;&nbsp;prf_env_get
<LI><a href="#[16b]">&gt;&gt;</a>&nbsp;&nbsp;&nbsp;get_value_handle
<LI><a href="#[1db]">&gt;&gt;</a>&nbsp;&nbsp;&nbsp;check_client_char_cfg
<LI><a href="#[16a]">&gt;&gt;</a>&nbsp;&nbsp;&nbsp;attmdb_att_set_value
<LI><a href="#[1d8]">&gt;&gt;</a>&nbsp;&nbsp;&nbsp;sps_get_att_idx
<LI><a href="#[1d6]">&gt;&gt;</a>&nbsp;&nbsp;&nbsp;sps_server_send_event
<LI><a href="#[1d4]">&gt;&gt;</a>&nbsp;&nbsp;&nbsp;sps_server_data_receive
<LI><a href="#[1d2]">&gt;&gt;</a>&nbsp;&nbsp;&nbsp;sps_server_indicate_tx_flow_ctrl
<LI><a href="#[1d1]">&gt;&gt;</a>&nbsp;&nbsp;&nbsp;sps_set_ccc_value
<LI><a href="#[1da]">&gt;&gt;</a>&nbsp;&nbsp;&nbsp;attmdb_att_get_permission
</UL>
<BR>[Address Reference Count : 1]<UL><LI> sps_server_task.o(.constdata)
</UL>
<P><STRONG><a name="[b6]"></a>gattc_read_req_ind_handler</STRONG> (Thumb, 116 bytes, Stack size 56 bytes, sps_server_task.o(.text))
<BR><BR>[Stack]<UL><LI>Max Depth = 96<LI>Call Chain = gattc_read_req_ind_handler &rArr; sps_get_ccc_value &rArr; sps_att_get_value &rArr; prf_env_get
</UL>
<BR>[Calls]<UL><LI><a href="#[fa]">&gt;&gt;</a>&nbsp;&nbsp;&nbsp;__aeabi_memcpy
<LI><a href="#[17b]">&gt;&gt;</a>&nbsp;&nbsp;&nbsp;ke_msg_send
<LI><a href="#[17a]">&gt;&gt;</a>&nbsp;&nbsp;&nbsp;ke_msg_alloc
<LI><a href="#[1d9]">&gt;&gt;</a>&nbsp;&nbsp;&nbsp;sps_get_ccc_value
<LI><a href="#[1d8]">&gt;&gt;</a>&nbsp;&nbsp;&nbsp;sps_get_att_idx
</UL>
<BR>[Address Reference Count : 1]<UL><LI> sps_server_task.o(.constdata)
</UL>
<P><STRONG><a name="[1de]"></a>calc_total_interval</STRONG> (Thumb, 20 bytes, Stack size 0 bytes, user_sps_device_config.o(.text))
<BR><BR>[Called By]<UL><LI><a href="#[f1]">&gt;&gt;</a>&nbsp;&nbsp;&nbsp;user_sps_config_verify_sup_to_cb
<LI><a href="#[f0]">&gt;&gt;</a>&nbsp;&nbsp;&nbsp;user_sps_config_verify_sl_cb
<LI><a href="#[ef]">&gt;&gt;</a>&nbsp;&nbsp;&nbsp;user_sps_config_verify_ci_max_cb
</UL>

<P><STRONG><a name="[1eb]"></a>user_append_device_name</STRONG> (Thumb, 58 bytes, Stack size 16 bytes, user_sps_device_dma.o(.text))
<BR><BR>[Stack]<UL><LI>Max Depth = 32<LI>Call Chain = user_append_device_name &rArr; append_device_name
</UL>
<BR>[Calls]<UL><LI><a href="#[19b]">&gt;&gt;</a>&nbsp;&nbsp;&nbsp;append_device_name
</UL>
<BR>[Called By]<UL><LI><a href="#[1a7]">&gt;&gt;</a>&nbsp;&nbsp;&nbsp;user_on_adv_undirect_complete
<LI><a href="#[191]">&gt;&gt;</a>&nbsp;&nbsp;&nbsp;user_advertise_operation
</UL>

<P><STRONG><a name="[1e9]"></a>user_gattc_exc_mtu_cmd</STRONG> (Thumb, 30 bytes, Stack size 8 bytes, user_sps_device_dma.o(.text))
<BR><BR>[Stack]<UL><LI>Max Depth = 8<LI>Call Chain = user_gattc_exc_mtu_cmd
</UL>
<BR>[Calls]<UL><LI><a href="#[17b]">&gt;&gt;</a>&nbsp;&nbsp;&nbsp;ke_msg_send
<LI><a href="#[17a]">&gt;&gt;</a>&nbsp;&nbsp;&nbsp;ke_msg_alloc
</UL>
<BR>[Called By]<UL><LI><a href="#[1a9]">&gt;&gt;</a>&nbsp;&nbsp;&nbsp;user_on_update_params_rejected
<LI><a href="#[1aa]">&gt;&gt;</a>&nbsp;&nbsp;&nbsp;user_on_update_params_complete
<LI><a href="#[1b0]">&gt;&gt;</a>&nbsp;&nbsp;&nbsp;user_on_data_length_change
</UL>

<P><STRONG><a name="[1ea]"></a>user_set_default_tx_size</STRONG> (Thumb, 32 bytes, Stack size 8 bytes, user_sps_device_dma.o(.text))
<BR><BR>[Stack]<UL><LI>Max Depth = 16<LI>Call Chain = user_set_default_tx_size &rArr; prf_env_get
</UL>
<BR>[Calls]<UL><LI><a href="#[180]">&gt;&gt;</a>&nbsp;&nbsp;&nbsp;gattc_get_mtu
<LI><a href="#[179]">&gt;&gt;</a>&nbsp;&nbsp;&nbsp;prf_env_get
</UL>
<BR>[Called By]<UL><LI><a href="#[1a9]">&gt;&gt;</a>&nbsp;&nbsp;&nbsp;user_on_update_params_rejected
<LI><a href="#[1aa]">&gt;&gt;</a>&nbsp;&nbsp;&nbsp;user_on_update_params_complete
</UL>

<P><STRONG><a name="[be]"></a>remote_config_init</STRONG> (Thumb, 138 bytes, Stack size 72 bytes, remote_config.o(.text))
<BR><BR>[Stack]<UL><LI>Max Depth = 168<LI>Call Chain = remote_config_init &rArr; attm_svc_create_db_128
</UL>
<BR>[Calls]<UL><LI><a href="#[13d]">&gt;&gt;</a>&nbsp;&nbsp;&nbsp;__aeabi_memcpy4
<LI><a href="#[178]">&gt;&gt;</a>&nbsp;&nbsp;&nbsp;ke_state_set
<LI><a href="#[e2]">&gt;&gt;</a>&nbsp;&nbsp;&nbsp;ke_malloc
<LI><a href="#[16a]">&gt;&gt;</a>&nbsp;&nbsp;&nbsp;attmdb_att_set_value
<LI><a href="#[167]">&gt;&gt;</a>&nbsp;&nbsp;&nbsp;attm_svc_create_db_128
</UL>
<BR>[Address Reference Count : 1]<UL><LI> remote_config.o(.constdata)
</UL>
<P><STRONG><a name="[bf]"></a>remote_config_destroy</STRONG> (Thumb, 28 bytes, Stack size 16 bytes, remote_config.o(.text))
<BR><BR>[Stack]<UL><LI>Max Depth = 16<LI>Call Chain = remote_config_destroy
</UL>
<BR>[Calls]<UL><LI><a href="#[e1]">&gt;&gt;</a>&nbsp;&nbsp;&nbsp;ke_free
</UL>
<BR>[Address Reference Count : 1]<UL><LI> remote_config.o(.constdata)
</UL>
<P><STRONG><a name="[c0]"></a>remote_config_create</STRONG> (Thumb, 14 bytes, Stack size 0 bytes, remote_config.o(.text))
<BR>[Address Reference Count : 1]<UL><LI> remote_config.o(.constdata)
</UL>
<P><STRONG><a name="[c1]"></a>remote_config_cleanup</STRONG> (Thumb, 14 bytes, Stack size 0 bytes, remote_config.o(.text))
<BR>[Address Reference Count : 1]<UL><LI> remote_config.o(.constdata)
</UL>
<P><STRONG><a name="[c8]"></a>remote_config_gattc_att_info_req_ind_handler</STRONG> (Thumb, 34 bytes, Stack size 8 bytes, remote_config_task.o(.text))
<BR><BR>[Stack]<UL><LI>Max Depth = 8<LI>Call Chain = remote_config_gattc_att_info_req_ind_handler
</UL>
<BR>[Calls]<UL><LI><a href="#[17b]">&gt;&gt;</a>&nbsp;&nbsp;&nbsp;ke_msg_send
<LI><a href="#[17a]">&gt;&gt;</a>&nbsp;&nbsp;&nbsp;ke_msg_alloc
</UL>
<BR>[Address Reference Count : 1]<UL><LI> remote_config_task.o(.constdata)
</UL>
<P><STRONG><a name="[c2]"></a>remote_config_gattc_write_req_ind_handler</STRONG> (Thumb, 324 bytes, Stack size 48 bytes, remote_config_task.o(.text))
<BR><BR>[Stack]<UL><LI>Max Depth = 72<LI>Call Chain = remote_config_gattc_write_req_ind_handler &rArr; remote_config_get_att_idx &rArr; prf_env_get
</UL>
<BR>[Calls]<UL><LI><a href="#[fa]">&gt;&gt;</a>&nbsp;&nbsp;&nbsp;__aeabi_memcpy
<LI><a href="#[17b]">&gt;&gt;</a>&nbsp;&nbsp;&nbsp;ke_msg_send
<LI><a href="#[17a]">&gt;&gt;</a>&nbsp;&nbsp;&nbsp;ke_msg_alloc
<LI><a href="#[17e]">&gt;&gt;</a>&nbsp;&nbsp;&nbsp;gapc_get_conhdl
<LI><a href="#[17d]">&gt;&gt;</a>&nbsp;&nbsp;&nbsp;prf_dst_task_get
<LI><a href="#[179]">&gt;&gt;</a>&nbsp;&nbsp;&nbsp;prf_env_get
<LI><a href="#[1f0]">&gt;&gt;</a>&nbsp;&nbsp;&nbsp;handle_ntf_change
<LI><a href="#[1ef]">&gt;&gt;</a>&nbsp;&nbsp;&nbsp;remote_config_get_att_idx
<LI><a href="#[1cd]">&gt;&gt;</a>&nbsp;&nbsp;&nbsp;__ARM_common_switch8
</UL>
<BR>[Address Reference Count : 1]<UL><LI> remote_config_task.o(.constdata)
</UL>
<P><STRONG><a name="[c3]"></a>remote_config_gattc_read_req_ind_handler</STRONG> (Thumb, 144 bytes, Stack size 48 bytes, remote_config_task.o(.text))
<BR><BR>[Stack]<UL><LI>Max Depth = 72<LI>Call Chain = remote_config_gattc_read_req_ind_handler &rArr; remote_config_get_att_idx &rArr; prf_env_get
</UL>
<BR>[Calls]<UL><LI><a href="#[17b]">&gt;&gt;</a>&nbsp;&nbsp;&nbsp;ke_msg_send
<LI><a href="#[17a]">&gt;&gt;</a>&nbsp;&nbsp;&nbsp;ke_msg_alloc
<LI><a href="#[179]">&gt;&gt;</a>&nbsp;&nbsp;&nbsp;prf_env_get
<LI><a href="#[1ef]">&gt;&gt;</a>&nbsp;&nbsp;&nbsp;remote_config_get_att_idx
</UL>
<BR>[Address Reference Count : 1]<UL><LI> remote_config_task.o(.constdata)
</UL>
<P><STRONG><a name="[c4]"></a>remote_config_enable_req_handler</STRONG> (Thumb, 64 bytes, Stack size 16 bytes, remote_config_task.o(.text))
<BR><BR>[Stack]<UL><LI>Max Depth = 24<LI>Call Chain = remote_config_enable_req_handler &rArr; prf_env_get
</UL>
<BR>[Calls]<UL><LI><a href="#[17b]">&gt;&gt;</a>&nbsp;&nbsp;&nbsp;ke_msg_send
<LI><a href="#[17a]">&gt;&gt;</a>&nbsp;&nbsp;&nbsp;ke_msg_alloc
<LI><a href="#[179]">&gt;&gt;</a>&nbsp;&nbsp;&nbsp;prf_env_get
<LI><a href="#[1f1]">&gt;&gt;</a>&nbsp;&nbsp;&nbsp;gapc_get_conidx
</UL>
<BR>[Address Reference Count : 1]<UL><LI> remote_config_task.o(.constdata)
</UL>
<P><STRONG><a name="[c5]"></a>remote_discover_rsp_cmd_handler</STRONG> (Thumb, 134 bytes, Stack size 152 bytes, remote_config_task.o(.text))
<BR><BR>[Stack]<UL><LI>Max Depth = 160<LI>Call Chain = remote_discover_rsp_cmd_handler &rArr; prf_env_get
</UL>
<BR>[Calls]<UL><LI><a href="#[fa]">&gt;&gt;</a>&nbsp;&nbsp;&nbsp;__aeabi_memcpy
<LI><a href="#[17b]">&gt;&gt;</a>&nbsp;&nbsp;&nbsp;ke_msg_send
<LI><a href="#[17a]">&gt;&gt;</a>&nbsp;&nbsp;&nbsp;ke_msg_alloc
<LI><a href="#[17e]">&gt;&gt;</a>&nbsp;&nbsp;&nbsp;gapc_get_conhdl
<LI><a href="#[179]">&gt;&gt;</a>&nbsp;&nbsp;&nbsp;prf_env_get
</UL>
<BR>[Address Reference Count : 1]<UL><LI> remote_config_task.o(.constdata)
</UL>
<P><STRONG><a name="[c6]"></a>remote_write_rsp_cmd_handler</STRONG> (Thumb, 108 bytes, Stack size 24 bytes, remote_config_task.o(.text))
<BR><BR>[Stack]<UL><LI>Max Depth = 32<LI>Call Chain = remote_write_rsp_cmd_handler &rArr; prf_env_get
</UL>
<BR>[Calls]<UL><LI><a href="#[fa]">&gt;&gt;</a>&nbsp;&nbsp;&nbsp;__aeabi_memcpy
<LI><a href="#[17b]">&gt;&gt;</a>&nbsp;&nbsp;&nbsp;ke_msg_send
<LI><a href="#[17a]">&gt;&gt;</a>&nbsp;&nbsp;&nbsp;ke_msg_alloc
<LI><a href="#[17e]">&gt;&gt;</a>&nbsp;&nbsp;&nbsp;gapc_get_conhdl
<LI><a href="#[179]">&gt;&gt;</a>&nbsp;&nbsp;&nbsp;prf_env_get
</UL>
<BR>[Address Reference Count : 1]<UL><LI> remote_config_task.o(.constdata)
</UL>
<P><STRONG><a name="[c7]"></a>remote_read_rsp_cmd_handler</STRONG> (Thumb, 262 bytes, Stack size 176 bytes, remote_config_task.o(.text))
<BR><BR>[Stack]<UL><LI>Max Depth = 184<LI>Call Chain = remote_read_rsp_cmd_handler &rArr; prf_env_get
</UL>
<BR>[Calls]<UL><LI><a href="#[fa]">&gt;&gt;</a>&nbsp;&nbsp;&nbsp;__aeabi_memcpy
<LI><a href="#[150]">&gt;&gt;</a>&nbsp;&nbsp;&nbsp;__aeabi_uidivmod
<LI><a href="#[17b]">&gt;&gt;</a>&nbsp;&nbsp;&nbsp;ke_msg_send
<LI><a href="#[17a]">&gt;&gt;</a>&nbsp;&nbsp;&nbsp;ke_msg_alloc
<LI><a href="#[180]">&gt;&gt;</a>&nbsp;&nbsp;&nbsp;gattc_get_mtu
<LI><a href="#[17e]">&gt;&gt;</a>&nbsp;&nbsp;&nbsp;gapc_get_conhdl
<LI><a href="#[179]">&gt;&gt;</a>&nbsp;&nbsp;&nbsp;prf_env_get
</UL>
<BR>[Address Reference Count : 1]<UL><LI> remote_config_task.o(.constdata)
</UL>
<P><STRONG><a name="[1f0]"></a>handle_ntf_change</STRONG> (Thumb, 32 bytes, Stack size 0 bytes, remote_config_task.o(.text))
<BR><BR>[Called By]<UL><LI><a href="#[c2]">&gt;&gt;</a>&nbsp;&nbsp;&nbsp;remote_config_gattc_write_req_ind_handler
</UL>

<P><STRONG><a name="[c9]"></a>user_remote_discover_val_ind_handler</STRONG> (Thumb, 214 bytes, Stack size 56 bytes, user_remote_config_task.o(.text))
<BR><BR>[Stack]<UL><LI>Max Depth = 64<LI>Call Chain = user_remote_discover_val_ind_handler &rArr; prf_env_get
</UL>
<BR>[Calls]<UL><LI><a href="#[fa]">&gt;&gt;</a>&nbsp;&nbsp;&nbsp;__aeabi_memcpy
<LI><a href="#[17b]">&gt;&gt;</a>&nbsp;&nbsp;&nbsp;ke_msg_send
<LI><a href="#[17a]">&gt;&gt;</a>&nbsp;&nbsp;&nbsp;ke_msg_alloc
<LI><a href="#[180]">&gt;&gt;</a>&nbsp;&nbsp;&nbsp;gattc_get_mtu
<LI><a href="#[179]">&gt;&gt;</a>&nbsp;&nbsp;&nbsp;prf_env_get
<LI><a href="#[e2]">&gt;&gt;</a>&nbsp;&nbsp;&nbsp;ke_malloc
<LI><a href="#[e1]">&gt;&gt;</a>&nbsp;&nbsp;&nbsp;ke_free
<LI><a href="#[1bb]">&gt;&gt;</a>&nbsp;&nbsp;&nbsp;prf_get_task_from_id
</UL>
<BR>[Address Reference Count : 1]<UL><LI> user_remote_config_task.o(.constdata)
</UL>
<P><STRONG><a name="[ca]"></a>user_remote_write_request_ind_handler</STRONG> (Thumb, 316 bytes, Stack size 40 bytes, user_remote_config_task.o(.text))
<BR><BR>[Stack]<UL><LI>Max Depth = 40<LI>Call Chain = user_remote_write_request_ind_handler
</UL>
<BR>[Calls]<UL><LI><a href="#[fa]">&gt;&gt;</a>&nbsp;&nbsp;&nbsp;__aeabi_memcpy
<LI><a href="#[17b]">&gt;&gt;</a>&nbsp;&nbsp;&nbsp;ke_msg_send
<LI><a href="#[17a]">&gt;&gt;</a>&nbsp;&nbsp;&nbsp;ke_msg_alloc
<LI><a href="#[1bb]">&gt;&gt;</a>&nbsp;&nbsp;&nbsp;prf_get_task_from_id
</UL>
<BR>[Address Reference Count : 1]<UL><LI> user_remote_config_task.o(.constdata)
</UL>
<P><STRONG><a name="[cb]"></a>user_remote_read_request_ind_handler</STRONG> (Thumb, 154 bytes, Stack size 24 bytes, user_remote_config_task.o(.text))
<BR><BR>[Stack]<UL><LI>Max Depth = 32<LI>Call Chain = user_remote_read_request_ind_handler &rArr; prf_env_get
</UL>
<BR>[Calls]<UL><LI><a href="#[fa]">&gt;&gt;</a>&nbsp;&nbsp;&nbsp;__aeabi_memcpy
<LI><a href="#[17b]">&gt;&gt;</a>&nbsp;&nbsp;&nbsp;ke_msg_send
<LI><a href="#[17a]">&gt;&gt;</a>&nbsp;&nbsp;&nbsp;ke_msg_alloc
<LI><a href="#[180]">&gt;&gt;</a>&nbsp;&nbsp;&nbsp;gattc_get_mtu
<LI><a href="#[179]">&gt;&gt;</a>&nbsp;&nbsp;&nbsp;prf_env_get
<LI><a href="#[1bb]">&gt;&gt;</a>&nbsp;&nbsp;&nbsp;prf_get_task_from_id
</UL>
<BR>[Address Reference Count : 1]<UL><LI> user_remote_config_task.o(.constdata)
</UL>
<P><STRONG><a name="[1f3]"></a>user_config_storage_read_ext_mem</STRONG> (Thumb, 10 bytes, Stack size 8 bytes, user_config_storage.o(.text))
<BR><BR>[Stack]<UL><LI>Max Depth = 64<LI>Call Chain = user_config_storage_read_ext_mem &rArr; spi_flash_read_data &rArr; spi_flash_is_busy &rArr; spi_flash_read_status_reg &rArr; spi_transaction &rArr; spi_cs_low
</UL>
<BR>[Calls]<UL><LI><a href="#[144]">&gt;&gt;</a>&nbsp;&nbsp;&nbsp;spi_flash_read_data
</UL>
<BR>[Called By]<UL><LI><a href="#[1f4]">&gt;&gt;</a>&nbsp;&nbsp;&nbsp;user_config_write_configuration_struct
<LI><a href="#[1f2]">&gt;&gt;</a>&nbsp;&nbsp;&nbsp;user_config_read_configuration_struct
<LI><a href="#[1dd]">&gt;&gt;</a>&nbsp;&nbsp;&nbsp;user_conf_storage_init
</UL>

<P><STRONG><a name="[2e]"></a>adv_data_update_timer_cb</STRONG> (Thumb, 34 bytes, Stack size 8 bytes, ss_interfacetoble.o(.text))
<BR><BR>[Stack]<UL><LI>Max Depth = 56<LI>Call Chain = adv_data_update_timer_cb &rArr; SS_InterfaceToBLE_SendThreeBytes &rArr; user_send_ble_data &rArr; ke_msg_alloc_no_init
</UL>
<BR>[Calls]<UL><LI><a href="#[1b8]">&gt;&gt;</a>&nbsp;&nbsp;&nbsp;app_easy_timer
<LI><a href="#[1f5]">&gt;&gt;</a>&nbsp;&nbsp;&nbsp;SS_InterfaceToBLE_SendThreeBytes
</UL>
<BR>[Called By]<UL><LI><a href="#[1ee]">&gt;&gt;</a>&nbsp;&nbsp;&nbsp;SS_InterfaceToBLE_init
</UL>
<BR>[Address Reference Count : 1]<UL><LI> ss_interfacetoble.o(.text)
</UL>
<P><STRONG><a name="[ce]"></a>PATCHED_gapm_reset_cmd_handler</STRONG> (Thumb, 78 bytes, Stack size 16 bytes, patch.o(.text))
<BR><BR>[Stack]<UL><LI>Max Depth = 16<LI>Call Chain = PATCHED_gapm_reset_cmd_handler
</UL>
<BR>[Calls]<UL><LI><a href="#[1c4]">&gt;&gt;</a>&nbsp;&nbsp;&nbsp;platform_reset
<LI><a href="#[212]">&gt;&gt;</a>&nbsp;&nbsp;&nbsp;rwble_hl_reset
<LI><a href="#[214]">&gt;&gt;</a>&nbsp;&nbsp;&nbsp;smpm_ecdh_key_create
<LI><a href="#[213]">&gt;&gt;</a>&nbsp;&nbsp;&nbsp;gapm_basic_hci_cmd_send
<LI><a href="#[211]">&gt;&gt;</a>&nbsp;&nbsp;&nbsp;gapm_send_error_evt
</UL>
<BR>[Address Reference Count : 1]<UL><LI> patch.o(.constdata)
</UL>
<P><STRONG><a name="[215]"></a>l2cc_handle_invalid_pdu</STRONG> (Thumb, 278 bytes, Stack size 40 bytes, patch.o(.text))
<BR><BR>[Stack]<UL><LI>Max Depth = 40<LI>Call Chain = l2cc_handle_invalid_pdu
</UL>
<BR>[Calls]<UL><LI><a href="#[fa]">&gt;&gt;</a>&nbsp;&nbsp;&nbsp;__aeabi_memcpy
<LI><a href="#[17b]">&gt;&gt;</a>&nbsp;&nbsp;&nbsp;ke_msg_send
<LI><a href="#[17a]">&gt;&gt;</a>&nbsp;&nbsp;&nbsp;ke_msg_alloc
<LI><a href="#[e2]">&gt;&gt;</a>&nbsp;&nbsp;&nbsp;ke_malloc
<LI><a href="#[e1]">&gt;&gt;</a>&nbsp;&nbsp;&nbsp;ke_free
<LI><a href="#[20f]">&gt;&gt;</a>&nbsp;&nbsp;&nbsp;ke_msg_free
<LI><a href="#[216]">&gt;&gt;</a>&nbsp;&nbsp;&nbsp;l2cc_detect_dest
<LI><a href="#[217]">&gt;&gt;</a>&nbsp;&nbsp;&nbsp;gapc_search_lecb_channel
</UL>
<BR>[Called By]<UL><LI><a href="#[cd]">&gt;&gt;</a>&nbsp;&nbsp;&nbsp;PATCHED_hci_acl_data_rx_handler
</UL>

<P><STRONG><a name="[cd]"></a>PATCHED_hci_acl_data_rx_handler</STRONG> (Thumb, 690 bytes, Stack size 64 bytes, patch.o(.text))
<BR><BR>[Stack]<UL><LI>Max Depth = 104<LI>Call Chain = PATCHED_hci_acl_data_rx_handler &rArr; l2cc_handle_invalid_pdu
</UL>
<BR>[Calls]<UL><LI><a href="#[fa]">&gt;&gt;</a>&nbsp;&nbsp;&nbsp;__aeabi_memcpy
<LI><a href="#[17c]">&gt;&gt;</a>&nbsp;&nbsp;&nbsp;ke_state_get
<LI><a href="#[17b]">&gt;&gt;</a>&nbsp;&nbsp;&nbsp;ke_msg_send
<LI><a href="#[17a]">&gt;&gt;</a>&nbsp;&nbsp;&nbsp;ke_msg_alloc
<LI><a href="#[e2]">&gt;&gt;</a>&nbsp;&nbsp;&nbsp;ke_malloc
<LI><a href="#[e1]">&gt;&gt;</a>&nbsp;&nbsp;&nbsp;ke_free
<LI><a href="#[188]">&gt;&gt;</a>&nbsp;&nbsp;&nbsp;co_list_push_back
<LI><a href="#[1f8]">&gt;&gt;</a>&nbsp;&nbsp;&nbsp;gattm_get_max_mtu
<LI><a href="#[200]">&gt;&gt;</a>&nbsp;&nbsp;&nbsp;co_buf_rx_buffer_get
<LI><a href="#[21c]">&gt;&gt;</a>&nbsp;&nbsp;&nbsp;co_buf_rx_free
<LI><a href="#[219]">&gt;&gt;</a>&nbsp;&nbsp;&nbsp;l2c_process_sdu
<LI><a href="#[21b]">&gt;&gt;</a>&nbsp;&nbsp;&nbsp;l2c_send_lecb_message
<LI><a href="#[218]">&gt;&gt;</a>&nbsp;&nbsp;&nbsp;l2cc_pdu_unpack
<LI><a href="#[215]">&gt;&gt;</a>&nbsp;&nbsp;&nbsp;l2cc_handle_invalid_pdu
<LI><a href="#[20f]">&gt;&gt;</a>&nbsp;&nbsp;&nbsp;ke_msg_free
<LI><a href="#[21a]">&gt;&gt;</a>&nbsp;&nbsp;&nbsp;ke_msg_forward
<LI><a href="#[216]">&gt;&gt;</a>&nbsp;&nbsp;&nbsp;l2cc_detect_dest
<LI><a href="#[217]">&gt;&gt;</a>&nbsp;&nbsp;&nbsp;gapc_search_lecb_channel
</UL>
<BR>[Address Reference Count : 1]<UL><LI> patch.o(.constdata)
</UL>
<P><STRONG><a name="[224]"></a>modulationGainCalibration_580</STRONG> (Thumb, 222 bytes, Stack size 48 bytes, rf_calibration.o(.text), UNUSED)
<BR><BR>[Calls]<UL><LI><a href="#[225]">&gt;&gt;</a>&nbsp;&nbsp;&nbsp;set_rf_cal_cap
</UL>
<BR>[Called By]<UL><LI><a href="#[227]">&gt;&gt;</a>&nbsp;&nbsp;&nbsp;rf_calibration_580
</UL>
<P>
<H3>
Undefined Global Symbols
</H3>
<P><STRONG><a name="[114]"></a>reset_indication</STRONG> (ARM, 0 bytes, Stack size 0 bytes, UNDEFINED)
<BR><BR>[Called By]<UL><LI><a href="#[fe]">&gt;&gt;</a>&nbsp;&nbsp;&nbsp;system_init
</UL>
<HR></body></html>
